Archive member included to satisfy reference by file (symbol)

C:/devkitPro/libnx/lib\libnx.a(applet.o)
                              main.o (appletMainLoop)
C:/devkitPro/libnx/lib\libnx.a(hid.o)
                              main.o (hidKeysHeld)
C:/devkitPro/libnx/lib\libnx.a(pcv.o)
                              main.o (pcvSetClockRate)
C:/devkitPro/libnx/lib\libnx.a(apm.o)
                              C:/devkitPro/libnx/lib\libnx.a(applet.o) (apmExit)
C:/devkitPro/libnx/lib\libnx.a(sm.o)
                              C:/devkitPro/libnx/lib\libnx.a(applet.o) (smGetService)
C:/devkitPro/libnx/lib\libnx.a(fatal.o)
                              C:/devkitPro/libnx/lib\libnx.a(applet.o) (fatalSimple)
C:/devkitPro/libnx/lib\libnx.a(env.o)
                              C:/devkitPro/libnx/lib\libnx.a(applet.o) (envIsNso)
C:/devkitPro/libnx/lib\libnx.a(socket.o)
                              main.o (socketGetDefaultInitConfig)
C:/devkitPro/libnx/lib\libnx.a(console.o)
                              main.o (consoleInit)
C:/devkitPro/libnx/lib\libnx.a(console_sw.o)
                              C:/devkitPro/libnx/lib\libnx.a(console.o) (getDefaultConsoleRenderer)
C:/devkitPro/libnx/lib\libnx.a(convert_errno.o)
                              C:/devkitPro/libnx/lib\libnx.a(socket.o) (_convert_errno)
C:/devkitPro/libnx/lib\libnx.a(svc.o)
                              C:/devkitPro/libnx/lib\libnx.a(applet.o) (svcExitProcess)
C:/devkitPro/libnx/lib\libnx.a(readtp.o)
                              C:/devkitPro/libnx/lib\libnx.a(socket.o) (__aarch64_read_tp)
C:/devkitPro/libnx/lib\libnx.a(switch_crt0.o)
                              (_start)
C:/devkitPro/libnx/lib\libnx.a(default_font.bin.o)
                              C:/devkitPro/libnx/lib\libnx.a(console.o) (default_font_bin)
C:/devkitPro/libnx/lib\libnx.a(detect.o)
                              C:/devkitPro/libnx/lib\libnx.a(applet.o) (kernelAbove200)
C:/devkitPro/libnx/lib\libnx.a(tmem.o)
                              C:/devkitPro/libnx/lib\libnx.a(applet.o) (tmemCreate)
C:/devkitPro/libnx/lib\libnx.a(wait.o)
                              C:/devkitPro/libnx/lib\libnx.a(applet.o) (waitObjects)
C:/devkitPro/libnx/lib\libnx.a(rwlock.o)
                              C:/devkitPro/libnx/lib\libnx.a(hid.o) (rwlockReadLock)
C:/devkitPro/libnx/lib\libnx.a(mutex.o)
                              C:/devkitPro/libnx/lib\libnx.a(detect.o) (mutexLock)
C:/devkitPro/libnx/lib\libnx.a(shmem.o)
                              C:/devkitPro/libnx/lib\libnx.a(hid.o) (shmemLoadRemote)
C:/devkitPro/libnx/lib\libnx.a(virtmem.o)
                              C:/devkitPro/libnx/lib\libnx.a(tmem.o) (virtmemReserve)
C:/devkitPro/libnx/lib\libnx.a(event.o)
                              C:/devkitPro/libnx/lib\libnx.a(applet.o) (eventLoadRemote)
C:/devkitPro/libnx/lib\libnx.a(sfdnsres.o)
                              C:/devkitPro/libnx/lib\libnx.a(socket.o) (sfdnsresGetHostByName)
C:/devkitPro/libnx/lib\libnx.a(bsd.o)
                              C:/devkitPro/libnx/lib\libnx.a(socket.o) (g_bsdResult)
C:/devkitPro/libnx/lib\libnx.a(nifm.o)
                              C:/devkitPro/libnx/lib\libnx.a(socket.o) (nifmExit)
C:/devkitPro/libnx/lib\libnx.a(default_window.o)
                              C:/devkitPro/libnx/lib\libnx.a(console_sw.o) (nwindowGetDefault)
C:/devkitPro/libnx/lib\libnx.a(framebuffer.o)
                              C:/devkitPro/libnx/lib\libnx.a(console_sw.o) (framebufferMakeLinear)
C:/devkitPro/libnx/lib\libnx.a(native_window.o)
                              C:/devkitPro/libnx/lib\libnx.a(framebuffer.o) (nwindowIsValid)
C:/devkitPro/libnx/lib\libnx.a(dynamic.o)
                              C:/devkitPro/libnx/lib\libnx.a(switch_crt0.o) (__nx_dynamic)
C:/devkitPro/libnx/lib\libnx.a(init.o)
                              C:/devkitPro/libnx/lib\libnx.a(switch_crt0.o) (__libnx_init)
C:/devkitPro/libnx/lib\libnx.a(newlib.o)
                              C:/devkitPro/libnx/lib\libnx.a(init.o) (__libnx_init_time)
C:/devkitPro/libnx/lib\libnx.a(argv.o)
                              C:/devkitPro/libnx/lib\libnx.a(init.o) (argvSetup)
C:/devkitPro/libnx/lib\libnx.a(fs_dev.o)
                              C:/devkitPro/libnx/lib\libnx.a(init.o) (fsdevMountSdmc)
C:/devkitPro/libnx/lib\libnx.a(decode_utf8.o)
                              C:/devkitPro/libnx/lib\libnx.a(fs_dev.o) (decode_utf8)
C:/devkitPro/libnx/lib\libnx.a(cache.o)
                              C:/devkitPro/libnx/lib\libnx.a(framebuffer.o) (armDCacheFlush)
C:/devkitPro/libnx/lib\libnx.a(exception.o)
                              C:/devkitPro/libnx/lib\libnx.a(switch_crt0.o) (__libnx_exception_entry)
C:/devkitPro/libnx/lib\libnx.a(time.o)
                              C:/devkitPro/libnx/lib\libnx.a(init.o) (timeExit)
C:/devkitPro/libnx/lib\libnx.a(vi.o)
                              C:/devkitPro/libnx/lib\libnx.a(default_window.o) (viExit)
[...]
Memory Configuration

Name             Origin             Length             Attributes
*default*        0x0000000000000000 0xffffffffffffffff

Linker script and memory map

                0x0000000000000000                PROVIDE (__start__ = 0x0)
                0x0000000000000000                . = __start__

.crt0           0x0000000000000000      0x150
 *(.crt0)
 .crt0          0x0000000000000000      0x14c C:/devkitPro/libnx/lib\libnx.a(switch_crt0.o)
                0x0000000000000000                _start
                0x0000000000000120                __nx_exit
                0x0000000000000130                __nx_mod0
                0x0000000000000150                . = ALIGN (0x8)
 *fill*         0x000000000000014c        0x4 

.init           0x0000000000000150       0x38
 *(.init)
 .init          0x0000000000000150       0x18 c:/devkitpro/devkita64/bin/../lib/gcc/aarch64-none-elf/8.2.0/pic/crti.o
                0x0000000000000150                _init
 .init          0x0000000000000168       0x1c c:/devkitpro/devkita64/bin/../lib/gcc/aarch64-none-elf/8.2.0/pic/crtn.o
                0x0000000000000188                . = ALIGN (0x8)
 *fill*         0x0000000000000184        0x4 

.plt            0x0000000000000188        0x0
 *(.plt)
 .plt           0x0000000000000188        0x0 c:/devkitpro/devkita64/bin/../lib/gcc/aarch64-none-elf/8.2.0/pic/crti.o
 *(.iplt)
                0x0000000000000188                . = ALIGN (0x8)

.text           0x00000000000001c0    0x2ab70
 *(.text.unlikely .text.*_unlikely .text.unlikely.*)
 *(.text.exit .text.exit.*)
 .text.exit     0x00000000000001c0       0x38 c:/devkitpro/devkita64/bin/../lib/gcc/aarch64-none-elf/8.2.0/../../../../aarch64-none-elf/lib/pic\libg.a(lib_a-exit.o)
                0x00000000000001c0                exit
 *(.text.startup .text.startup.*)
 *fill*         0x00000000000001f8        0x8 
 .text.startup.main
                0x0000000000000200      0x938 main.o
                0x0000000000000200                main
 *(.text.hot .text.hot.*)
 *(.text .stub .text.* .gnu.linkonce.t.*)
 .text.deregister_tm_clones
                0x0000000000000b38       0x2c c:/devkitpro/devkita64/bin/../lib/gcc/aarch64-none-elf/8.2.0/pic/crtbegin.o
 *fill*         0x0000000000000b64        0x4 
 .text.register_tm_clones
                0x0000000000000b68       0x38 c:/devkitpro/devkita64/bin/../lib/gcc/aarch64-none-elf/8.2.0/pic/crtbegin.o
 .text.__do_global_dtors_aux
                0x0000000000000ba0       0x48 c:/devkitpro/devkita64/bin/../lib/gcc/aarch64-none-elf/8.2.0/pic/crtbegin.o
 .text.frame_dummy
                0x0000000000000be8       0x34 c:/devkitpro/devkita64/bin/../lib/gcc/aarch64-none-elf/8.2.0/pic/crtbegin.o
 *fill*         0x0000000000000c1c        0x4 
 .text.broadcast
                0x0000000000000c20      0x1d0 main.o
                0x0000000000000c20                broadcast
 .text.ipcParse
                0x0000000000000df0      0x22c C:/devkitPro/libnx/lib\libnx.a(applet.o)
 *fill*         0x000000000000101c        0x4 
 .text.ipcCloseObjectById
                0x0000000000001020       0x34 C:/devkitPro/libnx/lib\libnx.a(applet.o)
 *fill*         0x0000000000001054        0xc 
 .text._appletGetSession
                0x0000000000001060      0x1d8 C:/devkitPro/libnx/lib\libnx.a(applet.o)
 *fill*         0x0000000000001238        0x8 
 .text._appletReceiveMessage
                0x0000000000001240      0x19c C:/devkitPro/libnx/lib\libnx.a(applet.o)
 *fill*         0x00000000000013dc        0x4 
 .text._appletGetPerformanceMode.constprop.35
                0x00000000000013e0      0x18c C:/devkitPro/libnx/lib\libnx.a(applet.o)
 *fill*         0x000000000000156c        0x4 
 .text._appletSetOperationModeChangedNotification.constprop.37
                0x0000000000001570      0x164 C:/devkitPro/libnx/lib\libnx.a(applet.o)
 *fill*         0x00000000000016d4        0xc 
 .text._appletSetPerformanceModeChangedNotification.constprop.38
                0x00000000000016e0      0x164 C:/devkitPro/libnx/lib\libnx.a(applet.o)
 *fill*         0x0000000000001844        0xc 
 .text._appletSetOutOfFocusSuspendingEnabled
                0x0000000000001850      0x16c C:/devkitPro/libnx/lib\libnx.a(applet.o)
 *fill*         0x00000000000019bc        0x4 
 .text._appletGetHandle.constprop.33
                0x00000000000019c0      0x178 C:/devkitPro/libnx/lib\libnx.a(applet.o)
 *fill*         0x0000000000001b38        0x8 
 .text._appletGetEvent.constprop.32
                0x0000000000001b40       0x54 C:/devkitPro/libnx/lib\libnx.a(applet.o)
 *fill*         0x0000000000001b94        0xc 
 .text._appletSetFocusHandlingMode
                0x0000000000001ba0      0x17c C:/devkitPro/libnx/lib\libnx.a(applet.o)
 *fill*         0x0000000000001d1c        0x4 
 .text._appletGetSessionProxy.constprop.31
                0x0000000000001d20      0x1f0 C:/devkitPro/libnx/lib\libnx.a(applet.o)
 .text.ipcConvertSessionToDomain
                0x0000000000001f10       0xc4 C:/devkitPro/libnx/lib\libnx.a(applet.o)
 *fill*         0x0000000000001fd4        0xc 
 .text.ipcCloneSession.constprop.42
                0x0000000000001fe0      0x10c C:/devkitPro/libnx/lib\libnx.a(applet.o)
 *fill*         0x00000000000020ec        0x4 
 .text._appletCmdNoIO
                0x00000000000020f0      0x384 C:/devkitPro/libnx/lib\libnx.a(applet.o)
 *fill*         0x0000000000002474        0xc 
 .text._appletCmdNoInOut64
                0x0000000000002480      0x394 C:/devkitPro/libnx/lib\libnx.a(applet.o)
 *fill*         0x0000000000002814        0xc 
 .text._appletGetCurrentFocusState.constprop.36
                0x0000000000002820      0x3ac C:/devkitPro/libnx/lib\libnx.a(applet.o)
 *fill*         0x0000000000002bcc        0x4 
 .text._appletGetOperationMode.constprop.34
                0x0000000000002bd0      0x3ac C:/devkitPro/libnx/lib\libnx.a(applet.o)
 *fill*         0x0000000000002f7c        0x4 
 .text.appletGetAppletType
                0x0000000000002f80       0x10 C:/devkitPro/libnx/lib\libnx.a(applet.o)
                0x0000000000002f80                appletGetAppletType
 .text.appletSetFocusHandlingMode
                0x0000000000002f90       0xec C:/devkitPro/libnx/lib\libnx.a(applet.o)
                0x0000000000002f90                appletSetFocusHandlingMode
 *fill*         0x000000000000307c        0x4 
 .text.appletGetAppletResourceUserId
                0x0000000000003080       0x28 C:/devkitPro/libnx/lib\libnx.a(applet.o)
                0x0000000000003080                appletGetAppletResourceUserId
 *fill*         0x00000000000030a8        0x8 
 .text.appletNotifyRunning
                0x00000000000030b0      0x1b0 C:/devkitPro/libnx/lib\libnx.a(applet.o)
                0x00000000000030b0                appletNotifyRunning
 .text.appletSetGamePlayRecordingState
                0x0000000000003260      0x1a8 C:/devkitPro/libnx/lib\libnx.a(applet.o)
                0x0000000000003260                appletSetGamePlayRecordingState
 *fill*         0x0000000000003408        0x8 
 .text.appletExit
                0x0000000000003410      0x69c C:/devkitPro/libnx/lib\libnx.a(applet.o)
                0x0000000000003410                appletExit
 *fill*         0x0000000000003aac        0x4 
 .text.appletInitialize
                0x0000000000003ab0      0x4f0 C:/devkitPro/libnx/lib\libnx.a(applet.o)
                0x0000000000003ab0                appletInitialize
 .text._appletExitProcess
                0x0000000000003fa0       0x10 C:/devkitPro/libnx/lib\libnx.a(applet.o)
 .text.appletCreateManagedDisplayLayer
                0x0000000000003fb0       0x14 C:/devkitPro/libnx/lib\libnx.a(applet.o)
                0x0000000000003fb0                appletCreateManagedDisplayLayer
 *fill*         0x0000000000003fc4        0xc 
 .text.appletMainLoop
                0x0000000000003fd0      0x17c C:/devkitPro/libnx/lib\libnx.a(applet.o)
                0x0000000000003fd0                appletMainLoop
 *fill*         0x000000000000414c        0x4 
 .text.ipcCloseObjectById
                0x0000000000004150       0x34 C:/devkitPro/libnx/lib\libnx.a(hid.o)
 *fill*         0x0000000000004184        0xc 
 .text._hidGetSharedMemoryHandle.constprop.10
                0x0000000000004190      0x124 C:/devkitPro/libnx/lib\libnx.a(hid.o)
 *fill*         0x00000000000042b4        0xc 
 .text._hidCreateAppletResource.constprop.9
                0x00000000000042c0      0x134 C:/devkitPro/libnx/lib\libnx.a(hid.o)
 *fill*         0x00000000000043f4        0xc 
 .text._hidCmdWithNoInput
                0x0000000000004400      0x100 C:/devkitPro/libnx/lib\libnx.a(hid.o)
 .text._hidCmdWithInputU32
                0x0000000000004500      0x10c C:/devkitPro/libnx/lib\libnx.a(hid.o)
 *fill*         0x000000000000460c        0x4 
 .text._hidCmdWithInputU64.constprop.11
                0x0000000000004610      0x108 C:/devkitPro/libnx/lib\libnx.a(hid.o)
 *fill*         0x0000000000004718        0x8 
 .text.hidReset
                0x0000000000004720      0x1d0 C:/devkitPro/libnx/lib\libnx.a(hid.o)
                0x0000000000004720                hidReset
 .text.hidGetSharedmemAddr
                0x00000000000048f0        0xc C:/devkitPro/libnx/lib\libnx.a(hid.o)
                0x00000000000048f0                hidGetSharedmemAddr
 *fill*         0x00000000000048fc        0x4 
 .text.hidKeysHeld
                0x0000000000004900       0x6c C:/devkitPro/libnx/lib\libnx.a(hid.o)
                0x0000000000004900                hidKeysHeld
 *fill*         0x000000000000496c        0x4 
 .text.hidKeysDown
                0x0000000000004970       0x6c C:/devkitPro/libnx/lib\libnx.a(hid.o)
                0x0000000000004970                hidKeysDown
 *fill*         0x00000000000049dc        0x4 
 .text.hidTouchCount
                0x00000000000049e0        0xc C:/devkitPro/libnx/lib\libnx.a(hid.o)
                0x00000000000049e0                hidTouchCount
 *fill*         0x00000000000049ec        0x4 
 .text.hidScanInput
                0x00000000000049f0      0x560 C:/devkitPro/libnx/lib\libnx.a(hid.o)
                0x00000000000049f0                hidScanInput
 .text.hidJoystickRead
                0x0000000000004f50       0xac C:/devkitPro/libnx/lib\libnx.a(hid.o)
                0x0000000000004f50                hidJoystickRead
 *fill*         0x0000000000004ffc        0x4 
 .text.hidSetSupportedNpadIdType
                0x0000000000005000      0x198 C:/devkitPro/libnx/lib\libnx.a(hid.o)
                0x0000000000005000                hidSetSupportedNpadIdType
 *fill*         0x0000000000005198        0x8 
 .text.hidSetSupportedNpadStyleSet
                0x00000000000051a0        0xc C:/devkitPro/libnx/lib\libnx.a(hid.o)
                0x00000000000051a0                hidSetSupportedNpadStyleSet
 *fill*         0x00000000000051ac        0x4 
 .text.hidSetNpadJoyHoldType
                0x00000000000051b0        0x8 C:/devkitPro/libnx/lib\libnx.a(hid.o)
                0x00000000000051b0                hidSetNpadJoyHoldType
 *fill*         0x00000000000051b8        0x8 
 .text.hidSetNpadJoyAssignmentModeDual
                0x00000000000051c0        0xc C:/devkitPro/libnx/lib\libnx.a(hid.o)
                0x00000000000051c0                hidSetNpadJoyAssignmentModeDual
 *fill*         0x00000000000051cc        0x4 
 .text.hidExit  0x00000000000051d0      0x12c C:/devkitPro/libnx/lib\libnx.a(hid.o)
                0x00000000000051d0                hidExit
 *fill*         0x00000000000052fc        0x4 
 .text.hidInitialize
                0x0000000000005300      0x168 C:/devkitPro/libnx/lib\libnx.a(hid.o)
                0x0000000000005300                hidInitialize
 *fill*         0x0000000000005468        0x8 
 .text.pcvSetClockRate
                0x0000000000005470      0x1a0 C:/devkitPro/libnx/lib\libnx.a(pcv.o)
                0x0000000000005470                pcvSetClockRate
 .text.ipcCloseObjectById
                0x0000000000005610       0x34 C:/devkitPro/libnx/lib\libnx.a(apm.o)
 *fill*         0x0000000000005644        0xc 
 .text._apmGetSession.constprop.4
                0x0000000000005650      0x124 C:/devkitPro/libnx/lib\libnx.a(apm.o)
 *fill*         0x0000000000005774        0xc 
 .text.apmExit  0x0000000000005780       0xf0 C:/devkitPro/libnx/lib\libnx.a(apm.o)
                0x0000000000005780                apmExit
 .text.apmInitialize
                0x0000000000005870       0x8c C:/devkitPro/libnx/lib\libnx.a(apm.o)
                0x0000000000005870                apmInitialize
 *fill*         0x00000000000058fc        0x4 
 .text.apmSetPerformanceConfiguration
                0x0000000000005900       0xcc C:/devkitPro/libnx/lib\libnx.a(apm.o)
                0x0000000000005900                apmSetPerformanceConfiguration
 *fill*         0x00000000000059cc        0x4 
 .text.smAddOverrideHandle
                0x00000000000059d0       0x44 C:/devkitPro/libnx/lib\libnx.a(sm.o)
                0x00000000000059d0                smAddOverrideHandle
 *fill*         0x0000000000005a14        0xc 
 .text.smGetServiceOverride
                0x0000000000005a20       0x60 C:/devkitPro/libnx/lib\libnx.a(sm.o)
                0x0000000000005a20                smGetServiceOverride
 .text.smHasInitialized
                0x0000000000005a80       0x14 C:/devkitPro/libnx/lib\libnx.a(sm.o)
                0x0000000000005a80                smHasInitialized
 *fill*         0x0000000000005a94        0xc 
 .text.smExit   0x0000000000005aa0       0x5c C:/devkitPro/libnx/lib\libnx.a(sm.o)
                0x0000000000005aa0                smExit
 *fill*         0x0000000000005afc        0x4 
 .text.smEncodeName
                0x0000000000005b00       0x38 C:/devkitPro/libnx/lib\libnx.a(sm.o)
                0x0000000000005b00                smEncodeName
 *fill*         0x0000000000005b38        0x8 
 .text.smGetServiceOriginal
                0x0000000000005b40      0x12c C:/devkitPro/libnx/lib\libnx.a(sm.o)
                0x0000000000005b40                smGetServiceOriginal
 *fill*         0x0000000000005c6c        0x4 
 .text.smInitialize
                0x0000000000005c70      0x158 C:/devkitPro/libnx/lib\libnx.a(sm.o)
                0x0000000000005c70                smInitialize
 *fill*         0x0000000000005dc8        0x8 
 .text.smGetService
                0x0000000000005dd0       0x74 C:/devkitPro/libnx/lib\libnx.a(sm.o)
                0x0000000000005dd0                smGetService
 *fill*         0x0000000000005e44        0xc 
 .text._fatalImpl
                0x0000000000005e50      0x140 C:/devkitPro/libnx/lib\libnx.a(fatal.o)
 .text.fatalWithType
                0x0000000000005f90       0x14 C:/devkitPro/libnx/lib\libnx.a(fatal.o)
                0x0000000000005f90                fatalWithType
 *fill*         0x0000000000005fa4        0xc 
 .text.fatalSimple
                0x0000000000005fb0       0x14 C:/devkitPro/libnx/lib\libnx.a(fatal.o)
                0x0000000000005fb0                fatalSimple
 *fill*         0x0000000000005fc4        0xc 
 .text.envSetup
                0x0000000000005fd0      0x208 C:/devkitPro/libnx/lib\libnx.a(env.o)
                0x0000000000005fd0                envSetup
 *fill*         0x00000000000061d8        0x8 
 .text.envGetMainThreadHandle
                0x00000000000061e0       0x20 C:/devkitPro/libnx/lib\libnx.a(env.o)
                0x00000000000061e0                envGetMainThreadHandle
 .text.envIsNso
                0x0000000000006200        0xc C:/devkitPro/libnx/lib\libnx.a(env.o)
                0x0000000000006200                envIsNso
 *fill*         0x000000000000620c        0x4 
 .text.envHasHeapOverride
                0x0000000000006210       0x14 C:/devkitPro/libnx/lib\libnx.a(env.o)
                0x0000000000006210                envHasHeapOverride
 *fill*         0x0000000000006224        0xc 
 .text.envGetHeapOverrideAddr
                0x0000000000006230        0xc C:/devkitPro/libnx/lib\libnx.a(env.o)
                0x0000000000006230                envGetHeapOverrideAddr
 *fill*         0x000000000000623c        0x4 
 .text.envGetHeapOverrideSize
                0x0000000000006240        0xc C:/devkitPro/libnx/lib\libnx.a(env.o)
                0x0000000000006240                envGetHeapOverrideSize
 *fill*         0x000000000000624c        0x4 
 .text.envHasArgv
                0x0000000000006250       0x14 C:/devkitPro/libnx/lib\libnx.a(env.o)
                0x0000000000006250                envHasArgv
 *fill*         0x0000000000006264        0xc 
 .text.envGetArgv
                0x0000000000006270        0xc C:/devkitPro/libnx/lib\libnx.a(env.o)
                0x0000000000006270                envGetArgv
 *fill*         0x000000000000627c        0x4 
 .text.envGetExitFuncPtr
                0x0000000000006280        0xc C:/devkitPro/libnx/lib\libnx.a(env.o)
                0x0000000000006280                envGetExitFuncPtr
 *fill*         0x000000000000628c        0x4 
 .text.envSetExitFuncPtr
                0x0000000000006290        0xc C:/devkitPro/libnx/lib\libnx.a(env.o)
                0x0000000000006290                envSetExitFuncPtr
 *fill*         0x000000000000629c        0x4 
 .text._socketInetAtonDetail
                0x00000000000062a0      0x240 C:/devkitPro/libnx/lib\libnx.a(socket.o)
 .text._socketParseBsdResult.part.0
                0x00000000000064e0       0xa8 C:/devkitPro/libnx/lib\libnx.a(socket.o)
 *fill*         0x0000000000006588        0x8 
 .text._socketRead
                0x0000000000006590       0x48 C:/devkitPro/libnx/lib\libnx.a(socket.o)
 *fill*         0x00000000000065d8        0x8 
 .text._socketWrite
                0x00000000000065e0       0x48 C:/devkitPro/libnx/lib\libnx.a(socket.o)
 *fill*         0x0000000000006628        0x8 
 .text._socketClose
                0x0000000000006630       0x3c C:/devkitPro/libnx/lib\libnx.a(socket.o)
 *fill*         0x000000000000666c        0x4 
 .text._socketOpen
                0x0000000000006670       0x7c C:/devkitPro/libnx/lib\libnx.a(socket.o)
 *fill*         0x00000000000066ec        0x4 
 .text.inet_ntop4
                0x00000000000066f0      0x110 C:/devkitPro/libnx/lib\libnx.a(socket.o)
 .text._socketGetFd
                0x0000000000006800       0x80 C:/devkitPro/libnx/lib\libnx.a(socket.o)
 .text._socketDeserializeHostent.constprop.8
                0x0000000000006880      0x250 C:/devkitPro/libnx/lib\libnx.a(socket.o)
 .text.socketGetDefaultInitConfig
                0x0000000000006ad0        0xc C:/devkitPro/libnx/lib\libnx.a(socket.o)
                0x0000000000006ad0                socketGetDefaultInitConfig
 *fill*         0x0000000000006adc        0x4 
 .text.socketExit
                0x0000000000006ae0       0x20 C:/devkitPro/libnx/lib\libnx.a(socket.o)
                0x0000000000006ae0                socketExit
 .text.socketInitialize
                0x0000000000006b00      0x108 C:/devkitPro/libnx/lib\libnx.a(socket.o)
                0x0000000000006b00                socketInitialize
 *fill*         0x0000000000006c08        0x8 
 .text.socket   0x0000000000006c10       0xa4 C:/devkitPro/libnx/lib\libnx.a(socket.o)
                0x0000000000006c10                socket
 *fill*         0x0000000000006cb4        0xc 
 .text.recvfrom
                0x0000000000006cc0       0x58 C:/devkitPro/libnx/lib\libnx.a(socket.o)
                0x0000000000006cc0                recvfrom
 *fill*         0x0000000000006d18        0x8 
 .text.sendto   0x0000000000006d20       0x58 C:/devkitPro/libnx/lib\libnx.a(socket.o)
                0x0000000000006d20                sendto
 *fill*         0x0000000000006d78        0x8 
 .text.setsockopt
                0x0000000000006d80       0x5c C:/devkitPro/libnx/lib\libnx.a(socket.o)
                0x0000000000006d80                setsockopt
 *fill*         0x0000000000006ddc        0x4 
 .text.inet_ntop
                0x0000000000006de0      0x378 C:/devkitPro/libnx/lib\libnx.a(socket.o)
                0x0000000000006de0                inet_ntop
 *fill*         0x0000000000007158        0x8 
 .text.inet_aton
                0x0000000000007160       0x24 C:/devkitPro/libnx/lib\libnx.a(socket.o)
                0x0000000000007160                inet_aton
 *fill*         0x0000000000007184        0xc 
 .text.gethostbyname
                0x0000000000007190      0x190 C:/devkitPro/libnx/lib\libnx.a(socket.o)
                0x0000000000007190                gethostbyname
 .text.consoleDrawChar
                0x0000000000007320       0x44 C:/devkitPro/libnx/lib\libnx.a(console.o)
 *fill*         0x0000000000007364        0xc 
 .text.consoleClearLine
                0x0000000000007370      0x140 C:/devkitPro/libnx/lib\libnx.a(console.o)
 .text.consoleNewRow
                0x00000000000074b0       0x4c C:/devkitPro/libnx/lib\libnx.a(console.o)
 *fill*         0x00000000000074fc        0x4 
 .text.consolePrintChar
                0x0000000000007500      0x118 C:/devkitPro/libnx/lib\libnx.a(console.o)
 *fill*         0x0000000000007618        0x8 
 .text.consoleCls
                0x0000000000007620      0x15c C:/devkitPro/libnx/lib\libnx.a(console.o)
 *fill*         0x000000000000777c        0x4 
 .text.con_write
                0x0000000000007780      0x7e0 C:/devkitPro/libnx/lib\libnx.a(console.o)
 .text.consoleInit
                0x0000000000007f60      0x11c C:/devkitPro/libnx/lib\libnx.a(console.o)
                0x0000000000007f60                consoleInit
 *fill*         0x000000000000807c        0x4 
 .text.consoleExit
                0x0000000000008080       0x48 C:/devkitPro/libnx/lib\libnx.a(console.o)
                0x0000000000008080                consoleExit
 *fill*         0x00000000000080c8        0x8 
 .text.consoleUpdate
                0x00000000000080d0       0x28 C:/devkitPro/libnx/lib\libnx.a(console.o)
                0x00000000000080d0                consoleUpdate
 *fill*         0x00000000000080f8        0x8 
 .text.ConsoleSwRenderer_flushAndSwap
                0x0000000000008100       0x70 C:/devkitPro/libnx/lib\libnx.a(console_sw.o)
 .text.ConsoleSwRenderer_scrollWindow
                0x0000000000008170       0xc4 C:/devkitPro/libnx/lib\libnx.a(console_sw.o)
 *fill*         0x0000000000008234        0xc 
 .text.ConsoleSwRenderer_drawChar
                0x0000000000008240      0x188 C:/devkitPro/libnx/lib\libnx.a(console_sw.o)
 *fill*         0x00000000000083c8        0x8 
 .text.ConsoleSwRenderer_deinit
                0x00000000000083d0       0x3c C:/devkitPro/libnx/lib\libnx.a(console_sw.o)
 *fill*         0x000000000000840c        0x4 
 .text.ConsoleSwRenderer_init
                0x0000000000008410       0xf4 C:/devkitPro/libnx/lib\libnx.a(console_sw.o)
 *fill*         0x0000000000008504        0xc 
 .text.getDefaultConsoleRenderer
                0x0000000000008510        0xc C:/devkitPro/libnx/lib\libnx.a(console_sw.o)
                0x0000000000008510                getDefaultConsoleRenderer
 *fill*         0x000000000000851c        0x4 
 .text._convert_errno
                0x0000000000008520       0x30 C:/devkitPro/libnx/lib\libnx.a(convert_errno.o)
                0x0000000000008520                _convert_errno
 .text.svcSetHeapSize
                0x0000000000008550       0x14 C:/devkitPro/libnx/lib\libnx.a(svc.o)
                0x0000000000008550                svcSetHeapSize
 .text.svcSetMemoryAttribute
                0x0000000000008564        0x8 C:/devkitPro/libnx/lib\libnx.a(svc.o)
                0x0000000000008564                svcSetMemoryAttribute
 .text.svcUnmapMemory
                0x000000000000856c        0x8 C:/devkitPro/libnx/lib\libnx.a(svc.o)
                0x000000000000856c                svcUnmapMemory
 .text.svcQueryMemory
                0x0000000000008574       0x14 C:/devkitPro/libnx/lib\libnx.a(svc.o)
                0x0000000000008574                svcQueryMemory
 .text.svcExitProcess
                0x0000000000008588        0x8 C:/devkitPro/libnx/lib\libnx.a(svc.o)
                0x0000000000008588                svcExitProcess
 .text.svcSleepThread
                0x0000000000008590        0x8 C:/devkitPro/libnx/lib\libnx.a(svc.o)
                0x0000000000008590                svcSleepThread
 .text.svcMapSharedMemory
                0x0000000000008598        0x8 C:/devkitPro/libnx/lib\libnx.a(svc.o)
                0x0000000000008598                svcMapSharedMemory
 .text.svcUnmapSharedMemory
                0x00000000000085a0        0x8 C:/devkitPro/libnx/lib\libnx.a(svc.o)
                0x00000000000085a0                svcUnmapSharedMemory
 .text.svcCreateTransferMemory
                0x00000000000085a8       0x14 C:/devkitPro/libnx/lib\libnx.a(svc.o)
                0x00000000000085a8                svcCreateTransferMemory
 .text.svcCloseHandle
                0x00000000000085bc        0x8 C:/devkitPro/libnx/lib\libnx.a(svc.o)
                0x00000000000085bc                svcCloseHandle
 .text.svcResetSignal
                0x00000000000085c4        0x8 C:/devkitPro/libnx/lib\libnx.a(svc.o)
                0x00000000000085c4                svcResetSignal
 .text.svcWaitSynchronization
                0x00000000000085cc       0x14 C:/devkitPro/libnx/lib\libnx.a(svc.o)
                0x00000000000085cc                svcWaitSynchronization
 .text.svcArbitrateLock
                0x00000000000085e0        0x8 C:/devkitPro/libnx/lib\libnx.a(svc.o)
                0x00000000000085e0                svcArbitrateLock
 .text.svcArbitrateUnlock
                0x00000000000085e8        0x8 C:/devkitPro/libnx/lib\libnx.a(svc.o)
                0x00000000000085e8                svcArbitrateUnlock
 .text.svcConnectToNamedPort
                0x00000000000085f0       0x14 C:/devkitPro/libnx/lib\libnx.a(svc.o)
                0x00000000000085f0                svcConnectToNamedPort
 .text.svcSendSyncRequest
                0x0000000000008604        0x8 C:/devkitPro/libnx/lib\libnx.a(svc.o)
                0x0000000000008604                svcSendSyncRequest
 .text.svcBreak
                0x000000000000860c        0x8 C:/devkitPro/libnx/lib\libnx.a(svc.o)
                0x000000000000860c                svcBreak
 .text.svcReturnFromException
                0x0000000000008614        0x8 C:/devkitPro/libnx/lib\libnx.a(svc.o)
                0x0000000000008614                svcReturnFromException
 .text.svcGetInfo
                0x000000000000861c       0x14 C:/devkitPro/libnx/lib\libnx.a(svc.o)
                0x000000000000861c                svcGetInfo
 .text.svcUnmapTransferMemory
                0x0000000000008630        0x8 C:/devkitPro/libnx/lib\libnx.a(svc.o)
                0x0000000000008630                svcUnmapTransferMemory
 .text.__aarch64_read_tp
                0x0000000000008638        0xc C:/devkitPro/libnx/lib\libnx.a(readtp.o)
                0x0000000000008638                __aarch64_read_tp
 *fill*         0x0000000000008644        0xc 
 .text._CacheValues
                0x0000000000008650      0x180 C:/devkitPro/libnx/lib\libnx.a(detect.o)
 .text.kernelAbove200
                0x00000000000087d0       0x1c C:/devkitPro/libnx/lib\libnx.a(detect.o)
                0x00000000000087d0                kernelAbove200
 *fill*         0x00000000000087ec        0x4 
 .text.kernelAbove300
                0x00000000000087f0       0x1c C:/devkitPro/libnx/lib\libnx.a(detect.o)
                0x00000000000087f0                kernelAbove300
 *fill*         0x000000000000880c        0x4 
 .text.detectDebugger
                0x0000000000008810       0x30 C:/devkitPro/libnx/lib\libnx.a(detect.o)
                0x0000000000008810                detectDebugger
 .text.tmemCreate
                0x0000000000008840       0xa8 C:/devkitPro/libnx/lib\libnx.a(tmem.o)
                0x0000000000008840                tmemCreate
 *fill*         0x00000000000088e8        0x8 
 .text.tmemUnmap
                0x00000000000088f0       0x58 C:/devkitPro/libnx/lib\libnx.a(tmem.o)
                0x00000000000088f0                tmemUnmap
 *fill*         0x0000000000008948        0x8 
 .text.tmemClose
                0x0000000000008950       0x68 C:/devkitPro/libnx/lib\libnx.a(tmem.o)
                0x0000000000008950                tmemClose
 *fill*         0x00000000000089b8        0x8 
 .text._waitLoop
                0x00000000000089c0      0x104 C:/devkitPro/libnx/lib\libnx.a(wait.o)
 *fill*         0x0000000000008ac4        0xc 
 .text._waitObjectsImpl
                0x0000000000008ad0      0x334 C:/devkitPro/libnx/lib\libnx.a(wait.o)
 *fill*         0x0000000000008e04        0xc 
 .text.waitObjects
                0x0000000000008e10        0xc C:/devkitPro/libnx/lib\libnx.a(wait.o)
                0x0000000000008e10                waitObjects
 *fill*         0x0000000000008e1c        0x4 
 .text.rwlockReadLock
                0x0000000000008e20       0x4c C:/devkitPro/libnx/lib\libnx.a(rwlock.o)
                0x0000000000008e20                rwlockReadLock
 *fill*         0x0000000000008e6c        0x4 
 .text.rwlockReadUnlock
                0x0000000000008e70       0x4c C:/devkitPro/libnx/lib\libnx.a(rwlock.o)
                0x0000000000008e70                rwlockReadUnlock
 *fill*         0x0000000000008ebc        0x4 
 .text.rwlockWriteLock
                0x0000000000008ec0        0x8 C:/devkitPro/libnx/lib\libnx.a(rwlock.o)
                0x0000000000008ec0                rwlockWriteLock
 *fill*         0x0000000000008ec8        0x8 
 .text.rwlockWriteUnlock
                0x0000000000008ed0        0x8 C:/devkitPro/libnx/lib\libnx.a(rwlock.o)
                0x0000000000008ed0                rwlockWriteUnlock
 *fill*         0x0000000000008ed8        0x8 
 .text.mutexLock
                0x0000000000008ee0       0x8c C:/devkitPro/libnx/lib\libnx.a(mutex.o)
                0x0000000000008ee0                mutexLock
 *fill*         0x0000000000008f6c        0x4 
 .text.mutexUnlock
                0x0000000000008f70       0x30 C:/devkitPro/libnx/lib\libnx.a(mutex.o)
                0x0000000000008f70                mutexUnlock
 .text.rmutexLock
                0x0000000000008fa0       0x4c C:/devkitPro/libnx/lib\libnx.a(mutex.o)
                0x0000000000008fa0                rmutexLock
 *fill*         0x0000000000008fec        0x4 
 .text.rmutexUnlock
                0x0000000000008ff0       0x1c C:/devkitPro/libnx/lib\libnx.a(mutex.o)
                0x0000000000008ff0                rmutexUnlock
 *fill*         0x000000000000900c        0x4 
 .text.shmemLoadRemote
                0x0000000000009010       0x14 C:/devkitPro/libnx/lib\libnx.a(shmem.o)
                0x0000000000009010                shmemLoadRemote
 *fill*         0x0000000000009024        0xc 
 .text.shmemMap
                0x0000000000009030       0x84 C:/devkitPro/libnx/lib\libnx.a(shmem.o)
                0x0000000000009030                shmemMap
 *fill*         0x00000000000090b4        0xc 
 .text.shmemUnmap
                0x00000000000090c0       0x58 C:/devkitPro/libnx/lib\libnx.a(shmem.o)
                0x00000000000090c0                shmemUnmap
 *fill*         0x0000000000009118        0x8 
 .text.shmemClose
                0x0000000000009120       0x44 C:/devkitPro/libnx/lib\libnx.a(shmem.o)
                0x0000000000009120                shmemClose
 *fill*         0x0000000000009164        0xc 
 .text._GetRegionFromInfo.isra.1
                0x0000000000009170       0x7c C:/devkitPro/libnx/lib\libnx.a(virtmem.o)
 *fill*         0x00000000000091ec        0x4 
 .text.virtmemSetup
                0x00000000000091f0      0x114 C:/devkitPro/libnx/lib\libnx.a(virtmem.o)
                0x00000000000091f0                virtmemSetup
 *fill*         0x0000000000009304        0xc 
 .text.virtmemReserve
                0x0000000000009310      0x13c C:/devkitPro/libnx/lib\libnx.a(virtmem.o)
                0x0000000000009310                virtmemReserve
 *fill*         0x000000000000944c        0x4 
 .text.virtmemFree
                0x0000000000009450        0x4 C:/devkitPro/libnx/lib\libnx.a(virtmem.o)
                0x0000000000009450                virtmemFree
 *fill*         0x0000000000009454        0xc 
 .text.eventLoadRemote
                0x0000000000009460        0xc C:/devkitPro/libnx/lib\libnx.a(event.o)
                0x0000000000009460                eventLoadRemote
 *fill*         0x000000000000946c        0x4 
 .text.eventWait
                0x0000000000009470       0x38 C:/devkitPro/libnx/lib\libnx.a(event.o)
                0x0000000000009470                eventWait
 *fill*         0x00000000000094a8        0x8 
 .text.eventClose
                0x00000000000094b0       0x50 C:/devkitPro/libnx/lib\libnx.a(event.o)
                0x00000000000094b0                eventClose
 .text.ipcCloseObjectById
                0x0000000000009500       0x34 C:/devkitPro/libnx/lib\libnx.a(sfdnsres.o)
 *fill*         0x0000000000009534        0xc 
 .text._sfdnsresDispatchCommand
                0x0000000000009540      0x50c C:/devkitPro/libnx/lib\libnx.a(sfdnsres.o)
 *fill*         0x0000000000009a4c        0x4 
 .text._sfdnsresDispatchDnsRequest.constprop.4
                0x0000000000009a50       0x6c C:/devkitPro/libnx/lib\libnx.a(sfdnsres.o)
 *fill*         0x0000000000009abc        0x4 
 .text.sfdnsresGetHostByName
                0x0000000000009ac0       0xbc C:/devkitPro/libnx/lib\libnx.a(sfdnsres.o)
                0x0000000000009ac0                sfdnsresGetHostByName
 *fill*         0x0000000000009b7c        0x4 
 .text.ipcCloseObjectById
                0x0000000000009b80       0x34 C:/devkitPro/libnx/lib\libnx.a(bsd.o)
 *fill*         0x0000000000009bb4        0xc 
 .text._bsdRegisterClient.isra.5.constprop.11
                0x0000000000009bc0      0x120 C:/devkitPro/libnx/lib\libnx.a(bsd.o)
 .text._bsdDispatchBasicCommand.isra.6
                0x0000000000009ce0      0x308 C:/devkitPro/libnx/lib\libnx.a(bsd.o)
 *fill*         0x0000000000009fe8        0x8 
 .text._bsdSocketCreationCommand
                0x0000000000009ff0       0x44 C:/devkitPro/libnx/lib\libnx.a(bsd.o)
 *fill*         0x000000000000a034        0xc 
 .text._bsdDispatchCommandWithOutAddrlen.isra.7
                0x000000000000a040       0x44 C:/devkitPro/libnx/lib\libnx.a(bsd.o)
 *fill*         0x000000000000a084        0xc 
 .text.ipcQueryPointerBufferSize.constprop.10
                0x000000000000a090       0xc8 C:/devkitPro/libnx/lib\libnx.a(bsd.o)
 *fill*         0x000000000000a158        0x8 
 .text._bsdStartMonitor.constprop.9
                0x000000000000a160       0xf8 C:/devkitPro/libnx/lib\libnx.a(bsd.o)
 *fill*         0x000000000000a258        0x8 
 .text.bsdExit  0x000000000000a260       0xf0 C:/devkitPro/libnx/lib\libnx.a(bsd.o)
                0x000000000000a260                bsdExit
 .text.bsdInitialize
                0x000000000000a350      0x14c C:/devkitPro/libnx/lib\libnx.a(bsd.o)
                0x000000000000a350                bsdInitialize
 *fill*         0x000000000000a49c        0x4 
 .text.bsdSocket
                0x000000000000a4a0       0x14 C:/devkitPro/libnx/lib\libnx.a(bsd.o)
                0x000000000000a4a0                bsdSocket
 *fill*         0x000000000000a4b4        0xc 
 .text.bsdOpen  0x000000000000a4c0       0xc4 C:/devkitPro/libnx/lib\libnx.a(bsd.o)
                0x000000000000a4c0                bsdOpen
 *fill*         0x000000000000a584        0xc 
 .text.bsdRecvFrom
                0x000000000000a590      0x198 C:/devkitPro/libnx/lib\libnx.a(bsd.o)
                0x000000000000a590                bsdRecvFrom
 *fill*         0x000000000000a728        0x8 
 .text.bsdSendTo
                0x000000000000a730      0x1b0 C:/devkitPro/libnx/lib\libnx.a(bsd.o)
                0x000000000000a730                bsdSendTo
 .text.bsdSetSockOpt
                0x000000000000a8e0       0xac C:/devkitPro/libnx/lib\libnx.a(bsd.o)
                0x000000000000a8e0                bsdSetSockOpt
 *fill*         0x000000000000a98c        0x4 
 .text.bsdWrite
                0x000000000000a990       0xbc C:/devkitPro/libnx/lib\libnx.a(bsd.o)
                0x000000000000a990                bsdWrite
 *fill*         0x000000000000aa4c        0x4 
 .text.bsdRead  0x000000000000aa50       0xfc C:/devkitPro/libnx/lib\libnx.a(bsd.o)
                0x000000000000aa50                bsdRead
 *fill*         0x000000000000ab4c        0x4 
 .text.bsdClose
                0x000000000000ab50       0x40 C:/devkitPro/libnx/lib\libnx.a(bsd.o)
                0x000000000000ab50                bsdClose
 .text.ipcCloseObjectById
                0x000000000000ab90       0x34 C:/devkitPro/libnx/lib\libnx.a(nifm.o)
 *fill*         0x000000000000abc4        0xc 
 .text.ipcConvertSessionToDomain
                0x000000000000abd0       0xc4 C:/devkitPro/libnx/lib\libnx.a(nifm.o)
 *fill*         0x000000000000ac94        0xc 
 .text.ipcCloneSession.constprop.14
                0x000000000000aca0      0x10c C:/devkitPro/libnx/lib\libnx.a(nifm.o)
 *fill*         0x000000000000adac        0x4 
 .text._nifmCreateGeneralService.constprop.11
                0x000000000000adb0      0x28c C:/devkitPro/libnx/lib\libnx.a(nifm.o)
 *fill*         0x000000000000b03c        0x4 
 .text._nifmCreateGeneralServiceOld.constprop.12
                0x000000000000b040      0x28c C:/devkitPro/libnx/lib\libnx.a(nifm.o)
 *fill*         0x000000000000b2cc        0x4 
 .text.nifmExit
                0x000000000000b2d0       0xf0 C:/devkitPro/libnx/lib\libnx.a(nifm.o)
                0x000000000000b2d0                nifmExit
 .text.nifmInitialize
                0x000000000000b3c0       0xd4 C:/devkitPro/libnx/lib\libnx.a(nifm.o)
                0x000000000000b3c0                nifmInitialize
 *fill*         0x000000000000b494        0xc 
 .text.nwindowGetDefault
                0x000000000000b4a0        0xc C:/devkitPro/libnx/lib\libnx.a(default_window.o)
                0x000000000000b4a0                nwindowGetDefault
 *fill*         0x000000000000b4ac        0x4 
 .text.__nx_win_init
                0x000000000000b4b0       0xc8 C:/devkitPro/libnx/lib\libnx.a(default_window.o)
                0x000000000000b4b0                __nx_win_init
 *fill*         0x000000000000b578        0x8 
 .text.__nx_win_exit
                0x000000000000b580       0x34 C:/devkitPro/libnx/lib\libnx.a(default_window.o)
                0x000000000000b580                __nx_win_exit
 *fill*         0x000000000000b5b4        0xc 
 .text.framebufferMakeLinear
                0x000000000000b5c0       0x80 C:/devkitPro/libnx/lib\libnx.a(framebuffer.o)
                0x000000000000b5c0                framebufferMakeLinear
 .text.framebufferClose
                0x000000000000b640       0x78 C:/devkitPro/libnx/lib\libnx.a(framebuffer.o)
                0x000000000000b640                framebufferClose
 *fill*         0x000000000000b6b8        0x8 
 .text.framebufferCreate
                0x000000000000b6c0      0x298 C:/devkitPro/libnx/lib\libnx.a(framebuffer.o)
                0x000000000000b6c0                framebufferCreate
 *fill*         0x000000000000b958        0x8 
 .text.framebufferBegin
                0x000000000000b960       0x80 C:/devkitPro/libnx/lib\libnx.a(framebuffer.o)
                0x000000000000b960                framebufferBegin
 .text.framebufferEnd
                0x000000000000b9e0      0x17c C:/devkitPro/libnx/lib\libnx.a(framebuffer.o)
                0x000000000000b9e0                framebufferEnd
 *fill*         0x000000000000bb5c        0x4 
 .text._nwindowConnect
                0x000000000000bb60       0x54 C:/devkitPro/libnx/lib\libnx.a(native_window.o)
 *fill*         0x000000000000bbb4        0xc 
 .text._nwindowDisconnect
                0x000000000000bbc0       0x40 C:/devkitPro/libnx/lib\libnx.a(native_window.o)
 .text.nwindowIsValid
                0x000000000000bc00       0x24 C:/devkitPro/libnx/lib\libnx.a(native_window.o)
                0x000000000000bc00                nwindowIsValid
 *fill*         0x000000000000bc24        0xc 
 .text.nwindowClose
                0x000000000000bc30       0x6c C:/devkitPro/libnx/lib\libnx.a(native_window.o)
                0x000000000000bc30                nwindowClose
 *fill*         0x000000000000bc9c        0x4 
 .text.nwindowCreate
                0x000000000000bca0       0xc4 C:/devkitPro/libnx/lib\libnx.a(native_window.o)
                0x000000000000bca0                nwindowCreate
 *fill*         0x000000000000bd64        0xc 
 .text.nwindowCreateFromLayer
                0x000000000000bd70        0xc C:/devkitPro/libnx/lib\libnx.a(native_window.o)
                0x000000000000bd70                nwindowCreateFromLayer
 *fill*         0x000000000000bd7c        0x4 
 .text.nwindowSetDimensions
                0x000000000000bd80       0x88 C:/devkitPro/libnx/lib\libnx.a(native_window.o)
                0x000000000000bd80                nwindowSetDimensions
 *fill*         0x000000000000be08        0x8 
 .text.nwindowConfigureBuffer
                0x000000000000be10      0x154 C:/devkitPro/libnx/lib\libnx.a(native_window.o)
                0x000000000000be10                nwindowConfigureBuffer
 *fill*         0x000000000000bf64        0xc 
 .text.nwindowDequeueBuffer
                0x000000000000bf70      0x1e4 C:/devkitPro/libnx/lib\libnx.a(native_window.o)
                0x000000000000bf70                nwindowDequeueBuffer
 *fill*         0x000000000000c154        0xc 
 .text.nwindowQueueBuffer
                0x000000000000c160      0x144 C:/devkitPro/libnx/lib\libnx.a(native_window.o)
                0x000000000000c160                nwindowQueueBuffer
 *fill*         0x000000000000c2a4        0xc 
 .text.nwindowReleaseBuffers
                0x000000000000c2b0       0xac C:/devkitPro/libnx/lib\libnx.a(native_window.o)
                0x000000000000c2b0                nwindowReleaseBuffers
 *fill*         0x000000000000c35c        0x4 
 .text.__nx_dynamic
                0x000000000000c360       0xa0 C:/devkitPro/libnx/lib\libnx.a(dynamic.o)
                0x000000000000c360                __nx_dynamic
 .text.__libnx_initheap
                0x000000000000c400       0xd8 C:/devkitPro/libnx/lib\libnx.a(init.o)
                0x000000000000c400                __libnx_initheap
 *fill*         0x000000000000c4d8        0x8 
 .text.__appInit
                0x000000000000c4e0       0xa0 C:/devkitPro/libnx/lib\libnx.a(init.o)
                0x000000000000c4e0                __appInit
 .text.__appExit
                0x000000000000c580       0x44 C:/devkitPro/libnx/lib\libnx.a(init.o)
                0x000000000000c580                __appExit
 *fill*         0x000000000000c5c4        0xc 
 .text.__libnx_init
                0x000000000000c5d0       0x28 C:/devkitPro/libnx/lib\libnx.a(init.o)
                0x000000000000c5d0                __libnx_init
 *fill*         0x000000000000c5f8        0x8 
 .text.__libnx_exit
                0x000000000000c600       0x20 C:/devkitPro/libnx/lib\libnx.a(init.o)
                0x000000000000c600                __libnx_exit
 .text.mutexInit
                0x000000000000c620        0x8 C:/devkitPro/libnx/lib\libnx.a(newlib.o)
 *fill*         0x000000000000c628        0x8 
 .text.rmutexInit
                0x000000000000c630        0xc C:/devkitPro/libnx/lib\libnx.a(newlib.o)
 *fill*         0x000000000000c63c        0x4 
 .text.__libnx_gtod
                0x000000000000c640       0x8c C:/devkitPro/libnx/lib\libnx.a(newlib.o)
                0x000000000000c640                __libnx_gtod
 *fill*         0x000000000000c6cc        0x4 
 .text.__libnx_clock_settime
                0x000000000000c6d0       0x20 C:/devkitPro/libnx/lib\libnx.a(newlib.o)
                0x000000000000c6d0                __libnx_clock_settime
 .text.__libnx_nanosleep
                0x000000000000c6f0       0x28 C:/devkitPro/libnx/lib\libnx.a(newlib.o)
                0x000000000000c6f0                __libnx_nanosleep
 *fill*         0x000000000000c718        0x8 
 .text.__libnx_get_reent
                0x000000000000c720       0x34 C:/devkitPro/libnx/lib\libnx.a(newlib.o)
 *fill*         0x000000000000c754        0xc 
 .text.__libnx_clock_gettime
                0x000000000000c760       0xf8 C:/devkitPro/libnx/lib\libnx.a(newlib.o)
                0x000000000000c760                __libnx_clock_gettime
 *fill*         0x000000000000c858        0x8 
 .text.__libnx_clock_getres
                0x000000000000c860       0x58 C:/devkitPro/libnx/lib\libnx.a(newlib.o)
                0x000000000000c860                __libnx_clock_getres
 *fill*         0x000000000000c8b8        0x8 
 .text.__libnx_init_time
                0x000000000000c8c0      0x27c C:/devkitPro/libnx/lib\libnx.a(newlib.o)
                0x000000000000c8c0                __libnx_init_time
 *fill*         0x000000000000cb3c        0x4 
 .text.newlibSetup
                0x000000000000cb40      0x118 C:/devkitPro/libnx/lib\libnx.a(newlib.o)
                0x000000000000cb40                newlibSetup
 *fill*         0x000000000000cc58        0x8 
 .text.argvSetup
                0x000000000000cc60      0x368 C:/devkitPro/libnx/lib\libnx.a(argv.o)
                0x000000000000cc60                argvSetup
 *fill*         0x000000000000cfc8        0x8 
 .text.fsdev_link
                0x000000000000cfd0       0x10 C:/devkitPro/libnx/lib\libnx.a(fs_dev.o)
 .text.fsdev_dirreset
                0x000000000000cfe0       0x10 C:/devkitPro/libnx/lib\libnx.a(fs_dev.o)
 .text.fsdev_chmod
                0x000000000000cff0       0x10 C:/devkitPro/libnx/lib\libnx.a(fs_dev.o)
 .text.error_cmp
                0x000000000000d000       0x1c C:/devkitPro/libnx/lib\libnx.a(fs_dev.o)
 *fill*         0x000000000000d01c        0x4 
 .text.fsdev_translate_error
                0x000000000000d020       0x58 C:/devkitPro/libnx/lib\libnx.a(fs_dev.o)
 *fill*         0x000000000000d078        0x8 
 .text.fsdev_fsync
                0x000000000000d080       0x40 C:/devkitPro/libnx/lib\libnx.a(fs_dev.o)
 .text.fsdev_ftruncate
                0x000000000000d0c0       0x60 C:/devkitPro/libnx/lib\libnx.a(fs_dev.o)
 .text.fsdev_dirclose
                0x000000000000d120       0x20 C:/devkitPro/libnx/lib\libnx.a(fs_dev.o)
 .text.fsdev_dirnext
                0x000000000000d140      0x16c C:/devkitPro/libnx/lib\libnx.a(fs_dev.o)
 *fill*         0x000000000000d2ac        0x4 
 .text.fsdev_close
                0x000000000000d2b0       0x1c C:/devkitPro/libnx/lib\libnx.a(fs_dev.o)
 *fill*         0x000000000000d2cc        0x4 
 .text.fsdev_fstat
                0x000000000000d2d0       0xa4 C:/devkitPro/libnx/lib\libnx.a(fs_dev.o)
 *fill*         0x000000000000d374        0xc 
 .text.fsdev_seek
                0x000000000000d380       0xb0 C:/devkitPro/libnx/lib\libnx.a(fs_dev.o)
 .text.fsdev_read
                0x000000000000d430      0x198 C:/devkitPro/libnx/lib\libnx.a(fs_dev.o)
 *fill*         0x000000000000d5c8        0x8 
 .text.fsdev_write
                0x000000000000d5d0      0x1a0 C:/devkitPro/libnx/lib\libnx.a(fs_dev.o)
 .text.fsdevFindDevice
                0x000000000000d770      0x120 C:/devkitPro/libnx/lib\libnx.a(fs_dev.o)
 .text._fsdevMountDevice
                0x000000000000d890      0x168 C:/devkitPro/libnx/lib\libnx.a(fs_dev.o)
 *fill*         0x000000000000d9f8        0x8 
 .text.fsdev_getfspath
                0x000000000000da00      0x1fc C:/devkitPro/libnx/lib\libnx.a(fs_dev.o)
 *fill*         0x000000000000dbfc        0x4 
 .text.fsdev_rmdir
                0x000000000000dc00       0x70 C:/devkitPro/libnx/lib\libnx.a(fs_dev.o)
 .text.fsdev_statvfs
                0x000000000000dc70       0xd4 C:/devkitPro/libnx/lib\libnx.a(fs_dev.o)
 *fill*         0x000000000000dd44        0xc 
 .text.fsdev_diropen
                0x000000000000dd50       0xec C:/devkitPro/libnx/lib\libnx.a(fs_dev.o)
 *fill*         0x000000000000de3c        0x4 
 .text.fsdev_mkdir
                0x000000000000de40       0x70 C:/devkitPro/libnx/lib\libnx.a(fs_dev.o)
 .text.fsdev_rename
                0x000000000000deb0      0x114 C:/devkitPro/libnx/lib\libnx.a(fs_dev.o)
 *fill*         0x000000000000dfc4        0xc 
 .text.fsdev_chdir
                0x000000000000dfd0       0xe8 C:/devkitPro/libnx/lib\libnx.a(fs_dev.o)
 *fill*         0x000000000000e0b8        0x8 
 .text.fsdev_unlink
                0x000000000000e0c0       0x70 C:/devkitPro/libnx/lib\libnx.a(fs_dev.o)
 .text.fsdev_stat
                0x000000000000e130      0x1bc C:/devkitPro/libnx/lib\libnx.a(fs_dev.o)
 *fill*         0x000000000000e2ec        0x4 
 .text.fsdev_open
                0x000000000000e2f0      0x19c C:/devkitPro/libnx/lib\libnx.a(fs_dev.o)
 *fill*         0x000000000000e48c        0x4 
 .text._fsdevUnmountDeviceStruct.part.4
                0x000000000000e490       0xb8 C:/devkitPro/libnx/lib\libnx.a(fs_dev.o)
 *fill*         0x000000000000e548        0x8 
 .text.fsdev_fchmod
                0x000000000000e550       0x10 C:/devkitPro/libnx/lib\libnx.a(fs_dev.o)
 .text.fsdevMountSdmc
                0x000000000000e560      0x158 C:/devkitPro/libnx/lib\libnx.a(fs_dev.o)
                0x000000000000e560                fsdevMountSdmc
 *fill*         0x000000000000e6b8        0x8 
 .text.fsdevUnmountAll
                0x000000000000e6c0       0x64 C:/devkitPro/libnx/lib\libnx.a(fs_dev.o)
                0x000000000000e6c0                fsdevUnmountAll
 *fill*         0x000000000000e724        0xc 
 .text.decode_utf8
                0x000000000000e730      0x12c C:/devkitPro/libnx/lib\libnx.a(decode_utf8.o)
                0x000000000000e730                decode_utf8
 .text.armDCacheFlush
                0x000000000000e85c       0x3c C:/devkitPro/libnx/lib\libnx.a(cache.o)
                0x000000000000e85c                armDCacheFlush
 .text.__libnx_exception_entry
                0x000000000000e898      0x1c0 C:/devkitPro/libnx/lib\libnx.a(exception.o)
                0x000000000000e898                __libnx_exception_entry
 .text.__libnx_exception_returnentry
                0x000000000000ea58       0x18 C:/devkitPro/libnx/lib\libnx.a(exception.o)
                0x000000000000ea58                __libnx_exception_returnentry
 .text.ipcCloseObjectById
                0x000000000000ea70       0x34 C:/devkitPro/libnx/lib\libnx.a(time.o)
 *fill*         0x000000000000eaa4        0xc 
 .text._timeGetSession
                0x000000000000eab0      0x12c C:/devkitPro/libnx/lib\libnx.a(time.o)
 *fill*         0x000000000000ebdc        0x4 
 .text.timeExit
                0x000000000000ebe0      0x1ec C:/devkitPro/libnx/lib\libnx.a(time.o)
                0x000000000000ebe0                timeExit
 *fill*         0x000000000000edcc        0x4 
 .text.timeInitialize
                0x000000000000edd0       0xd8 C:/devkitPro/libnx/lib\libnx.a(time.o)
                0x000000000000edd0                timeInitialize
 *fill*         0x000000000000eea8        0x8 
 .text.timeGetCurrentTime
                0x000000000000eeb0      0x124 C:/devkitPro/libnx/lib\libnx.a(time.o)
                0x000000000000eeb0                timeGetCurrentTime
 *fill*         0x000000000000efd4        0xc 
 .text.timeToCalendarTimeWithMyRule
                0x000000000000efe0      0x118 C:/devkitPro/libnx/lib\libnx.a(time.o)
                0x000000000000efe0                timeToCalendarTimeWithMyRule
 *fill*         0x000000000000f0f8        0x8 
 .text.ipcCloseObjectById
                0x000000000000f100       0x34 C:/devkitPro/libnx/lib\libnx.a(vi.o)
 *fill*         0x000000000000f134        0xc 
 .text._viGetSession.constprop.7
                0x000000000000f140      0x134 C:/devkitPro/libnx/lib\libnx.a(vi.o)
 *fill*         0x000000000000f274        0xc 
 .text.viExit   0x000000000000f280      0x1e4 C:/devkitPro/libnx/lib\libnx.a(vi.o)
                0x000000000000f280                viExit
 *fill*         0x000000000000f464        0xc 
 .text.viInitialize
                0x000000000000f470      0x2d4 C:/devkitPro/libnx/lib\libnx.a(vi.o)
                0x000000000000f470                viInitialize
 *fill*         0x000000000000f744        0xc 
 .text.viGetSession_IHOSBinderDriverRelay
                0x000000000000f750        0xc C:/devkitPro/libnx/lib\libnx.a(vi.o)
                0x000000000000f750                viGetSession_IHOSBinderDriverRelay
 *fill*         0x000000000000f75c        0x4 
 .text.viOpenDisplay
                0x000000000000f760      0x140 C:/devkitPro/libnx/lib\libnx.a(vi.o)
                0x000000000000f760                viOpenDisplay
 .text.viCloseDisplay
                0x000000000000f8a0      0x104 C:/devkitPro/libnx/lib\libnx.a(vi.o)
                0x000000000000f8a0                viCloseDisplay
 *fill*         0x000000000000f9a4        0xc 
 .text.viCloseLayer
                0x000000000000f9b0      0x104 C:/devkitPro/libnx/lib\libnx.a(vi.o)
                0x000000000000f9b0                viCloseLayer
 *fill*         0x000000000000fab4        0xc 
 .text.viCreateLayer
                0x000000000000fac0      0x334 C:/devkitPro/libnx/lib\libnx.a(vi.o)
                0x000000000000fac0                viCreateLayer
 *fill*         0x000000000000fdf4        0xc 
 .text.viSetLayerScalingMode
                0x000000000000fe00       0xe8 C:/devkitPro/libnx/lib\libnx.a(vi.o)
                0x000000000000fe00                viSetLayerScalingMode
 *fill*         0x000000000000fee8        0x8 
 .text.ipcPrepareHeader
                0x000000000000fef0      0x220 C:/devkitPro/libnx/lib\libnx.a(fs.o)
 .text.ipcParse
                0x0000000000010110      0x22c C:/devkitPro/libnx/lib\libnx.a(fs.o)
 *fill*         0x000000000001033c        0x4 
 .text.serviceIpcParse
                0x0000000000010340       0xb0 C:/devkitPro/libnx/lib\libnx.a(fs.o)
 .text.ipcCloseObjectById
                0x00000000000103f0       0x34 C:/devkitPro/libnx/lib\libnx.a(fs.o)
 *fill*         0x0000000000010424        0xc 
 .text.fsInitialize
                0x0000000000010430      0x200 C:/devkitPro/libnx/lib\libnx.a(fs.o)
                0x0000000000010430                fsInitialize
 .text.fsExit   0x0000000000010630       0x9c C:/devkitPro/libnx/lib\libnx.a(fs.o)
                0x0000000000010630                fsExit
 *fill*         0x00000000000106cc        0x4 
 .text.fsMountSdcard
                0x00000000000106d0      0x13c C:/devkitPro/libnx/lib\libnx.a(fs.o)
                0x00000000000106d0                fsMountSdcard
 *fill*         0x000000000001080c        0x4 
 .text.fsFsCreateFile
                0x0000000000010810      0x120 C:/devkitPro/libnx/lib\libnx.a(fs.o)
                0x0000000000010810                fsFsCreateFile
 .text.fsFsDeleteFile
                0x0000000000010930      0x118 C:/devkitPro/libnx/lib\libnx.a(fs.o)
                0x0000000000010930                fsFsDeleteFile
 *fill*         0x0000000000010a48        0x8 
 .text.fsFsCreateDirectory
                0x0000000000010a50      0x118 C:/devkitPro/libnx/lib\libnx.a(fs.o)
                0x0000000000010a50                fsFsCreateDirectory
 *fill*         0x0000000000010b68        0x8 
 .text.fsFsDeleteDirectory
                0x0000000000010b70      0x118 C:/devkitPro/libnx/lib\libnx.a(fs.o)
                0x0000000000010b70                fsFsDeleteDirectory
 *fill*         0x0000000000010c88        0x8 
 .text.fsFsRenameFile
                0x0000000000010c90      0x190 C:/devkitPro/libnx/lib\libnx.a(fs.o)
                0x0000000000010c90                fsFsRenameFile
 .text.fsFsRenameDirectory
                0x0000000000010e20      0x190 C:/devkitPro/libnx/lib\libnx.a(fs.o)
                0x0000000000010e20                fsFsRenameDirectory
 .text.fsFsGetEntryType
                0x0000000000010fb0      0x12c C:/devkitPro/libnx/lib\libnx.a(fs.o)
                0x0000000000010fb0                fsFsGetEntryType
 *fill*         0x00000000000110dc        0x4 
 .text.fsFsOpenFile
                0x00000000000110e0      0x150 C:/devkitPro/libnx/lib\libnx.a(fs.o)
                0x00000000000110e0                fsFsOpenFile
 .text.fsFsOpenDirectory
                0x0000000000011230      0x150 C:/devkitPro/libnx/lib\libnx.a(fs.o)
                0x0000000000011230                fsFsOpenDirectory
 .text.fsFsGetFreeSpace
                0x0000000000011380      0x12c C:/devkitPro/libnx/lib\libnx.a(fs.o)
                0x0000000000011380                fsFsGetFreeSpace
 *fill*         0x00000000000114ac        0x4 
 .text.fsFsGetTotalSpace
                0x00000000000114b0      0x12c C:/devkitPro/libnx/lib\libnx.a(fs.o)
                0x00000000000114b0                fsFsGetTotalSpace
 *fill*         0x00000000000115dc        0x4 
 .text.fsFsGetFileTimeStampRaw
                0x00000000000115e0      0x190 C:/devkitPro/libnx/lib\libnx.a(fs.o)
                0x00000000000115e0                fsFsGetFileTimeStampRaw
 .text.fsFsClose
                0x0000000000011770       0x6c C:/devkitPro/libnx/lib\libnx.a(fs.o)
                0x0000000000011770                fsFsClose
 *fill*         0x00000000000117dc        0x4 
 .text.fsFileRead
                0x00000000000117e0      0x170 C:/devkitPro/libnx/lib\libnx.a(fs.o)
                0x00000000000117e0                fsFileRead
 .text.fsFileWrite
                0x0000000000011950      0x10c C:/devkitPro/libnx/lib\libnx.a(fs.o)
                0x0000000000011950                fsFileWrite
 *fill*         0x0000000000011a5c        0x4 
 .text.fsFileFlush
                0x0000000000011a60       0xe8 C:/devkitPro/libnx/lib\libnx.a(fs.o)
                0x0000000000011a60                fsFileFlush
 *fill*         0x0000000000011b48        0x8 
 .text.fsFileSetSize
                0x0000000000011b50       0xf0 C:/devkitPro/libnx/lib\libnx.a(fs.o)
                0x0000000000011b50                fsFileSetSize
 .text.fsFileGetSize
                0x0000000000011c40      0x100 C:/devkitPro/libnx/lib\libnx.a(fs.o)
                0x0000000000011c40                fsFileGetSize
 .text.fsFileClose
                0x0000000000011d40       0x6c C:/devkitPro/libnx/lib\libnx.a(fs.o)
                0x0000000000011d40                fsFileClose
 *fill*         0x0000000000011dac        0x4 
 .text.fsDirClose
                0x0000000000011db0       0x6c C:/devkitPro/libnx/lib\libnx.a(fs.o)
                0x0000000000011db0                fsDirClose
 *fill*         0x0000000000011e1c        0x4 
 .text.fsDirRead
                0x0000000000011e20      0x16c C:/devkitPro/libnx/lib\libnx.a(fs.o)
                0x0000000000011e20                fsDirRead
 *fill*         0x0000000000011f8c        0x4 
 .text.ipcCloseObjectById
                0x0000000000011f90       0x34 C:/devkitPro/libnx/lib\libnx.a(nv.o)
 *fill*         0x0000000000011fc4        0xc 
 .text.ipcQueryPointerBufferSize.constprop.10
                0x0000000000011fd0       0xc8 C:/devkitPro/libnx/lib\libnx.a(nv.o)
 *fill*         0x0000000000012098        0x8 
 .text.ipcCloneSession.constprop.9
                0x00000000000120a0      0x10c C:/devkitPro/libnx/lib\libnx.a(nv.o)
 *fill*         0x00000000000121ac        0x4 
 .text._nvSetClientPID
                0x00000000000121b0       0xd8 C:/devkitPro/libnx/lib\libnx.a(nv.o)
 *fill*         0x0000000000012288        0x8 
 .text._nvInitialize.constprop.8
                0x0000000000012290       0xf0 C:/devkitPro/libnx/lib\libnx.a(nv.o)
 .text.nvExit   0x0000000000012380      0x100 C:/devkitPro/libnx/lib\libnx.a(nv.o)
                0x0000000000012380                nvExit
 .text.nvInitialize
                0x0000000000012480      0x184 C:/devkitPro/libnx/lib\libnx.a(nv.o)
                0x0000000000012480                nvInitialize
 *fill*         0x0000000000012604        0xc 
 .text.nvConvertError
                0x0000000000012610      0x12c C:/devkitPro/libnx/lib\libnx.a(nv.o)
                0x0000000000012610                nvConvertError
 *fill*         0x000000000001273c        0x4 
 .text.nvOpen   0x0000000000012740      0x12c C:/devkitPro/libnx/lib\libnx.a(nv.o)
                0x0000000000012740                nvOpen
 *fill*         0x000000000001286c        0x4 
 .text.nvIoctl  0x0000000000012870      0x270 C:/devkitPro/libnx/lib\libnx.a(nv.o)
                0x0000000000012870                nvIoctl
 .text.nvClose  0x0000000000012ae0       0xdc C:/devkitPro/libnx/lib\libnx.a(nv.o)
                0x0000000000012ae0                nvClose
 *fill*         0x0000000000012bbc        0x4 
 .text.nvQueryEvent
                0x0000000000012bc0      0x15c C:/devkitPro/libnx/lib\libnx.a(nv.o)
                0x0000000000012bc0                nvQueryEvent
 *fill*         0x0000000000012d1c        0x4 
 .text._nvFenceEventWaitCommon
                0x0000000000012d20       0x60 C:/devkitPro/libnx/lib\libnx.a(fence.o)
 .text.nvFenceInit
                0x0000000000012d80       0x5c C:/devkitPro/libnx/lib\libnx.a(fence.o)
                0x0000000000012d80                nvFenceInit
 *fill*         0x0000000000012ddc        0x4 
 .text.nvFenceExit
                0x0000000000012de0       0x98 C:/devkitPro/libnx/lib\libnx.a(fence.o)
                0x0000000000012de0                nvFenceExit
 *fill*         0x0000000000012e78        0x8 
 .text.nvFenceWait
                0x0000000000012e80      0x1e0 C:/devkitPro/libnx/lib\libnx.a(fence.o)
                0x0000000000012e80                nvFenceWait
 .text.nvMultiFenceWait
                0x0000000000013060       0x7c C:/devkitPro/libnx/lib\libnx.a(fence.o)
                0x0000000000013060                nvMultiFenceWait
 *fill*         0x00000000000130dc        0x4 
 .text.nvMapInit
                0x00000000000130e0       0x6c C:/devkitPro/libnx/lib\libnx.a(map.o)
                0x00000000000130e0                nvMapInit
 *fill*         0x000000000001314c        0x4 
 .text.nvMapExit
                0x0000000000013150       0x68 C:/devkitPro/libnx/lib\libnx.a(map.o)
                0x0000000000013150                nvMapExit
 *fill*         0x00000000000131b8        0x8 
 .text.nvMapClose
                0x00000000000131c0       0x84 C:/devkitPro/libnx/lib\libnx.a(map.o)
                0x00000000000131c0                nvMapClose
 *fill*         0x0000000000013244        0xc 
 .text.nvMapCreate
                0x0000000000013250      0x150 C:/devkitPro/libnx/lib\libnx.a(map.o)
                0x0000000000013250                nvMapCreate
 .text.nvioctlNvhostCtrl_EventSignal
                0x00000000000133a0       0x24 C:/devkitPro/libnx/lib\libnx.a(nvhost-ctrl.o)
                0x00000000000133a0                nvioctlNvhostCtrl_EventSignal
 *fill*         0x00000000000133c4        0xc 
 .text.nvioctlNvhostCtrl_EventWait
                0x00000000000133d0       0x3c C:/devkitPro/libnx/lib\libnx.a(nvhost-ctrl.o)
                0x00000000000133d0                nvioctlNvhostCtrl_EventWait
 *fill*         0x000000000001340c        0x4 
 .text.nvioctlNvhostCtrl_EventWaitAsync
                0x0000000000013410       0x28 C:/devkitPro/libnx/lib\libnx.a(nvhost-ctrl.o)
                0x0000000000013410                nvioctlNvhostCtrl_EventWaitAsync
 *fill*         0x0000000000013438        0x8 
 .text.nvioctlNvhostCtrl_EventRegister
                0x0000000000013440       0x24 C:/devkitPro/libnx/lib\libnx.a(nvhost-ctrl.o)
                0x0000000000013440                nvioctlNvhostCtrl_EventRegister
 *fill*         0x0000000000013464        0xc 
 .text.nvioctlNvhostCtrl_EventUnregister
                0x0000000000013470       0x24 C:/devkitPro/libnx/lib\libnx.a(nvhost-ctrl.o)
                0x0000000000013470                nvioctlNvhostCtrl_EventUnregister
 *fill*         0x0000000000013494        0xc 
 .text.nvioctlNvmap_Create
                0x00000000000134a0       0x3c C:/devkitPro/libnx/lib\libnx.a(nvmap.o)
                0x00000000000134a0                nvioctlNvmap_Create
 *fill*         0x00000000000134dc        0x4 
 .text.nvioctlNvmap_Alloc
                0x00000000000134e0       0x30 C:/devkitPro/libnx/lib\libnx.a(nvmap.o)
                0x00000000000134e0                nvioctlNvmap_Alloc
 .text.nvioctlNvmap_Free
                0x0000000000013510       0x30 C:/devkitPro/libnx/lib\libnx.a(nvmap.o)
                0x0000000000013510                nvioctlNvmap_Free
 .text.nvioctlNvmap_GetId
                0x0000000000013540       0x3c C:/devkitPro/libnx/lib\libnx.a(nvmap.o)
                0x0000000000013540                nvioctlNvmap_GetId
 *fill*         0x000000000001357c        0x4 
 .text.bqRequestBuffer
                0x0000000000013580       0xe8 C:/devkitPro/libnx/lib\libnx.a(buffer_producer.o)
                0x0000000000013580                bqRequestBuffer
 *fill*         0x0000000000013668        0x8 
 .text.bqDequeueBuffer
                0x0000000000013670      0x154 C:/devkitPro/libnx/lib\libnx.a(buffer_producer.o)
                0x0000000000013670                bqDequeueBuffer
 *fill*         0x00000000000137c4        0xc 
 .text.bqDetachBuffer
                0x00000000000137d0       0x9c C:/devkitPro/libnx/lib\libnx.a(buffer_producer.o)
                0x00000000000137d0                bqDetachBuffer
 *fill*         0x000000000001386c        0x4 
 .text.bqQueueBuffer
                0x0000000000013870       0xe0 C:/devkitPro/libnx/lib\libnx.a(buffer_producer.o)
                0x0000000000013870                bqQueueBuffer
 .text.bqCancelBuffer
                0x0000000000013950       0x90 C:/devkitPro/libnx/lib\libnx.a(buffer_producer.o)
                0x0000000000013950                bqCancelBuffer
 .text.bqConnect
                0x00000000000139e0       0xe4 C:/devkitPro/libnx/lib\libnx.a(buffer_producer.o)
                0x00000000000139e0                bqConnect
 *fill*         0x0000000000013ac4        0xc 
 .text.bqDisconnect
                0x0000000000013ad0       0x9c C:/devkitPro/libnx/lib\libnx.a(buffer_producer.o)
                0x0000000000013ad0                bqDisconnect
 *fill*         0x0000000000013b6c        0x4 
 .text.bqSetPreallocatedBuffer
                0x0000000000013b70      0x178 C:/devkitPro/libnx/lib\libnx.a(buffer_producer.o)
                0x0000000000013b70                bqSetPreallocatedBuffer
 *fill*         0x0000000000013ce8        0x8 
 .text._binderTransactParcelAuto
                0x0000000000013cf0      0x248 C:/devkitPro/libnx/lib\libnx.a(binder.o)
 *fill*         0x0000000000013f38        0x8 
 .text.ipcQueryPointerBufferSize
                0x0000000000013f40       0xc8 C:/devkitPro/libnx/lib\libnx.a(binder.o)
 *fill*         0x0000000000014008        0x8 
 .text._binderTransactParcel
                0x0000000000014010      0x138 C:/devkitPro/libnx/lib\libnx.a(binder.o)
 *fill*         0x0000000000014148        0x8 
 .text.binderCreate
                0x0000000000014150       0x14 C:/devkitPro/libnx/lib\libnx.a(binder.o)
                0x0000000000014150                binderCreate
 *fill*         0x0000000000014164        0xc 
 .text.binderTransactParcel
                0x0000000000014170       0x10 C:/devkitPro/libnx/lib\libnx.a(binder.o)
                0x0000000000014170                binderTransactParcel
 .text.binderConvertErrorCode
                0x0000000000014180      0x124 C:/devkitPro/libnx/lib\libnx.a(binder.o)
                0x0000000000014180                binderConvertErrorCode
 *fill*         0x00000000000142a4        0xc 
 .text.binderAdjustRefcount
                0x00000000000142b0       0xe8 C:/devkitPro/libnx/lib\libnx.a(binder.o)
                0x00000000000142b0                binderAdjustRefcount
 *fill*         0x0000000000014398        0x8 
 .text.binderClose
                0x00000000000143a0       0x74 C:/devkitPro/libnx/lib\libnx.a(binder.o)
                0x00000000000143a0                binderClose
 *fill*         0x0000000000014414        0xc 
 .text.binderInitSession
                0x0000000000014420       0xc4 C:/devkitPro/libnx/lib\libnx.a(binder.o)
                0x0000000000014420                binderInitSession
 *fill*         0x00000000000144e4        0xc 
 .text.binderGetNativeHandle
                0x00000000000144f0      0x144 C:/devkitPro/libnx/lib\libnx.a(binder.o)
                0x00000000000144f0                binderGetNativeHandle
 *fill*         0x0000000000014634        0xc 
 .text.parcelCreate
                0x0000000000014640       0x28 C:/devkitPro/libnx/lib\libnx.a(parcel.o)
                0x0000000000014640                parcelCreate
 *fill*         0x0000000000014668        0x8 
 .text.parcelTransact
                0x0000000000014670      0x19c C:/devkitPro/libnx/lib\libnx.a(parcel.o)
                0x0000000000014670                parcelTransact
 *fill*         0x000000000001480c        0x4 
 .text.parcelWriteData
                0x0000000000014810       0x88 C:/devkitPro/libnx/lib\libnx.a(parcel.o)
                0x0000000000014810                parcelWriteData
 *fill*         0x0000000000014898        0x8 
 .text.parcelReadData
                0x00000000000148a0       0x98 C:/devkitPro/libnx/lib\libnx.a(parcel.o)
                0x00000000000148a0                parcelReadData
 *fill*         0x0000000000014938        0x8 
 .text.parcelWriteInt32
                0x0000000000014940       0x20 C:/devkitPro/libnx/lib\libnx.a(parcel.o)
                0x0000000000014940                parcelWriteInt32
 .text.parcelWriteUInt32
                0x0000000000014960       0x20 C:/devkitPro/libnx/lib\libnx.a(parcel.o)
                0x0000000000014960                parcelWriteUInt32
 .text.parcelWriteString16
                0x0000000000014980       0x80 C:/devkitPro/libnx/lib\libnx.a(parcel.o)
                0x0000000000014980                parcelWriteString16
 .text.parcelWriteInterfaceToken
                0x0000000000014a00       0x30 C:/devkitPro/libnx/lib\libnx.a(parcel.o)
                0x0000000000014a00                parcelWriteInterfaceToken
 .text.parcelReadInt32
                0x0000000000014a30       0x24 C:/devkitPro/libnx/lib\libnx.a(parcel.o)
                0x0000000000014a30                parcelReadInt32
 *fill*         0x0000000000014a54        0xc 
 .text.parcelReadFlattenedObject
                0x0000000000014a60       0x68 C:/devkitPro/libnx/lib\libnx.a(parcel.o)
                0x0000000000014a60                parcelReadFlattenedObject
 *fill*         0x0000000000014ac8        0x8 
 .text.parcelWriteFlattenedObject
                0x0000000000014ad0       0x44 C:/devkitPro/libnx/lib\libnx.a(parcel.o)
                0x0000000000014ad0                parcelWriteFlattenedObject
 *fill*         0x0000000000014b14        0xc 
 .text.nxlinkSetup
                0x0000000000014b20       0xc4 C:/devkitPro/libnx/lib\libnx.a(nxlink.o)
                0x0000000000014b20                nxlinkSetup
 *fill*         0x0000000000014be4        0x4 
 .text.aligned_alloc
                0x0000000000014be8       0x38 c:/devkitpro/devkita64/bin/../lib/gcc/aarch64-none-elf/8.2.0/../../../../aarch64-none-elf/lib/pic\libg.a(lib_a-aligned_alloc.o)
                0x0000000000014be8                aligned_alloc
 .text.atoi     0x0000000000014c20       0x1c c:/devkitpro/devkita64/bin/../lib/gcc/aarch64-none-elf/8.2.0/../../../../aarch64-none-elf/lib/pic\libg.a(lib_a-atoi.o)
                0x0000000000014c20                atoi
 *fill*         0x0000000000014c3c        0x4 
 .text.bsearch  0x0000000000014c40       0xb8 c:/devkitpro/devkita64/bin/../lib/gcc/aarch64-none-elf/8.2.0/../../../../aarch64-none-elf/lib/pic\libg.a(lib_a-bsearch.o)
                0x0000000000014c40                bsearch
 .text.calloc   0x0000000000014cf8       0x30 c:/devkitpro/devkita64/bin/../lib/gcc/aarch64-none-elf/8.2.0/../../../../aarch64-none-elf/lib/pic\libg.a(lib_a-calloc.o)
                0x0000000000014cf8                calloc
 .text._calloc_r
                0x0000000000014d28       0x94 c:/devkitpro/devkita64/bin/../lib/gcc/aarch64-none-elf/8.2.0/../../../../aarch64-none-elf/lib/pic\libg.a(lib_a-callocr.o)
                0x0000000000014d28                _calloc_r
 *fill*         0x0000000000014dbc        0x4 
 .text.__errno  0x0000000000014dc0       0x14 c:/devkitpro/devkita64/bin/../lib/gcc/aarch64-none-elf/8.2.0/../../../../aarch64-none-elf/lib/pic\libg.a(lib_a-errno.o)
                0x0000000000014dc0                __errno
 *fill*         0x0000000000014dd4        0x4 
 .text.__libc_fini_array
                0x0000000000014dd8       0x44 c:/devkitpro/devkita64/bin/../lib/gcc/aarch64-none-elf/8.2.0/../../../../aarch64-none-elf/lib/pic\libg.a(lib_a-fini.o)
                0x0000000000014dd8                __libc_fini_array
 *fill*         0x0000000000014e1c        0x4 
 .text._fwrite_r
                0x0000000000014e20       0xe0 c:/devkitpro/devkita64/bin/../lib/gcc/aarch64-none-elf/8.2.0/../../../../aarch64-none-elf/lib/pic\libg.a(lib_a-fwrite.o)
                0x0000000000014e20                _fwrite_r
 .text.fwrite   0x0000000000014f00       0x40 c:/devkitpro/devkita64/bin/../lib/gcc/aarch64-none-elf/8.2.0/../../../../aarch64-none-elf/lib/pic\libg.a(lib_a-fwrite.o)
                0x0000000000014f00                fwrite
 .text.__libc_init_array
                0x0000000000014f40       0x8c c:/devkitpro/devkita64/bin/../lib/gcc/aarch64-none-elf/8.2.0/../../../../aarch64-none-elf/lib/pic\libg.a(lib_a-init.o)
                0x0000000000014f40                __libc_init_array
 *fill*         0x0000000000014fcc        0x4 
 .text.__locale_mb_cur_max
                0x0000000000014fd0       0x2c c:/devkitpro/devkita64/bin/../lib/gcc/aarch64-none-elf/8.2.0/../../../../aarch64-none-elf/lib/pic\libg.a(lib_a-locale.o)
                0x0000000000014fd0                __locale_mb_cur_max
 *fill*         0x0000000000014ffc        0x4 
 .text.__locale_ctype_ptr_l
                0x0000000000015000        0x8 c:/devkitpro/devkita64/bin/../lib/gcc/aarch64-none-elf/8.2.0/../../../../aarch64-none-elf/lib/pic\libg.a(lib_a-locale.o)
                0x0000000000015000                __locale_ctype_ptr_l
 .text.__locale_ctype_ptr
                0x0000000000015008       0x2c c:/devkitpro/devkita64/bin/../lib/gcc/aarch64-none-elf/8.2.0/../../../../aarch64-none-elf/lib/pic\libg.a(lib_a-locale.o)
                0x0000000000015008                __locale_ctype_ptr
 *fill*         0x0000000000015034        0x4 
 .text.memalign
                0x0000000000015038       0x30 c:/devkitpro/devkita64/bin/../lib/gcc/aarch64-none-elf/8.2.0/../../../../aarch64-none-elf/lib/pic\libg.a(lib_a-malign.o)
                0x0000000000015038                memalign
 .text._memalign_r
                0x0000000000015068      0x198 c:/devkitpro/devkita64/bin/../lib/gcc/aarch64-none-elf/8.2.0/../../../../aarch64-none-elf/lib/pic\libg.a(lib_a-malignr.o)
                0x0000000000015068                _memalign_r
 .text.malloc   0x0000000000015200       0x1c c:/devkitpro/devkita64/bin/../lib/gcc/aarch64-none-elf/8.2.0/../../../../aarch64-none-elf/lib/pic\libg.a(lib_a-malloc.o)
                0x0000000000015200                malloc
 *fill*         0x000000000001521c        0x4 
 .text.free     0x0000000000015220       0x1c c:/devkitpro/devkita64/bin/../lib/gcc/aarch64-none-elf/8.2.0/../../../../aarch64-none-elf/lib/pic\libg.a(lib_a-malloc.o)
                0x0000000000015220                free
 *fill*         0x000000000001523c        0x4 
 .text._malloc_r
                0x0000000000015240      0x844 c:/devkitpro/devkita64/bin/../lib/gcc/aarch64-none-elf/8.2.0/../../../../aarch64-none-elf/lib/pic\libg.a(lib_a-mallocr.o)
                0x0000000000015240                _malloc_r
 *fill*         0x0000000000015a84        0x4 
 .text.__utf8_mbtowc
                0x0000000000015a88      0x2c8 c:/devkitpro/devkita64/bin/../lib/gcc/aarch64-none-elf/8.2.0/../../../../aarch64-none-elf/lib/pic\libg.a(lib_a-mbtowc_r.o)
                0x0000000000015a88                __utf8_mbtowc
 .text          0x0000000000015d50       0xd8 c:/devkitpro/devkita64/bin/../lib/gcc/aarch64-none-elf/8.2.0/../../../../aarch64-none-elf/lib/pic\libg.a(lib_a-memchr.o)
                0x0000000000015d50                memchr
 *fill*         0x0000000000015e28       0x18 
 .text          0x0000000000015e40      0x16c c:/devkitpro/devkita64/bin/../lib/gcc/aarch64-none-elf/8.2.0/../../../../aarch64-none-elf/lib/pic\libg.a(lib_a-memcpy.o)
                0x0000000000015e40                memcpy
 *fill*         0x0000000000015fac       0x14 
 .text          0x0000000000015fc0      0x1d8 c:/devkitpro/devkita64/bin/../lib/gcc/aarch64-none-elf/8.2.0/../../../../aarch64-none-elf/lib/pic\libg.a(lib_a-memset.o)
                0x0000000000015fc0                memset
 .text.__malloc_lock
                0x0000000000016198        0xc c:/devkitpro/devkita64/bin/../lib/gcc/aarch64-none-elf/8.2.0/../../../../aarch64-none-elf/lib/pic\libg.a(lib_a-mlock.o)
                0x0000000000016198                __malloc_lock
 *fill*         0x00000000000161a4        0x4 
 .text.__malloc_unlock
                0x00000000000161a8        0xc c:/devkitpro/devkita64/bin/../lib/gcc/aarch64-none-elf/8.2.0/../../../../aarch64-none-elf/lib/pic\libg.a(lib_a-mlock.o)
                0x00000000000161a8                __malloc_unlock
 *fill*         0x00000000000161b4        0x4 
 .text.printf   0x00000000000161b8       0x8c c:/devkitpro/devkita64/bin/../lib/gcc/aarch64-none-elf/8.2.0/../../../../aarch64-none-elf/lib/pic\libg.a(lib_a-printf.o)
                0x00000000000161b8                printf
 *fill*         0x0000000000016244        0x4 
 .text._puts_r  0x0000000000016248       0xd4 c:/devkitpro/devkita64/bin/../lib/gcc/aarch64-none-elf/8.2.0/../../../../aarch64-none-elf/lib/pic\libg.a(lib_a-puts.o)
                0x0000000000016248                _puts_r
 *fill*         0x000000000001631c        0x4 
 .text.puts     0x0000000000016320       0x1c c:/devkitpro/devkita64/bin/../lib/gcc/aarch64-none-elf/8.2.0/../../../../aarch64-none-elf/lib/pic\libg.a(lib_a-puts.o)
                0x0000000000016320                puts
 *fill*         0x000000000001633c        0x4 
 .text.setenv   0x0000000000016340       0x3c c:/devkitpro/devkita64/bin/../lib/gcc/aarch64-none-elf/8.2.0/../../../../aarch64-none-elf/lib/pic\libg.a(lib_a-setenv.o)
                0x0000000000016340                setenv
 *fill*         0x000000000001637c        0x4 
 .text._setenv_r
                0x0000000000016380      0x264 c:/devkitpro/devkita64/bin/../lib/gcc/aarch64-none-elf/8.2.0/../../../../aarch64-none-elf/lib/pic\libg.a(lib_a-setenv_r.o)
                0x0000000000016380                _setenv_r
 *fill*         0x00000000000165e4        0x4 
 .text.setvbuf  0x00000000000165e8      0x25c c:/devkitpro/devkita64/bin/../lib/gcc/aarch64-none-elf/8.2.0/../../../../aarch64-none-elf/lib/pic\libg.a(lib_a-setvbuf.o)
                0x00000000000165e8                setvbuf
 *fill*         0x0000000000016844        0x4 
 .text.sprintf  0x0000000000016848       0xa8 c:/devkitpro/devkita64/bin/../lib/gcc/aarch64-none-elf/8.2.0/../../../../aarch64-none-elf/lib/pic\libg.a(lib_a-sprintf.o)
                0x0000000000016848                sprintf
 .text.sscanf   0x00000000000168f0       0xbc c:/devkitpro/devkita64/bin/../lib/gcc/aarch64-none-elf/8.2.0/../../../../aarch64-none-elf/lib/pic\libg.a(lib_a-sscanf.o)
                0x00000000000168f0                sscanf
 *fill*         0x00000000000169ac        0x4 
 .text.__sread  0x00000000000169b0       0x50 c:/devkitpro/devkita64/bin/../lib/gcc/aarch64-none-elf/8.2.0/../../../../aarch64-none-elf/lib/pic\libg.a(lib_a-stdio.o)
                0x00000000000169b0                __sread
 .text.__seofread
                0x0000000000016a00        0x8 c:/devkitpro/devkita64/bin/../lib/gcc/aarch64-none-elf/8.2.0/../../../../aarch64-none-elf/lib/pic\libg.a(lib_a-stdio.o)
                0x0000000000016a00                __seofread
 .text.__swrite
                0x0000000000016a08       0x6c c:/devkitpro/devkita64/bin/../lib/gcc/aarch64-none-elf/8.2.0/../../../../aarch64-none-elf/lib/pic\libg.a(lib_a-stdio.o)
                0x0000000000016a08                __swrite
 *fill*         0x0000000000016a74        0x4 
 .text.__sseek  0x0000000000016a78       0x50 c:/devkitpro/devkita64/bin/../lib/gcc/aarch64-none-elf/8.2.0/../../../../aarch64-none-elf/lib/pic\libg.a(lib_a-stdio.o)
                0x0000000000016a78                __sseek
 .text.__sclose
                0x0000000000016ac8        0x8 c:/devkitpro/devkita64/bin/../lib/gcc/aarch64-none-elf/8.2.0/../../../../aarch64-none-elf/lib/pic\libg.a(lib_a-stdio.o)
                0x0000000000016ac8                __sclose
 .text          0x0000000000016ad0       0xdc c:/devkitpro/devkita64/bin/../lib/gcc/aarch64-none-elf/8.2.0/../../../../aarch64-none-elf/lib/pic\libg.a(lib_a-strchr.o)
                0x0000000000016ad0                strchr
 *fill*         0x0000000000016bac       0x14 
 .text          0x0000000000016bc0       0xa4 c:/devkitpro/devkita64/bin/../lib/gcc/aarch64-none-elf/8.2.0/../../../../aarch64-none-elf/lib/pic\libg.a(lib_a-strcmp.o)
                0x0000000000016bc0                strcmp
 *fill*         0x0000000000016c64       0x1c 
 .text          0x0000000000016c80      0x1b8 c:/devkitpro/devkita64/bin/../lib/gcc/aarch64-none-elf/8.2.0/../../../../aarch64-none-elf/lib/pic\libg.a(lib_a-strcpy.o)
                0x0000000000016c80                strcpy
 *fill*         0x0000000000016e38        0x8 
 .text          0x0000000000016e40      0x140 c:/devkitpro/devkita64/bin/../lib/gcc/aarch64-none-elf/8.2.0/../../../../aarch64-none-elf/lib/pic\libg.a(lib_a-strlen.o)
                0x0000000000016e40                strlen
 .text.strncat  0x0000000000016f80       0x84 c:/devkitpro/devkita64/bin/../lib/gcc/aarch64-none-elf/8.2.0/../../../../aarch64-none-elf/lib/pic\libg.a(lib_a-strncat.o)
                0x0000000000016f80                strncat
 *fill*         0x0000000000017004       0x3c 
 .text          0x0000000000017040      0x124 c:/devkitpro/devkita64/bin/../lib/gcc/aarch64-none-elf/8.2.0/../../../../aarch64-none-elf/lib/pic\libg.a(lib_a-strncmp.o)
                0x000000000001705c                strncmp
 *fill*         0x0000000000017164        0x4 
 .text.strncpy  0x0000000000017168       0xa8 c:/devkitpro/devkita64/bin/../lib/gcc/aarch64-none-elf/8.2.0/../../../../aarch64-none-elf/lib/pic\libg.a(lib_a-strncpy.o)
                0x0000000000017168                strncpy
 *fill*         0x0000000000017210       0x30 
 .text          0x0000000000017240       0xe0 c:/devkitpro/devkita64/bin/../lib/gcc/aarch64-none-elf/8.2.0/../../../../aarch64-none-elf/lib/pic\libg.a(lib_a-strnlen.o)
                0x0000000000017264                strnlen
 .text._strtol_l.isra.0
                0x0000000000017320      0x1d0 c:/devkitpro/devkita64/bin/../lib/gcc/aarch64-none-elf/8.2.0/../../../../aarch64-none-elf/lib/pic\libg.a(lib_a-strtol.o)
 .text._strtol_r
                0x00000000000174f0       0x48 c:/devkitpro/devkita64/bin/../lib/gcc/aarch64-none-elf/8.2.0/../../../../aarch64-none-elf/lib/pic\libg.a(lib_a-strtol.o)
                0x00000000000174f0                _strtol_r
 .text.strtol   0x0000000000017538       0x5c c:/devkitpro/devkita64/bin/../lib/gcc/aarch64-none-elf/8.2.0/../../../../aarch64-none-elf/lib/pic\libg.a(lib_a-strtol.o)
                0x0000000000017538                strtol
 *fill*         0x0000000000017594        0x4 
 .text._strtoul_l.isra.0
                0x0000000000017598      0x1e0 c:/devkitpro/devkita64/bin/../lib/gcc/aarch64-none-elf/8.2.0/../../../../aarch64-none-elf/lib/pic\libg.a(lib_a-strtoul.o)
 .text._strtoul_r
                0x0000000000017778       0x48 c:/devkitpro/devkita64/bin/../lib/gcc/aarch64-none-elf/8.2.0/../../../../aarch64-none-elf/lib/pic\libg.a(lib_a-strtoul.o)
                0x0000000000017778                _strtoul_r
 .text.strtoul  0x00000000000177c0       0x5c c:/devkitpro/devkita64/bin/../lib/gcc/aarch64-none-elf/8.2.0/../../../../aarch64-none-elf/lib/pic\libg.a(lib_a-strtoul.o)
                0x00000000000177c0                strtoul
 .text.get_arg  0x000000000001781c      0x76c c:/devkitpro/devkita64/bin/../lib/gcc/aarch64-none-elf/8.2.0/../../../../aarch64-none-elf/lib/pic\libg.a(lib_a-svfprintf.o)
 .text._svfprintf_r
                0x0000000000017f88     0x3b44 c:/devkitpro/devkita64/bin/../lib/gcc/aarch64-none-elf/8.2.0/../../../../aarch64-none-elf/lib/pic\libg.a(lib_a-svfprintf.o)
                0x0000000000017f88                _svfprintf_r
 .text.get_arg  0x000000000001bacc       0x5c c:/devkitpro/devkita64/bin/../lib/gcc/aarch64-none-elf/8.2.0/../../../../aarch64-none-elf/lib/pic\libg.a(lib_a-svfscanf.o)
 .text.__ssvfscanf_r
                0x000000000001bb28     0x2f48 c:/devkitpro/devkita64/bin/../lib/gcc/aarch64-none-elf/8.2.0/../../../../aarch64-none-elf/lib/pic\libg.a(lib_a-svfscanf.o)
                0x000000000001bb28                __ssvfscanf_r
 .text.get_arg  0x000000000001ea70      0x76c c:/devkitpro/devkita64/bin/../lib/gcc/aarch64-none-elf/8.2.0/../../../../aarch64-none-elf/lib/pic\libg.a(lib_a-vfprintf.o)
 .text._vfprintf_r
                0x000000000001f1dc     0x3bfc c:/devkitpro/devkita64/bin/../lib/gcc/aarch64-none-elf/8.2.0/../../../../aarch64-none-elf/lib/pic\libg.a(lib_a-vfprintf.o)
                0x000000000001f1dc                _vfprintf_r
 .text.__sbprintf
                0x0000000000022dd8       0xec c:/devkitpro/devkita64/bin/../lib/gcc/aarch64-none-elf/8.2.0/../../../../aarch64-none-elf/lib/pic\libg.a(lib_a-vfprintf.o)
 *fill*         0x0000000000022ec4        0x4 
 .text._wcrtomb_r
                0x0000000000022ec8       0xd0 c:/devkitpro/devkita64/bin/../lib/gcc/aarch64-none-elf/8.2.0/../../../../aarch64-none-elf/lib/pic\libg.a(lib_a-wcrtomb.o)
                0x0000000000022ec8                _wcrtomb_r
 .text._wcsrtombs_r
                0x0000000000022f98       0x10 c:/devkitpro/devkita64/bin/../lib/gcc/aarch64-none-elf/8.2.0/../../../../aarch64-none-elf/lib/pic\libg.a(lib_a-wcsrtombs.o)
                0x0000000000022f98                _wcsrtombs_r
 .text.__utf8_wctomb
                0x0000000000022fa8       0xe4 c:/devkitpro/devkita64/bin/../lib/gcc/aarch64-none-elf/8.2.0/../../../../aarch64-none-elf/lib/pic\libg.a(lib_a-wctomb_r.o)
                0x0000000000022fa8                __utf8_wctomb
 *fill*         0x000000000002308c        0x4 
 .text.__swsetup_r
                0x0000000000023090      0x140 c:/devkitpro/devkita64/bin/../lib/gcc/aarch64-none-elf/8.2.0/../../../../aarch64-none-elf/lib/pic\libg.a(lib_a-wsetup.o)
                0x0000000000023090                __swsetup_r
 .text.__call_exitprocs
                0x00000000000231d0      0x17c c:/devkitpro/devkita64/bin/../lib/gcc/aarch64-none-elf/8.2.0/../../../../aarch64-none-elf/lib/pic\libg.a(lib_a-__call_atexit.o)
                0x00000000000231d0                __call_exitprocs
 *fill*         0x000000000002334c        0x4 
 .text.quorem   0x0000000000023350      0x1a8 c:/devkitpro/devkita64/bin/../lib/gcc/aarch64-none-elf/8.2.0/../../../../aarch64-none-elf/lib/pic\libg.a(lib_a-dtoa.o)
 .text._dtoa_r  0x00000000000234f8     0x10dc c:/devkitpro/devkita64/bin/../lib/gcc/aarch64-none-elf/8.2.0/../../../../aarch64-none-elf/lib/pic\libg.a(lib_a-dtoa.o)
                0x00000000000234f8                _dtoa_r
 *fill*         0x00000000000245d4        0x4 
 .text.__env_lock
                0x00000000000245d8        0xc c:/devkitpro/devkita64/bin/../lib/gcc/aarch64-none-elf/8.2.0/../../../../aarch64-none-elf/lib/pic\libg.a(lib_a-envlock.o)
                0x00000000000245d8                __env_lock
 *fill*         0x00000000000245e4        0x4 
 .text.__env_unlock
                0x00000000000245e8        0xc c:/devkitpro/devkita64/bin/../lib/gcc/aarch64-none-elf/8.2.0/../../../../aarch64-none-elf/lib/pic\libg.a(lib_a-envlock.o)
                0x00000000000245e8                __env_unlock
 *fill*         0x00000000000245f4        0x4 
 .text.__sflush_r
                0x00000000000245f8      0x214 c:/devkitpro/devkita64/bin/../lib/gcc/aarch64-none-elf/8.2.0/../../../../aarch64-none-elf/lib/pic\libg.a(lib_a-fflush.o)
                0x00000000000245f8                __sflush_r
 *fill*         0x000000000002480c        0x4 
 .text._fflush_r
                0x0000000000024810       0xb8 c:/devkitpro/devkita64/bin/../lib/gcc/aarch64-none-elf/8.2.0/../../../../aarch64-none-elf/lib/pic\libg.a(lib_a-fflush.o)
                0x0000000000024810                _fflush_r
 .text.std      0x00000000000248c8       0x78 c:/devkitpro/devkita64/bin/../lib/gcc/aarch64-none-elf/8.2.0/../../../../aarch64-none-elf/lib/pic\libg.a(lib_a-findfp.o)
 .text._cleanup_r
                0x0000000000024940        0xc c:/devkitpro/devkita64/bin/../lib/gcc/aarch64-none-elf/8.2.0/../../../../aarch64-none-elf/lib/pic\libg.a(lib_a-findfp.o)
                0x0000000000024940                _cleanup_r
 *fill*         0x000000000002494c        0x4 
 .text.__sfp_lock_acquire
                0x0000000000024950        0xc c:/devkitpro/devkita64/bin/../lib/gcc/aarch64-none-elf/8.2.0/../../../../aarch64-none-elf/lib/pic\libg.a(lib_a-findfp.o)
                0x0000000000024950                __sfp_lock_acquire
 *fill*         0x000000000002495c        0x4 
 .text.__sfp_lock_release
                0x0000000000024960        0xc c:/devkitpro/devkita64/bin/../lib/gcc/aarch64-none-elf/8.2.0/../../../../aarch64-none-elf/lib/pic\libg.a(lib_a-findfp.o)
                0x0000000000024960                __sfp_lock_release
 *fill*         0x000000000002496c        0x4 
 .text.__sinit_lock_acquire
                0x0000000000024970        0xc c:/devkitpro/devkita64/bin/../lib/gcc/aarch64-none-elf/8.2.0/../../../../aarch64-none-elf/lib/pic\libg.a(lib_a-findfp.o)
                0x0000000000024970                __sinit_lock_acquire
 *fill*         0x000000000002497c        0x4 
 .text.__sinit_lock_release
                0x0000000000024980        0xc c:/devkitpro/devkita64/bin/../lib/gcc/aarch64-none-elf/8.2.0/../../../../aarch64-none-elf/lib/pic\libg.a(lib_a-findfp.o)
                0x0000000000024980                __sinit_lock_release
 *fill*         0x000000000002498c        0x4 
 .text.__sinit  0x0000000000024990       0x80 c:/devkitpro/devkita64/bin/../lib/gcc/aarch64-none-elf/8.2.0/../../../../aarch64-none-elf/lib/pic\libg.a(lib_a-findfp.o)
                0x0000000000024990                __sinit
 .text._malloc_trim_r
                0x0000000000024a10      0x118 c:/devkitpro/devkita64/bin/../lib/gcc/aarch64-none-elf/8.2.0/../../../../aarch64-none-elf/lib/pic\libg.a(lib_a-freer.o)
                0x0000000000024a10                _malloc_trim_r
 .text._free_r  0x0000000000024b28      0x2f4 c:/devkitpro/devkita64/bin/../lib/gcc/aarch64-none-elf/8.2.0/../../../../aarch64-none-elf/lib/pic\libg.a(lib_a-freer.o)
                0x0000000000024b28                _free_r
 *fill*         0x0000000000024e1c        0x4 
 .text.__sfvwrite_r
                0x0000000000024e20      0x4b8 c:/devkitpro/devkita64/bin/../lib/gcc/aarch64-none-elf/8.2.0/../../../../aarch64-none-elf/lib/pic\libg.a(lib_a-fvwrite.o)
                0x0000000000024e20                __sfvwrite_r
 .text._fwalk_reent
                0x00000000000252d8       0xbc c:/devkitpro/devkita64/bin/../lib/gcc/aarch64-none-elf/8.2.0/../../../../aarch64-none-elf/lib/pic\libg.a(lib_a-fwalk.o)
                0x00000000000252d8                _fwalk_reent
 *fill*         0x0000000000025394        0x4 
 .text._findenv_r
                0x0000000000025398      0x100 c:/devkitpro/devkita64/bin/../lib/gcc/aarch64-none-elf/8.2.0/../../../../aarch64-none-elf/lib/pic\libg.a(lib_a-getenv_r.o)
                0x0000000000025398                _findenv_r
 .text.iswspace
                0x0000000000025498       0x84 c:/devkitpro/devkita64/bin/../lib/gcc/aarch64-none-elf/8.2.0/../../../../aarch64-none-elf/lib/pic\libg.a(lib_a-iswspace.o)
                0x0000000000025498                iswspace
 *fill*         0x000000000002551c        0x4 
 .text.__jp2uc  0x0000000000025520      0x244 c:/devkitpro/devkita64/bin/../lib/gcc/aarch64-none-elf/8.2.0/../../../../aarch64-none-elf/lib/pic\libg.a(lib_a-jp2uc.o)
 *fill*         0x0000000000025764        0x4 
 .text._jp2uc   0x0000000000025768       0xd0 c:/devkitpro/devkita64/bin/../lib/gcc/aarch64-none-elf/8.2.0/../../../../aarch64-none-elf/lib/pic\libg.a(lib_a-jp2uc.o)
                0x0000000000025768                _jp2uc
 .text.__localeconv_l
                0x0000000000025838        0x8 c:/devkitpro/devkita64/bin/../lib/gcc/aarch64-none-elf/8.2.0/../../../../aarch64-none-elf/lib/pic\libg.a(lib_a-localeconv.o)
                0x0000000000025838                __localeconv_l
 .text._localeconv_r
                0x0000000000025840       0x28 c:/devkitpro/devkita64/bin/../lib/gcc/aarch64-none-elf/8.2.0/../../../../aarch64-none-elf/lib/pic\libg.a(lib_a-localeconv.o)
                0x0000000000025840                _localeconv_r
 .text.__swhatbuf_r
                0x0000000000025868       0xa4 c:/devkitpro/devkita64/bin/../lib/gcc/aarch64-none-elf/8.2.0/../../../../aarch64-none-elf/lib/pic\libg.a(lib_a-makebuf.o)