Archive member included to satisfy reference by file (symbol)

C:/devkitPro/libnx/lib\libnx.a(applet.o)
                              main.o (appletMainLoop)
C:/devkitPro/libnx/lib\libnx.a(hid.o)
                              main.o (hidKeysHeld)
C:/devkitPro/libnx/lib\libnx.a(apm.o)
                              C:/devkitPro/libnx/lib\libnx.a(applet.o) (apmExit)
C:/devkitPro/libnx/lib\libnx.a(sm.o)
                              C:/devkitPro/libnx/lib\libnx.a(applet.o) (smGetService)
C:/devkitPro/libnx/lib\libnx.a(fatal.o)
                              C:/devkitPro/libnx/lib\libnx.a(applet.o) (fatalSimple)
C:/devkitPro/libnx/lib\libnx.a(env.o)
                              C:/devkitPro/libnx/lib\libnx.a(applet.o) (envIsNso)
C:/devkitPro/libnx/lib\libnx.a(socket.o)
                              main.o (socketGetDefaultInitConfig)
C:/devkitPro/libnx/lib\libnx.a(console.o)
                              main.o (consoleInit)
C:/devkitPro/libnx/lib\libnx.a(console_sw.o)
                              C:/devkitPro/libnx/lib\libnx.a(console.o) (getDefaultConsoleRenderer)
C:/devkitPro/libnx/lib\libnx.a(convert_errno.o)
                              C:/devkitPro/libnx/lib\libnx.a(socket.o) (_convert_errno)
C:/devkitPro/libnx/lib\libnx.a(svc.o)
                              C:/devkitPro/libnx/lib\libnx.a(applet.o) (svcExitProcess)
C:/devkitPro/libnx/lib\libnx.a(readtp.o)
                              C:/devkitPro/libnx/lib\libnx.a(socket.o) (__aarch64_read_tp)
C:/devkitPro/libnx/lib\libnx.a(switch_crt0.o)
                              (_start)
C:/devkitPro/libnx/lib\libnx.a(default_font.bin.o)
                              C:/devkitPro/libnx/lib\libnx.a(console.o) (default_font_bin)
C:/devkitPro/libnx/lib\libnx.a(detect.o)
                              C:/devkitPro/libnx/lib\libnx.a(applet.o) (kernelAbove200)
C:/devkitPro/libnx/lib\libnx.a(shmem.o)
                              C:/devkitPro/libnx/lib\libnx.a(hid.o) (shmemLoadRemote)
C:/devkitPro/libnx/lib\libnx.a(rwlock.o)
                              C:/devkitPro/libnx/lib\libnx.a(hid.o) (rwlockReadLock)
C:/devkitPro/libnx/lib\libnx.a(tmem.o)
                              C:/devkitPro/libnx/lib\libnx.a(applet.o) (tmemCreate)
C:/devkitPro/libnx/lib\libnx.a(mutex.o)
                              C:/devkitPro/libnx/lib\libnx.a(detect.o) (mutexLock)
C:/devkitPro/libnx/lib\libnx.a(virtmem.o)
                              C:/devkitPro/libnx/lib\libnx.a(shmem.o) (virtmemReserve)
C:/devkitPro/libnx/lib\libnx.a(event.o)
                              C:/devkitPro/libnx/lib\libnx.a(applet.o) (eventLoadRemote)
C:/devkitPro/libnx/lib\libnx.a(sfdnsres.o)
                              C:/devkitPro/libnx/lib\libnx.a(socket.o) (sfdnsresGetHostByName)
C:/devkitPro/libnx/lib\libnx.a(bsd.o)
                              C:/devkitPro/libnx/lib\libnx.a(socket.o) (g_bsdResult)
C:/devkitPro/libnx/lib\libnx.a(nifm.o)
                              C:/devkitPro/libnx/lib\libnx.a(socket.o) (nifmExit)
C:/devkitPro/libnx/lib\libnx.a(gfx.o)
                              C:/devkitPro/libnx/lib\libnx.a(console_sw.o) (gfxInitDefault)
C:/devkitPro/libnx/lib\libnx.a(nvgfx.o)
                              C:/devkitPro/libnx/lib\libnx.a(gfx.o) (nvgfxInitialize)
C:/devkitPro/libnx/lib\libnx.a(dynamic.o)
                              C:/devkitPro/libnx/lib\libnx.a(switch_crt0.o) (__nx_dynamic)
C:/devkitPro/libnx/lib\libnx.a(init.o)
                              C:/devkitPro/libnx/lib\libnx.a(switch_crt0.o) (__libnx_init)
C:/devkitPro/libnx/lib\libnx.a(newlib.o)
                              C:/devkitPro/libnx/lib\libnx.a(init.o) (__libnx_init_time)
C:/devkitPro/libnx/lib\libnx.a(argv.o)
                              C:/devkitPro/libnx/lib\libnx.a(init.o) (argvSetup)
C:/devkitPro/libnx/lib\libnx.a(fs_dev.o)
                              C:/devkitPro/libnx/lib\libnx.a(init.o) (fsdevMountSdmc)
C:/devkitPro/libnx/lib\libnx.a(decode_utf8.o)
                              C:/devkitPro/libnx/lib\libnx.a(fs_dev.o) (decode_utf8)
C:/devkitPro/libnx/lib\libnx.a(cache.o)
                              C:/devkitPro/libnx/lib\libnx.a(gfx.o) (armDCacheFlush)
C:/devkitPro/libnx/lib\libnx.a(nv.o)
                              C:/devkitPro/libnx/lib\libnx.a(gfx.o) (nvExit)
C:/devkitPro/libnx/lib\libnx.a(time.o)
                              C:/devkitPro/libnx/lib\libnx.a(init.o) (timeExit)
C:/devkitPro/libnx/lib\libnx.a(vi.o)
                              C:/devkitPro/libnx/lib\libnx.a(gfx.o) (viExit)
C:/devkitPro/libnx/lib\libnx.a(fs.o)
                              C:/devkitPro/libnx/lib\libnx.a(init.o) (fsInitialize)
C:/devkitPro/libnx/lib\libnx.a(fence.o)
                              C:/devkitPro/libnx/lib\libnx.a(gfx.o) (nvFenceInit)
C:/devkitPro/libnx/lib\libnx.a(nvhost-ctrl.o)
                              C:/devkitPro/libnx/lib\libnx.a(fence.o) (nvioctlNvhostCtrl_EventSignal)
C:/devkitPro/libnx/lib\libnx.a(nvmap.o)
                              C:/devkitPro/libnx/lib\libnx.a(nvgfx.o) (nvioctlNvmap_Create)
[...]
Memory Configuration

Name             Origin             Length             Attributes
*default*        0x0000000000000000 0xffffffffffffffff

Linker script and memory map

                0x0000000000000000                PROVIDE (__start__ = 0x0)
                0x0000000000000000                . = __start__

.crt0           0x0000000000000000      0x130
 *(.crt0)
 .crt0          0x0000000000000000      0x130 C:/devkitPro/libnx/lib\libnx.a(switch_crt0.o)
                0x0000000000000000                _start
                0x0000000000000104                __nx_exit
                0x0000000000000114                __nx_mod0
                0x0000000000000130                . = ALIGN (0x8)

.init           0x0000000000000130       0x38
 *(.init)
 .init          0x0000000000000130       0x18 c:/devkitpro/devkita64/bin/../lib/gcc/aarch64-none-elf/8.2.0/pic/crti.o
                0x0000000000000130                _init
 .init          0x0000000000000148       0x1c c:/devkitpro/devkita64/bin/../lib/gcc/aarch64-none-elf/8.2.0/pic/crtn.o
                0x0000000000000168                . = ALIGN (0x8)
 *fill*         0x0000000000000164        0x4 

.plt            0x0000000000000168        0x0
 *(.plt)
 .plt           0x0000000000000168        0x0 c:/devkitpro/devkita64/bin/../lib/gcc/aarch64-none-elf/8.2.0/pic/crti.o
 *(.iplt)
                0x0000000000000168                . = ALIGN (0x8)

.text           0x0000000000000180    0x27360
 *(.text.unlikely .text.*_unlikely .text.unlikely.*)
 *(.text.exit .text.exit.*)
 .text.exit     0x0000000000000180       0x38 c:/devkitpro/devkita64/bin/../lib/gcc/aarch64-none-elf/8.2.0/../../../../aarch64-none-elf/lib/pic\libg.a(lib_a-exit.o)
                0x0000000000000180                exit
 *(.text.startup .text.startup.*)
 *fill*         0x00000000000001b8        0x8 
 .text.startup.main
                0x00000000000001c0      0x664 main.o
                0x00000000000001c0                main
 *(.text.hot .text.hot.*)
 *(.text .stub .text.* .gnu.linkonce.t.*)
 *fill*         0x0000000000000824        0x4 
 .text.deregister_tm_clones
                0x0000000000000828       0x2c c:/devkitpro/devkita64/bin/../lib/gcc/aarch64-none-elf/8.2.0/pic/crtbegin.o
 *fill*         0x0000000000000854        0x4 
 .text.register_tm_clones
                0x0000000000000858       0x38 c:/devkitpro/devkita64/bin/../lib/gcc/aarch64-none-elf/8.2.0/pic/crtbegin.o
 .text.__do_global_dtors_aux
                0x0000000000000890       0x48 c:/devkitpro/devkita64/bin/../lib/gcc/aarch64-none-elf/8.2.0/pic/crtbegin.o
 .text.frame_dummy
                0x00000000000008d8       0x34 c:/devkitpro/devkita64/bin/../lib/gcc/aarch64-none-elf/8.2.0/pic/crtbegin.o
 *fill*         0x000000000000090c        0x4 
 .text.ipcCloseObjectById
                0x0000000000000910       0x34 C:/devkitPro/libnx/lib\libnx.a(applet.o)
 *fill*         0x0000000000000944        0xc 
 .text._appletCmdNoIO
                0x0000000000000950       0xc4 C:/devkitPro/libnx/lib\libnx.a(applet.o)
 *fill*         0x0000000000000a14        0xc 
 .text._appletGetHandle
                0x0000000000000a20      0x124 C:/devkitPro/libnx/lib\libnx.a(applet.o)
 *fill*         0x0000000000000b44        0xc 
 .text._appletReceiveMessage
                0x0000000000000b50       0xec C:/devkitPro/libnx/lib\libnx.a(applet.o)
 *fill*         0x0000000000000c3c        0x4 
 .text._appletGetOperationMode.constprop.17
                0x0000000000000c40       0xe0 C:/devkitPro/libnx/lib\libnx.a(applet.o)
 .text._appletGetPerformanceMode.constprop.18
                0x0000000000000d20       0xe0 C:/devkitPro/libnx/lib\libnx.a(applet.o)
 .text._appletGetCurrentFocusState.constprop.19
                0x0000000000000e00       0xe0 C:/devkitPro/libnx/lib\libnx.a(applet.o)
 .text._appletAcquireForegroundRights
                0x0000000000000ee0       0xcc C:/devkitPro/libnx/lib\libnx.a(applet.o)
 *fill*         0x0000000000000fac        0x4 
 .text._appletSetPerformanceModeChangedNotification.constprop.21
                0x0000000000000fb0       0xd4 C:/devkitPro/libnx/lib\libnx.a(applet.o)
 *fill*         0x0000000000001084        0xc 
 .text._appletSetOutOfFocusSuspendingEnabled
                0x0000000000001090       0xd0 C:/devkitPro/libnx/lib\libnx.a(applet.o)
 .text._appletSetOperationModeChangedNotification.constprop.20
                0x0000000000001160       0xd4 C:/devkitPro/libnx/lib\libnx.a(applet.o)
 *fill*         0x0000000000001234        0xc 
 .text._appletSetFocusHandlingMode
                0x0000000000001240       0xd8 C:/devkitPro/libnx/lib\libnx.a(applet.o)
 *fill*         0x0000000000001318        0x8 
 .text._appletGetAppletResourceUserId.constprop.15
                0x0000000000001320       0xe0 C:/devkitPro/libnx/lib\libnx.a(applet.o)
 .text._appletGetSessionProxy.constprop.14
                0x0000000000001400      0x13c C:/devkitPro/libnx/lib\libnx.a(applet.o)
 *fill*         0x000000000000153c        0x4 
 .text.appletGetAppletType
                0x0000000000001540       0x10 C:/devkitPro/libnx/lib\libnx.a(applet.o)
                0x0000000000001540                appletGetAppletType
 .text.appletHook
                0x0000000000001550       0x28 C:/devkitPro/libnx/lib\libnx.a(applet.o)
                0x0000000000001550                appletHook
 *fill*         0x0000000000001578        0x8 
 .text.appletUnhook
                0x0000000000001580       0x34 C:/devkitPro/libnx/lib\libnx.a(applet.o)
                0x0000000000001580                appletUnhook
 *fill*         0x00000000000015b4        0xc 
 .text.appletGetAppletResourceUserId
                0x00000000000015c0       0x28 C:/devkitPro/libnx/lib\libnx.a(applet.o)
                0x00000000000015c0                appletGetAppletResourceUserId
 *fill*         0x00000000000015e8        0x8 
 .text.appletNotifyRunning
                0x00000000000015f0      0x120 C:/devkitPro/libnx/lib\libnx.a(applet.o)
                0x00000000000015f0                appletNotifyRunning
 .text.appletSetGamePlayRecordingState
                0x0000000000001710      0x124 C:/devkitPro/libnx/lib\libnx.a(applet.o)
                0x0000000000001710                appletSetGamePlayRecordingState
 *fill*         0x0000000000001834        0xc 
 .text.appletExit
                0x0000000000001840      0x6c0 C:/devkitPro/libnx/lib\libnx.a(applet.o)
                0x0000000000001840                appletExit
 .text.appletInitialize
                0x0000000000001f00      0x594 C:/devkitPro/libnx/lib\libnx.a(applet.o)
                0x0000000000001f00                appletInitialize
 *fill*         0x0000000000002494        0xc 
 .text._appletExitProcess
                0x00000000000024a0       0x10 C:/devkitPro/libnx/lib\libnx.a(applet.o)
 .text.appletCreateManagedDisplayLayer
                0x00000000000024b0       0xec C:/devkitPro/libnx/lib\libnx.a(applet.o)
                0x00000000000024b0                appletCreateManagedDisplayLayer
 *fill*         0x000000000000259c        0x4 
 .text.appletGetOperationMode
                0x00000000000025a0        0xc C:/devkitPro/libnx/lib\libnx.a(applet.o)
                0x00000000000025a0                appletGetOperationMode
 *fill*         0x00000000000025ac        0x4 
 .text.appletMainLoop
                0x00000000000025b0      0x17c C:/devkitPro/libnx/lib\libnx.a(applet.o)
                0x00000000000025b0                appletMainLoop
 *fill*         0x000000000000272c        0x4 
 .text.ipcCloseObjectById
                0x0000000000002730       0x34 C:/devkitPro/libnx/lib\libnx.a(hid.o)
 *fill*         0x0000000000002764        0xc 
 .text._hidGetSharedMemoryHandle.constprop.11
                0x0000000000002770      0x124 C:/devkitPro/libnx/lib\libnx.a(hid.o)
 *fill*         0x0000000000002894        0xc 
 .text._hidCreateAppletResource.constprop.10
                0x00000000000028a0      0x134 C:/devkitPro/libnx/lib\libnx.a(hid.o)
 *fill*         0x00000000000029d4        0xc 
 .text._hidCmdWithNoInput
                0x00000000000029e0      0x100 C:/devkitPro/libnx/lib\libnx.a(hid.o)
 .text._hidCmdWithInputU32
                0x0000000000002ae0      0x10c C:/devkitPro/libnx/lib\libnx.a(hid.o)
 *fill*         0x0000000000002bec        0x4 
 .text.hidReset
                0x0000000000002bf0      0x1d0 C:/devkitPro/libnx/lib\libnx.a(hid.o)
                0x0000000000002bf0                hidReset
 .text.hidGetSharedmemAddr
                0x0000000000002dc0        0xc C:/devkitPro/libnx/lib\libnx.a(hid.o)
                0x0000000000002dc0                hidGetSharedmemAddr
 *fill*         0x0000000000002dcc        0x4 
 .text.hidKeysHeld
                0x0000000000002dd0       0x6c C:/devkitPro/libnx/lib\libnx.a(hid.o)
                0x0000000000002dd0                hidKeysHeld
 *fill*         0x0000000000002e3c        0x4 
 .text.hidTouchCount
                0x0000000000002e40        0xc C:/devkitPro/libnx/lib\libnx.a(hid.o)
                0x0000000000002e40                hidTouchCount
 *fill*         0x0000000000002e4c        0x4 
 .text.hidScanInput
                0x0000000000002e50      0x560 C:/devkitPro/libnx/lib\libnx.a(hid.o)
                0x0000000000002e50                hidScanInput
 .text.hidJoystickRead
                0x00000000000033b0       0xac C:/devkitPro/libnx/lib\libnx.a(hid.o)
                0x00000000000033b0                hidJoystickRead
 *fill*         0x000000000000345c        0x4 
 .text.hidSetSupportedNpadIdType
                0x0000000000003460      0x198 C:/devkitPro/libnx/lib\libnx.a(hid.o)
                0x0000000000003460                hidSetSupportedNpadIdType
 *fill*         0x00000000000035f8        0x8 
 .text.hidSetSupportedNpadStyleSet
                0x0000000000003600        0xc C:/devkitPro/libnx/lib\libnx.a(hid.o)
                0x0000000000003600                hidSetSupportedNpadStyleSet
 *fill*         0x000000000000360c        0x4 
 .text.hidSetNpadJoyAssignmentModeDual
                0x0000000000003610        0xc C:/devkitPro/libnx/lib\libnx.a(hid.o)
                0x0000000000003610                hidSetNpadJoyAssignmentModeDual
 *fill*         0x000000000000361c        0x4 
 .text.hidExit  0x0000000000003620      0x130 C:/devkitPro/libnx/lib\libnx.a(hid.o)
                0x0000000000003620                hidExit
 .text.hidInitialize
                0x0000000000003750      0x15c C:/devkitPro/libnx/lib\libnx.a(hid.o)
                0x0000000000003750                hidInitialize
 *fill*         0x00000000000038ac        0x4 
 .text.ipcCloseObjectById
                0x00000000000038b0       0x34 C:/devkitPro/libnx/lib\libnx.a(apm.o)
 *fill*         0x00000000000038e4        0xc 
 .text._apmGetSession.constprop.4
                0x00000000000038f0      0x124 C:/devkitPro/libnx/lib\libnx.a(apm.o)
 *fill*         0x0000000000003a14        0xc 
 .text.apmExit  0x0000000000003a20       0xf0 C:/devkitPro/libnx/lib\libnx.a(apm.o)
                0x0000000000003a20                apmExit
 .text.apmInitialize
                0x0000000000003b10       0x8c C:/devkitPro/libnx/lib\libnx.a(apm.o)
                0x0000000000003b10                apmInitialize
 *fill*         0x0000000000003b9c        0x4 
 .text.apmSetPerformanceConfiguration
                0x0000000000003ba0       0xcc C:/devkitPro/libnx/lib\libnx.a(apm.o)
                0x0000000000003ba0                apmSetPerformanceConfiguration
 *fill*         0x0000000000003c6c        0x4 
 .text.smAddOverrideHandle
                0x0000000000003c70       0x44 C:/devkitPro/libnx/lib\libnx.a(sm.o)
                0x0000000000003c70                smAddOverrideHandle
 *fill*         0x0000000000003cb4        0xc 
 .text.smGetServiceOverride
                0x0000000000003cc0       0x60 C:/devkitPro/libnx/lib\libnx.a(sm.o)
                0x0000000000003cc0                smGetServiceOverride
 .text.smHasInitialized
                0x0000000000003d20       0x14 C:/devkitPro/libnx/lib\libnx.a(sm.o)
                0x0000000000003d20                smHasInitialized
 *fill*         0x0000000000003d34        0xc 
 .text.smExit   0x0000000000003d40       0x5c C:/devkitPro/libnx/lib\libnx.a(sm.o)
                0x0000000000003d40                smExit
 *fill*         0x0000000000003d9c        0x4 
 .text.smEncodeName
                0x0000000000003da0       0x38 C:/devkitPro/libnx/lib\libnx.a(sm.o)
                0x0000000000003da0                smEncodeName
 *fill*         0x0000000000003dd8        0x8 
 .text.smGetServiceOriginal
                0x0000000000003de0      0x12c C:/devkitPro/libnx/lib\libnx.a(sm.o)
                0x0000000000003de0                smGetServiceOriginal
 *fill*         0x0000000000003f0c        0x4 
 .text.smInitialize
                0x0000000000003f10      0x158 C:/devkitPro/libnx/lib\libnx.a(sm.o)
                0x0000000000003f10                smInitialize
 *fill*         0x0000000000004068        0x8 
 .text.smGetService
                0x0000000000004070       0x74 C:/devkitPro/libnx/lib\libnx.a(sm.o)
                0x0000000000004070                smGetService
 *fill*         0x00000000000040e4        0xc 
 .text.fatalWithType
                0x00000000000040f0      0x104 C:/devkitPro/libnx/lib\libnx.a(fatal.o)
                0x00000000000040f0                fatalWithType
 *fill*         0x00000000000041f4        0xc 
 .text.fatalSimple
                0x0000000000004200       0x14 C:/devkitPro/libnx/lib\libnx.a(fatal.o)
                0x0000000000004200                fatalSimple
 *fill*         0x0000000000004214        0xc 
 .text.envSetup
                0x0000000000004220      0x208 C:/devkitPro/libnx/lib\libnx.a(env.o)
                0x0000000000004220                envSetup
 *fill*         0x0000000000004428        0x8 
 .text.envGetMainThreadHandle
                0x0000000000004430       0x20 C:/devkitPro/libnx/lib\libnx.a(env.o)
                0x0000000000004430                envGetMainThreadHandle
 .text.envIsNso
                0x0000000000004450        0xc C:/devkitPro/libnx/lib\libnx.a(env.o)
                0x0000000000004450                envIsNso
 *fill*         0x000000000000445c        0x4 
 .text.envHasHeapOverride
                0x0000000000004460       0x14 C:/devkitPro/libnx/lib\libnx.a(env.o)
                0x0000000000004460                envHasHeapOverride
 *fill*         0x0000000000004474        0xc 
 .text.envGetHeapOverrideAddr
                0x0000000000004480        0xc C:/devkitPro/libnx/lib\libnx.a(env.o)
                0x0000000000004480                envGetHeapOverrideAddr
 *fill*         0x000000000000448c        0x4 
 .text.envGetHeapOverrideSize
                0x0000000000004490        0xc C:/devkitPro/libnx/lib\libnx.a(env.o)
                0x0000000000004490                envGetHeapOverrideSize
 *fill*         0x000000000000449c        0x4 
 .text.envHasArgv
                0x00000000000044a0       0x14 C:/devkitPro/libnx/lib\libnx.a(env.o)
                0x00000000000044a0                envHasArgv
 *fill*         0x00000000000044b4        0xc 
 .text.envGetArgv
                0x00000000000044c0        0xc C:/devkitPro/libnx/lib\libnx.a(env.o)
                0x00000000000044c0                envGetArgv
 *fill*         0x00000000000044cc        0x4 
 .text.envGetExitFuncPtr
                0x00000000000044d0        0xc C:/devkitPro/libnx/lib\libnx.a(env.o)
                0x00000000000044d0                envGetExitFuncPtr
 *fill*         0x00000000000044dc        0x4 
 .text.envSetExitFuncPtr
                0x00000000000044e0        0xc C:/devkitPro/libnx/lib\libnx.a(env.o)
                0x00000000000044e0                envSetExitFuncPtr
 *fill*         0x00000000000044ec        0x4 
 .text._socketInetAtonDetail
                0x00000000000044f0      0x240 C:/devkitPro/libnx/lib\libnx.a(socket.o)
 .text._socketParseBsdResult.part.0
                0x0000000000004730       0xa8 C:/devkitPro/libnx/lib\libnx.a(socket.o)
 *fill*         0x00000000000047d8        0x8 
 .text._socketRead
                0x00000000000047e0       0x48 C:/devkitPro/libnx/lib\libnx.a(socket.o)
 *fill*         0x0000000000004828        0x8 
 .text._socketWrite
                0x0000000000004830       0x48 C:/devkitPro/libnx/lib\libnx.a(socket.o)
 *fill*         0x0000000000004878        0x8 
 .text._socketClose
                0x0000000000004880       0x3c C:/devkitPro/libnx/lib\libnx.a(socket.o)
 *fill*         0x00000000000048bc        0x4 
 .text._socketOpen
                0x00000000000048c0       0x7c C:/devkitPro/libnx/lib\libnx.a(socket.o)
 *fill*         0x000000000000493c        0x4 
 .text._socketGetFd
                0x0000000000004940       0x80 C:/devkitPro/libnx/lib\libnx.a(socket.o)
 .text.socketGetDefaultInitConfig
                0x00000000000049c0        0xc C:/devkitPro/libnx/lib\libnx.a(socket.o)
                0x00000000000049c0                socketGetDefaultInitConfig
 *fill*         0x00000000000049cc        0x4 
 .text.socketExit
                0x00000000000049d0       0x20 C:/devkitPro/libnx/lib\libnx.a(socket.o)
                0x00000000000049d0                socketExit
 .text.socketInitialize
                0x00000000000049f0      0x108 C:/devkitPro/libnx/lib\libnx.a(socket.o)
                0x00000000000049f0                socketInitialize
 *fill*         0x0000000000004af8        0x8 
 .text.socket   0x0000000000004b00       0xa4 C:/devkitPro/libnx/lib\libnx.a(socket.o)
                0x0000000000004b00                socket
 *fill*         0x0000000000004ba4        0xc 
 .text.sendto   0x0000000000004bb0       0x58 C:/devkitPro/libnx/lib\libnx.a(socket.o)
                0x0000000000004bb0                sendto
 *fill*         0x0000000000004c08        0x8 
 .text.inet_aton
                0x0000000000004c10       0x24 C:/devkitPro/libnx/lib\libnx.a(socket.o)
                0x0000000000004c10                inet_aton
 *fill*         0x0000000000004c34        0xc 
 .text.consoleDrawChar
                0x0000000000004c40       0x44 C:/devkitPro/libnx/lib\libnx.a(console.o)
 *fill*         0x0000000000004c84        0xc 
 .text.consoleClearLine
                0x0000000000004c90      0x140 C:/devkitPro/libnx/lib\libnx.a(console.o)
 .text.consoleNewRow
                0x0000000000004dd0       0x4c C:/devkitPro/libnx/lib\libnx.a(console.o)
 *fill*         0x0000000000004e1c        0x4 
 .text.consolePrintChar
                0x0000000000004e20      0x118 C:/devkitPro/libnx/lib\libnx.a(console.o)
 *fill*         0x0000000000004f38        0x8 
 .text.consoleCls
                0x0000000000004f40      0x15c C:/devkitPro/libnx/lib\libnx.a(console.o)
 *fill*         0x000000000000509c        0x4 
 .text.con_write
                0x00000000000050a0      0x7e0 C:/devkitPro/libnx/lib\libnx.a(console.o)
 .text.consoleInit
                0x0000000000005880      0x114 C:/devkitPro/libnx/lib\libnx.a(console.o)
                0x0000000000005880                consoleInit
 *fill*         0x0000000000005994        0xc 
 .text.consoleExit
                0x00000000000059a0       0x48 C:/devkitPro/libnx/lib\libnx.a(console.o)
                0x00000000000059a0                consoleExit
 *fill*         0x00000000000059e8        0x8 
 .text.consoleUpdate
                0x00000000000059f0       0x28 C:/devkitPro/libnx/lib\libnx.a(console.o)
                0x00000000000059f0                consoleUpdate
 *fill*         0x0000000000005a18        0x8 
 .text.ConsoleSwRenderer_flushAndSwap
                0x0000000000005a20       0x14 C:/devkitPro/libnx/lib\libnx.a(console_sw.o)
 *fill*         0x0000000000005a34        0xc 
 .text.ConsoleSwRenderer_deinit
                0x0000000000005a40        0x4 C:/devkitPro/libnx/lib\libnx.a(console_sw.o)
 *fill*         0x0000000000005a44        0xc 
 .text.ConsoleSwRenderer_init
                0x0000000000005a50       0xac C:/devkitPro/libnx/lib\libnx.a(console_sw.o)
 *fill*         0x0000000000005afc        0x4 
 .text.ConsoleSwRenderer_drawChar
                0x0000000000005b00      0x224 C:/devkitPro/libnx/lib\libnx.a(console_sw.o)
 *fill*         0x0000000000005d24        0xc 
 .text.ConsoleSwRenderer_scrollWindow
                0x0000000000005d30      0x158 C:/devkitPro/libnx/lib\libnx.a(console_sw.o)
 *fill*         0x0000000000005e88        0x8 
 .text.getDefaultConsoleRenderer
                0x0000000000005e90        0xc C:/devkitPro/libnx/lib\libnx.a(console_sw.o)
                0x0000000000005e90                getDefaultConsoleRenderer
 *fill*         0x0000000000005e9c        0x4 
 .text._convert_errno
                0x0000000000005ea0       0x30 C:/devkitPro/libnx/lib\libnx.a(convert_errno.o)
                0x0000000000005ea0                _convert_errno
 .text.svcSetHeapSize
                0x0000000000005ed0       0x14 C:/devkitPro/libnx/lib\libnx.a(svc.o)
                0x0000000000005ed0                svcSetHeapSize
 .text.svcUnmapMemory
                0x0000000000005ee4        0x8 C:/devkitPro/libnx/lib\libnx.a(svc.o)
                0x0000000000005ee4                svcUnmapMemory
 .text.svcQueryMemory
                0x0000000000005eec       0x14 C:/devkitPro/libnx/lib\libnx.a(svc.o)
                0x0000000000005eec                svcQueryMemory
 .text.svcExitProcess
                0x0000000000005f00        0x8 C:/devkitPro/libnx/lib\libnx.a(svc.o)
                0x0000000000005f00                svcExitProcess
 .text.svcSleepThread
                0x0000000000005f08        0x8 C:/devkitPro/libnx/lib\libnx.a(svc.o)
                0x0000000000005f08                svcSleepThread
 .text.svcMapSharedMemory
                0x0000000000005f10        0x8 C:/devkitPro/libnx/lib\libnx.a(svc.o)
                0x0000000000005f10                svcMapSharedMemory
 .text.svcUnmapSharedMemory
                0x0000000000005f18        0x8 C:/devkitPro/libnx/lib\libnx.a(svc.o)
                0x0000000000005f18                svcUnmapSharedMemory
 .text.svcCreateTransferMemory
                0x0000000000005f20       0x14 C:/devkitPro/libnx/lib\libnx.a(svc.o)
                0x0000000000005f20                svcCreateTransferMemory
 .text.svcCloseHandle
                0x0000000000005f34        0x8 C:/devkitPro/libnx/lib\libnx.a(svc.o)
                0x0000000000005f34                svcCloseHandle
 .text.svcResetSignal
                0x0000000000005f3c        0x8 C:/devkitPro/libnx/lib\libnx.a(svc.o)
                0x0000000000005f3c                svcResetSignal
 .text.svcWaitSynchronization
                0x0000000000005f44       0x14 C:/devkitPro/libnx/lib\libnx.a(svc.o)
                0x0000000000005f44                svcWaitSynchronization
 .text.svcArbitrateLock
                0x0000000000005f58        0x8 C:/devkitPro/libnx/lib\libnx.a(svc.o)
                0x0000000000005f58                svcArbitrateLock
 .text.svcArbitrateUnlock
                0x0000000000005f60        0x8 C:/devkitPro/libnx/lib\libnx.a(svc.o)
                0x0000000000005f60                svcArbitrateUnlock
 .text.svcConnectToNamedPort
                0x0000000000005f68       0x14 C:/devkitPro/libnx/lib\libnx.a(svc.o)
                0x0000000000005f68                svcConnectToNamedPort
 .text.svcSendSyncRequest
                0x0000000000005f7c        0x8 C:/devkitPro/libnx/lib\libnx.a(svc.o)
                0x0000000000005f7c                svcSendSyncRequest
 .text.svcBreak
                0x0000000000005f84        0x8 C:/devkitPro/libnx/lib\libnx.a(svc.o)
                0x0000000000005f84                svcBreak
 .text.svcGetInfo
                0x0000000000005f8c       0x14 C:/devkitPro/libnx/lib\libnx.a(svc.o)
                0x0000000000005f8c                svcGetInfo
 .text.svcUnmapTransferMemory
                0x0000000000005fa0        0x8 C:/devkitPro/libnx/lib\libnx.a(svc.o)
                0x0000000000005fa0                svcUnmapTransferMemory
 .text.__aarch64_read_tp
                0x0000000000005fa8        0xc C:/devkitPro/libnx/lib\libnx.a(readtp.o)
                0x0000000000005fa8                __aarch64_read_tp
 *fill*         0x0000000000005fb4        0xc 
 .text._CacheValues
                0x0000000000005fc0      0x180 C:/devkitPro/libnx/lib\libnx.a(detect.o)
 .text.kernelAbove200
                0x0000000000006140       0x1c C:/devkitPro/libnx/lib\libnx.a(detect.o)
                0x0000000000006140                kernelAbove200
 *fill*         0x000000000000615c        0x4 
 .text.kernelAbove300
                0x0000000000006160       0x1c C:/devkitPro/libnx/lib\libnx.a(detect.o)
                0x0000000000006160                kernelAbove300
 *fill*         0x000000000000617c        0x4 
 .text.detectDebugger
                0x0000000000006180       0x30 C:/devkitPro/libnx/lib\libnx.a(detect.o)
                0x0000000000006180                detectDebugger
 .text.shmemLoadRemote
                0x00000000000061b0       0x14 C:/devkitPro/libnx/lib\libnx.a(shmem.o)
                0x00000000000061b0                shmemLoadRemote
 *fill*         0x00000000000061c4        0xc 
 .text.shmemMap
                0x00000000000061d0       0x84 C:/devkitPro/libnx/lib\libnx.a(shmem.o)
                0x00000000000061d0                shmemMap
 *fill*         0x0000000000006254        0xc 
 .text.shmemUnmap
                0x0000000000006260       0x58 C:/devkitPro/libnx/lib\libnx.a(shmem.o)
                0x0000000000006260                shmemUnmap
 *fill*         0x00000000000062b8        0x8 
 .text.shmemClose
                0x00000000000062c0       0x44 C:/devkitPro/libnx/lib\libnx.a(shmem.o)
                0x00000000000062c0                shmemClose
 *fill*         0x0000000000006304        0xc 
 .text.rwlockReadLock
                0x0000000000006310       0x4c C:/devkitPro/libnx/lib\libnx.a(rwlock.o)
                0x0000000000006310                rwlockReadLock
 *fill*         0x000000000000635c        0x4 
 .text.rwlockReadUnlock
                0x0000000000006360       0x4c C:/devkitPro/libnx/lib\libnx.a(rwlock.o)
                0x0000000000006360                rwlockReadUnlock
 *fill*         0x00000000000063ac        0x4 
 .text.rwlockWriteLock
                0x00000000000063b0        0x8 C:/devkitPro/libnx/lib\libnx.a(rwlock.o)
                0x00000000000063b0                rwlockWriteLock
 *fill*         0x00000000000063b8        0x8 
 .text.rwlockWriteUnlock
                0x00000000000063c0        0x8 C:/devkitPro/libnx/lib\libnx.a(rwlock.o)
                0x00000000000063c0                rwlockWriteUnlock
 *fill*         0x00000000000063c8        0x8 
 .text.tmemCreate
                0x00000000000063d0       0xa8 C:/devkitPro/libnx/lib\libnx.a(tmem.o)
                0x00000000000063d0                tmemCreate
 *fill*         0x0000000000006478        0x8 
 .text.tmemUnmap
                0x0000000000006480       0x58 C:/devkitPro/libnx/lib\libnx.a(tmem.o)
                0x0000000000006480                tmemUnmap
 *fill*         0x00000000000064d8        0x8 
 .text.tmemClose
                0x00000000000064e0       0x68 C:/devkitPro/libnx/lib\libnx.a(tmem.o)
                0x00000000000064e0                tmemClose
 *fill*         0x0000000000006548        0x8 
 .text.mutexLock
                0x0000000000006550       0x8c C:/devkitPro/libnx/lib\libnx.a(mutex.o)
                0x0000000000006550                mutexLock
 *fill*         0x00000000000065dc        0x4 
 .text.mutexUnlock
                0x00000000000065e0       0x30 C:/devkitPro/libnx/lib\libnx.a(mutex.o)
                0x00000000000065e0                mutexUnlock
 .text.rmutexLock
                0x0000000000006610       0x4c C:/devkitPro/libnx/lib\libnx.a(mutex.o)
                0x0000000000006610                rmutexLock
 *fill*         0x000000000000665c        0x4 
 .text.rmutexUnlock
                0x0000000000006660       0x1c C:/devkitPro/libnx/lib\libnx.a(mutex.o)
                0x0000000000006660                rmutexUnlock
 *fill*         0x000000000000667c        0x4 
 .text._GetRegionFromInfo.isra.1
                0x0000000000006680       0x7c C:/devkitPro/libnx/lib\libnx.a(virtmem.o)
 *fill*         0x00000000000066fc        0x4 
 .text.virtmemSetup
                0x0000000000006700      0x114 C:/devkitPro/libnx/lib\libnx.a(virtmem.o)
                0x0000000000006700                virtmemSetup
 *fill*         0x0000000000006814        0xc 
 .text.virtmemReserve
                0x0000000000006820      0x13c C:/devkitPro/libnx/lib\libnx.a(virtmem.o)
                0x0000000000006820                virtmemReserve
 *fill*         0x000000000000695c        0x4 
 .text.virtmemFree
                0x0000000000006960        0x4 C:/devkitPro/libnx/lib\libnx.a(virtmem.o)
                0x0000000000006960                virtmemFree
 *fill*         0x0000000000006964        0xc 
 .text.eventLoadRemote
                0x0000000000006970        0xc C:/devkitPro/libnx/lib\libnx.a(event.o)
                0x0000000000006970                eventLoadRemote
 *fill*         0x000000000000697c        0x4 
 .text.eventWait
                0x0000000000006980      0x11c C:/devkitPro/libnx/lib\libnx.a(event.o)
                0x0000000000006980                eventWait
 *fill*         0x0000000000006a9c        0x4 
 .text.eventClose
                0x0000000000006aa0       0x50 C:/devkitPro/libnx/lib\libnx.a(event.o)
                0x0000000000006aa0                eventClose
 .text.ipcCloseObjectById
                0x0000000000006af0       0x34 C:/devkitPro/libnx/lib\libnx.a(bsd.o)
 *fill*         0x0000000000006b24        0xc 
 .text._bsdRegisterClient.isra.5.constprop.11
                0x0000000000006b30      0x120 C:/devkitPro/libnx/lib\libnx.a(bsd.o)
 .text._bsdDispatchBasicCommand.isra.6
                0x0000000000006c50      0x308 C:/devkitPro/libnx/lib\libnx.a(bsd.o)
 *fill*         0x0000000000006f58        0x8 
 .text._bsdSocketCreationCommand
                0x0000000000006f60       0x44 C:/devkitPro/libnx/lib\libnx.a(bsd.o)
 *fill*         0x0000000000006fa4        0xc 
 .text.ipcQueryPointerBufferSize.constprop.10
                0x0000000000006fb0       0xc8 C:/devkitPro/libnx/lib\libnx.a(bsd.o)
 *fill*         0x0000000000007078        0x8 
 .text._bsdStartMonitor.constprop.9
                0x0000000000007080       0xf8 C:/devkitPro/libnx/lib\libnx.a(bsd.o)
 *fill*         0x0000000000007178        0x8 
 .text.bsdExit  0x0000000000007180       0xf0 C:/devkitPro/libnx/lib\libnx.a(bsd.o)
                0x0000000000007180                bsdExit
 .text.bsdInitialize
                0x0000000000007270      0x14c C:/devkitPro/libnx/lib\libnx.a(bsd.o)
                0x0000000000007270                bsdInitialize
 *fill*         0x00000000000073bc        0x4 
 .text.bsdSocket
                0x00000000000073c0       0x14 C:/devkitPro/libnx/lib\libnx.a(bsd.o)
                0x00000000000073c0                bsdSocket
 *fill*         0x00000000000073d4        0xc 
 .text.bsdOpen  0x00000000000073e0       0xc4 C:/devkitPro/libnx/lib\libnx.a(bsd.o)
                0x00000000000073e0                bsdOpen
 *fill*         0x00000000000074a4        0xc 
 .text.bsdSendTo
                0x00000000000074b0      0x1b0 C:/devkitPro/libnx/lib\libnx.a(bsd.o)
                0x00000000000074b0                bsdSendTo
 .text.bsdWrite
                0x0000000000007660       0xbc C:/devkitPro/libnx/lib\libnx.a(bsd.o)
                0x0000000000007660                bsdWrite
 *fill*         0x000000000000771c        0x4 
 .text.bsdRead  0x0000000000007720       0xfc C:/devkitPro/libnx/lib\libnx.a(bsd.o)
                0x0000000000007720                bsdRead
 *fill*         0x000000000000781c        0x4 
 .text.bsdClose
                0x0000000000007820       0x40 C:/devkitPro/libnx/lib\libnx.a(bsd.o)
                0x0000000000007820                bsdClose
 .text.ipcCloseObjectById
                0x0000000000007860       0x34 C:/devkitPro/libnx/lib\libnx.a(nifm.o)
 *fill*         0x0000000000007894        0xc 
 .text.ipcConvertSessionToDomain
                0x00000000000078a0       0xc4 C:/devkitPro/libnx/lib\libnx.a(nifm.o)
 *fill*         0x0000000000007964        0xc 
 .text.ipcCloneSession.constprop.14
                0x0000000000007970      0x10c C:/devkitPro/libnx/lib\libnx.a(nifm.o)
 *fill*         0x0000000000007a7c        0x4 
 .text._nifmCreateGeneralService.constprop.11
                0x0000000000007a80      0x294 C:/devkitPro/libnx/lib\libnx.a(nifm.o)
 *fill*         0x0000000000007d14        0xc 
 .text._nifmCreateGeneralServiceOld.constprop.12
                0x0000000000007d20      0x294 C:/devkitPro/libnx/lib\libnx.a(nifm.o)
 *fill*         0x0000000000007fb4        0xc 
 .text.nifmExit
                0x0000000000007fc0       0xf0 C:/devkitPro/libnx/lib\libnx.a(nifm.o)
                0x0000000000007fc0                nifmExit
 .text.nifmInitialize
                0x00000000000080b0       0xd4 C:/devkitPro/libnx/lib\libnx.a(nifm.o)
                0x00000000000080b0                nifmInitialize
 *fill*         0x0000000000008184        0xc 
 .text._gfxCancelBuffer
                0x0000000000008190       0x4c C:/devkitPro/libnx/lib\libnx.a(gfx.o)
 *fill*         0x00000000000081dc        0x4 
 .text._gfxDequeueBuffer.part.0
                0x00000000000081e0      0x170 C:/devkitPro/libnx/lib\libnx.a(gfx.o)
 .text.gfxInitDefault
                0x0000000000008350      0x4b4 C:/devkitPro/libnx/lib\libnx.a(gfx.o)
                0x0000000000008350                gfxInitDefault
 *fill*         0x0000000000008804        0xc 
 .text.gfxConfigureCrop
                0x0000000000008810       0xe8 C:/devkitPro/libnx/lib\libnx.a(gfx.o)
                0x0000000000008810                gfxConfigureCrop
 *fill*         0x00000000000088f8        0x8 
 .text.gfxConfigureResolution
                0x0000000000008900       0x14 C:/devkitPro/libnx/lib\libnx.a(gfx.o)
                0x0000000000008900                gfxConfigureResolution
 *fill*         0x0000000000008914        0xc 
 .text._gfxAutoResolutionAppletHook
                0x0000000000008920       0x60 C:/devkitPro/libnx/lib\libnx.a(gfx.o)
 .text.gfxConfigureAutoResolution
                0x0000000000008980      0x11c C:/devkitPro/libnx/lib\libnx.a(gfx.o)
                0x0000000000008980                gfxConfigureAutoResolution
 *fill*         0x0000000000008a9c        0x4 
 .text.gfxExit  0x0000000000008aa0      0x174 C:/devkitPro/libnx/lib\libnx.a(gfx.o)
                0x0000000000008aa0                gfxExit
 *fill*         0x0000000000008c14        0xc 
 .text._gfxGraphicBufferInit
                0x0000000000008c20       0x3c C:/devkitPro/libnx/lib\libnx.a(gfx.o)
                0x0000000000008c20                _gfxGraphicBufferInit
 *fill*         0x0000000000008c5c        0x4 
 .text.gfxSwapBuffers
                0x0000000000008c60       0x6c C:/devkitPro/libnx/lib\libnx.a(gfx.o)
                0x0000000000008c60                gfxSwapBuffers
 *fill*         0x0000000000008ccc        0x4 
 .text.gfxGetFramebuffer
                0x0000000000008cd0       0x68 C:/devkitPro/libnx/lib\libnx.a(gfx.o)
                0x0000000000008cd0                gfxGetFramebuffer
 *fill*         0x0000000000008d38        0x8 
 .text.gfxGetFramebufferResolution
                0x0000000000008d40       0x2c C:/devkitPro/libnx/lib\libnx.a(gfx.o)
                0x0000000000008d40                gfxGetFramebufferResolution
 *fill*         0x0000000000008d6c        0x4 
 .text.gfxSetMode
                0x0000000000008d70        0xc C:/devkitPro/libnx/lib\libnx.a(gfx.o)
                0x0000000000008d70                gfxSetMode
 *fill*         0x0000000000008d7c        0x4 
 .text.gfxFlushBuffers
                0x0000000000008d80      0x12c C:/devkitPro/libnx/lib\libnx.a(gfx.o)
                0x0000000000008d80                gfxFlushBuffers
 *fill*         0x0000000000008eac        0x4 
 .text.nvmapobjClose.part.0.constprop.3
                0x0000000000008eb0       0x38 C:/devkitPro/libnx/lib\libnx.a(nvgfx.o)
 *fill*         0x0000000000008ee8        0x8 
 .text.nvgfxInitialize
                0x0000000000008ef0      0x1e8 C:/devkitPro/libnx/lib\libnx.a(nvgfx.o)
                0x0000000000008ef0                nvgfxInitialize
 *fill*         0x00000000000090d8        0x8 
 .text.nvgfxExit
                0x00000000000090e0       0x58 C:/devkitPro/libnx/lib\libnx.a(nvgfx.o)
                0x00000000000090e0                nvgfxExit
 *fill*         0x0000000000009138        0x8 
 .text.nvgfxGetFramebuffer
                0x0000000000009140       0x4c C:/devkitPro/libnx/lib\libnx.a(nvgfx.o)
                0x0000000000009140                nvgfxGetFramebuffer
 *fill*         0x000000000000918c        0x4 
 .text.__nx_dynamic
                0x0000000000009190       0xa0 C:/devkitPro/libnx/lib\libnx.a(dynamic.o)
                0x0000000000009190                __nx_dynamic
 .text.__libnx_initheap
                0x0000000000009230       0xd8 C:/devkitPro/libnx/lib\libnx.a(init.o)
                0x0000000000009230                __libnx_initheap
 *fill*         0x0000000000009308        0x8 
 .text.__appInit
                0x0000000000009310       0x90 C:/devkitPro/libnx/lib\libnx.a(init.o)
                0x0000000000009310                __appInit
 .text.__appExit
                0x00000000000093a0       0x34 C:/devkitPro/libnx/lib\libnx.a(init.o)
                0x00000000000093a0                __appExit
 *fill*         0x00000000000093d4        0xc 
 .text.__libnx_init
                0x00000000000093e0       0x28 C:/devkitPro/libnx/lib\libnx.a(init.o)
                0x00000000000093e0                __libnx_init
 *fill*         0x0000000000009408        0x8 
 .text.__libnx_exit
                0x0000000000009410       0x20 C:/devkitPro/libnx/lib\libnx.a(init.o)
                0x0000000000009410                __libnx_exit
 .text.mutexInit
                0x0000000000009430        0x8 C:/devkitPro/libnx/lib\libnx.a(newlib.o)
 *fill*         0x0000000000009438        0x8 
 .text.rmutexInit
                0x0000000000009440        0xc C:/devkitPro/libnx/lib\libnx.a(newlib.o)
 *fill*         0x000000000000944c        0x4 
 .text.__libnx_gtod
                0x0000000000009450       0x8c C:/devkitPro/libnx/lib\libnx.a(newlib.o)
                0x0000000000009450                __libnx_gtod
 *fill*         0x00000000000094dc        0x4 
 .text.__libnx_clock_settime
                0x00000000000094e0       0x20 C:/devkitPro/libnx/lib\libnx.a(newlib.o)
                0x00000000000094e0                __libnx_clock_settime
 .text.__libnx_nanosleep
                0x0000000000009500       0x28 C:/devkitPro/libnx/lib\libnx.a(newlib.o)
                0x0000000000009500                __libnx_nanosleep
 *fill*         0x0000000000009528        0x8 
 .text.__libnx_get_reent
                0x0000000000009530       0x34 C:/devkitPro/libnx/lib\libnx.a(newlib.o)
 *fill*         0x0000000000009564        0xc 
 .text.__libnx_clock_gettime
                0x0000000000009570       0xf8 C:/devkitPro/libnx/lib\libnx.a(newlib.o)
                0x0000000000009570                __libnx_clock_gettime
 *fill*         0x0000000000009668        0x8 
 .text.__libnx_clock_getres
                0x0000000000009670       0x58 C:/devkitPro/libnx/lib\libnx.a(newlib.o)
                0x0000000000009670                __libnx_clock_getres
 *fill*         0x00000000000096c8        0x8 
 .text.__libnx_init_time
                0x00000000000096d0      0x27c C:/devkitPro/libnx/lib\libnx.a(newlib.o)
                0x00000000000096d0                __libnx_init_time
 *fill*         0x000000000000994c        0x4 
 .text.newlibSetup
                0x0000000000009950      0x118 C:/devkitPro/libnx/lib\libnx.a(newlib.o)
                0x0000000000009950                newlibSetup
 *fill*         0x0000000000009a68        0x8 
 .text.argvSetup
                0x0000000000009a70      0x368 C:/devkitPro/libnx/lib\libnx.a(argv.o)
                0x0000000000009a70                argvSetup
 *fill*         0x0000000000009dd8        0x8 
 .text.fsdev_link
                0x0000000000009de0       0x10 C:/devkitPro/libnx/lib\libnx.a(fs_dev.o)
 .text.fsdev_dirreset
                0x0000000000009df0       0x10 C:/devkitPro/libnx/lib\libnx.a(fs_dev.o)
 .text.fsdev_chmod
                0x0000000000009e00       0x10 C:/devkitPro/libnx/lib\libnx.a(fs_dev.o)
 .text.error_cmp
                0x0000000000009e10       0x1c C:/devkitPro/libnx/lib\libnx.a(fs_dev.o)
 *fill*         0x0000000000009e2c        0x4 
 .text.fsdev_translate_error
                0x0000000000009e30       0x58 C:/devkitPro/libnx/lib\libnx.a(fs_dev.o)
 *fill*         0x0000000000009e88        0x8 
 .text.fsdev_fsync
                0x0000000000009e90       0x40 C:/devkitPro/libnx/lib\libnx.a(fs_dev.o)
 .text.fsdev_ftruncate
                0x0000000000009ed0       0x60 C:/devkitPro/libnx/lib\libnx.a(fs_dev.o)
 .text.fsdev_dirclose
                0x0000000000009f30       0x20 C:/devkitPro/libnx/lib\libnx.a(fs_dev.o)
 .text.fsdev_dirnext
                0x0000000000009f50      0x16c C:/devkitPro/libnx/lib\libnx.a(fs_dev.o)
 *fill*         0x000000000000a0bc        0x4 
 .text.fsdev_close
                0x000000000000a0c0       0x1c C:/devkitPro/libnx/lib\libnx.a(fs_dev.o)
 *fill*         0x000000000000a0dc        0x4 
 .text.fsdev_fstat
                0x000000000000a0e0       0x80 C:/devkitPro/libnx/lib\libnx.a(fs_dev.o)
 .text.fsdev_seek
                0x000000000000a160       0xb0 C:/devkitPro/libnx/lib\libnx.a(fs_dev.o)
 .text.fsdev_read
                0x000000000000a210      0x198 C:/devkitPro/libnx/lib\libnx.a(fs_dev.o)
 *fill*         0x000000000000a3a8        0x8 
 .text.fsdev_write
                0x000000000000a3b0      0x1a0 C:/devkitPro/libnx/lib\libnx.a(fs_dev.o)
 .text.fsdevFindDevice
                0x000000000000a550      0x120 C:/devkitPro/libnx/lib\libnx.a(fs_dev.o)
 .text._fsdevMountDevice
                0x000000000000a670      0x168 C:/devkitPro/libnx/lib\libnx.a(fs_dev.o)
 *fill*         0x000000000000a7d8        0x8 
 .text.fsdev_getfspath
                0x000000000000a7e0      0x1fc C:/devkitPro/libnx/lib\libnx.a(fs_dev.o)
 *fill*         0x000000000000a9dc        0x4 
 .text.fsdev_rmdir
                0x000000000000a9e0       0x70 C:/devkitPro/libnx/lib\libnx.a(fs_dev.o)
 .text.fsdev_statvfs
                0x000000000000aa50       0xd4 C:/devkitPro/libnx/lib\libnx.a(fs_dev.o)
 *fill*         0x000000000000ab24        0xc 
 .text.fsdev_diropen
                0x000000000000ab30       0xec C:/devkitPro/libnx/lib\libnx.a(fs_dev.o)
 *fill*         0x000000000000ac1c        0x4 
 .text.fsdev_mkdir
                0x000000000000ac20       0x70 C:/devkitPro/libnx/lib\libnx.a(fs_dev.o)
 .text.fsdev_rename
                0x000000000000ac90      0x114 C:/devkitPro/libnx/lib\libnx.a(fs_dev.o)
 *fill*         0x000000000000ada4        0xc 
 .text.fsdev_chdir
                0x000000000000adb0       0xe8 C:/devkitPro/libnx/lib\libnx.a(fs_dev.o)
 *fill*         0x000000000000ae98        0x8 
 .text.fsdev_unlink
                0x000000000000aea0       0x70 C:/devkitPro/libnx/lib\libnx.a(fs_dev.o)
 .text.fsdev_stat
                0x000000000000af10      0x168 C:/devkitPro/libnx/lib\libnx.a(fs_dev.o)
 *fill*         0x000000000000b078        0x8 
 .text.fsdev_open
                0x000000000000b080      0x180 C:/devkitPro/libnx/lib\libnx.a(fs_dev.o)
 .text._fsdevUnmountDeviceStruct.part.4
                0x000000000000b200       0xb8 C:/devkitPro/libnx/lib\libnx.a(fs_dev.o)
 *fill*         0x000000000000b2b8        0x8 
 .text.fsdev_fchmod
                0x000000000000b2c0       0x10 C:/devkitPro/libnx/lib\libnx.a(fs_dev.o)
 .text.fsdevMountSdmc
                0x000000000000b2d0      0x158 C:/devkitPro/libnx/lib\libnx.a(fs_dev.o)
                0x000000000000b2d0                fsdevMountSdmc
 *fill*         0x000000000000b428        0x8 
 .text.fsdevUnmountAll
                0x000000000000b430       0x64 C:/devkitPro/libnx/lib\libnx.a(fs_dev.o)
                0x000000000000b430                fsdevUnmountAll
 *fill*         0x000000000000b494        0xc 
 .text.decode_utf8
                0x000000000000b4a0      0x12c C:/devkitPro/libnx/lib\libnx.a(decode_utf8.o)
                0x000000000000b4a0                decode_utf8
 .text.armDCacheFlush
                0x000000000000b5cc       0x3c C:/devkitPro/libnx/lib\libnx.a(cache.o)
                0x000000000000b5cc                armDCacheFlush
 *fill*         0x000000000000b608        0x8 
 .text.ipcCloseObjectById
                0x000000000000b610       0x34 C:/devkitPro/libnx/lib\libnx.a(nv.o)
 *fill*         0x000000000000b644        0xc 
 .text.ipcQueryPointerBufferSize.constprop.10
                0x000000000000b650       0xc8 C:/devkitPro/libnx/lib\libnx.a(nv.o)
 *fill*         0x000000000000b718        0x8 
 .text.ipcCloneSession.constprop.9
                0x000000000000b720      0x10c C:/devkitPro/libnx/lib\libnx.a(nv.o)
 *fill*         0x000000000000b82c        0x4 
 .text._nvSetClientPID
                0x000000000000b830       0xd8 C:/devkitPro/libnx/lib\libnx.a(nv.o)
 *fill*         0x000000000000b908        0x8 
 .text._nvInitialize.constprop.8
                0x000000000000b910       0xf0 C:/devkitPro/libnx/lib\libnx.a(nv.o)
 .text.nvExit   0x000000000000ba00      0x108 C:/devkitPro/libnx/lib\libnx.a(nv.o)
                0x000000000000ba00                nvExit
 *fill*         0x000000000000bb08        0x8 
 .text.nvInitialize
                0x000000000000bb10      0x178 C:/devkitPro/libnx/lib\libnx.a(nv.o)
                0x000000000000bb10                nvInitialize
 *fill*         0x000000000000bc88        0x8 
 .text.nvConvertError
                0x000000000000bc90      0x12c C:/devkitPro/libnx/lib\libnx.a(nv.o)
                0x000000000000bc90                nvConvertError
 *fill*         0x000000000000bdbc        0x4 
 .text.nvOpen   0x000000000000bdc0      0x12c C:/devkitPro/libnx/lib\libnx.a(nv.o)
                0x000000000000bdc0                nvOpen
 *fill*         0x000000000000beec        0x4 
 .text.nvIoctl  0x000000000000bef0      0x270 C:/devkitPro/libnx/lib\libnx.a(nv.o)
                0x000000000000bef0                nvIoctl
 .text.nvClose  0x000000000000c160       0xdc C:/devkitPro/libnx/lib\libnx.a(nv.o)
                0x000000000000c160                nvClose
 *fill*         0x000000000000c23c        0x4 
 .text.nvQueryEvent
                0x000000000000c240      0x15c C:/devkitPro/libnx/lib\libnx.a(nv.o)
                0x000000000000c240                nvQueryEvent
 *fill*         0x000000000000c39c        0x4 
 .text.ipcCloseObjectById
                0x000000000000c3a0       0x34 C:/devkitPro/libnx/lib\libnx.a(time.o)
 *fill*         0x000000000000c3d4        0xc 
 .text._timeGetSession
                0x000000000000c3e0      0x12c C:/devkitPro/libnx/lib\libnx.a(time.o)
 *fill*         0x000000000000c50c        0x4 
 .text.timeExit
                0x000000000000c510      0x1ec C:/devkitPro/libnx/lib\libnx.a(time.o)
                0x000000000000c510                timeExit
 *fill*         0x000000000000c6fc        0x4 
 .text.timeInitialize
                0x000000000000c700       0xd8 C:/devkitPro/libnx/lib\libnx.a(time.o)
                0x000000000000c700                timeInitialize
 *fill*         0x000000000000c7d8        0x8 
 .text.timeGetCurrentTime
                0x000000000000c7e0      0x124 C:/devkitPro/libnx/lib\libnx.a(time.o)
                0x000000000000c7e0                timeGetCurrentTime
 *fill*         0x000000000000c904        0xc 
 .text.timeToCalendarTimeWithMyRule
                0x000000000000c910      0x118 C:/devkitPro/libnx/lib\libnx.a(time.o)
                0x000000000000c910                timeToCalendarTimeWithMyRule
 *fill*         0x000000000000ca28        0x8 
 .text.ipcCloseObjectById
                0x000000000000ca30       0x34 C:/devkitPro/libnx/lib\libnx.a(vi.o)
 *fill*         0x000000000000ca64        0xc 
 .text._viGetSession.constprop.7
                0x000000000000ca70      0x134 C:/devkitPro/libnx/lib\libnx.a(vi.o)
 *fill*         0x000000000000cba4        0xc 
 .text.viExit   0x000000000000cbb0      0x1e4 C:/devkitPro/libnx/lib\libnx.a(vi.o)
                0x000000000000cbb0                viExit
 *fill*         0x000000000000cd94        0xc 
 .text.viInitialize
                0x000000000000cda0      0x304 C:/devkitPro/libnx/lib\libnx.a(vi.o)
                0x000000000000cda0                viInitialize
 *fill*         0x000000000000d0a4        0xc 
 .text.viGetSession_IHOSBinderDriverRelay
                0x000000000000d0b0        0xc C:/devkitPro/libnx/lib\libnx.a(vi.o)
                0x000000000000d0b0                viGetSession_IHOSBinderDriverRelay
 *fill*         0x000000000000d0bc        0x4 
 .text.viOpenDisplay
                0x000000000000d0c0      0x140 C:/devkitPro/libnx/lib\libnx.a(vi.o)
                0x000000000000d0c0                viOpenDisplay
 .text.viCloseDisplay
                0x000000000000d200      0x104 C:/devkitPro/libnx/lib\libnx.a(vi.o)
                0x000000000000d200                viCloseDisplay
 *fill*         0x000000000000d304        0xc 
 .text.viGetDisplayVsyncEvent
                0x000000000000d310      0x13c C:/devkitPro/libnx/lib\libnx.a(vi.o)
                0x000000000000d310                viGetDisplayVsyncEvent
 *fill*         0x000000000000d44c        0x4 
 .text.viCloseLayer
                0x000000000000d450      0x104 C:/devkitPro/libnx/lib\libnx.a(vi.o)
                0x000000000000d450                viCloseLayer
 *fill*         0x000000000000d554        0xc 
 .text.viCreateLayer
                0x000000000000d560      0x320 C:/devkitPro/libnx/lib\libnx.a(vi.o)
                0x000000000000d560                viCreateLayer
 .text.viSetLayerScalingMode
                0x000000000000d880       0xe8 C:/devkitPro/libnx/lib\libnx.a(vi.o)
                0x000000000000d880                viSetLayerScalingMode
 *fill*         0x000000000000d968        0x8 
 .text.ipcPrepareHeader
                0x000000000000d970      0x220 C:/devkitPro/libnx/lib\libnx.a(fs.o)
 .text.ipcParse
                0x000000000000db90      0x22c C:/devkitPro/libnx/lib\libnx.a(fs.o)
 *fill*         0x000000000000ddbc        0x4 
 .text.serviceIpcParse
                0x000000000000ddc0       0xb8 C:/devkitPro/libnx/lib\libnx.a(fs.o)
 *fill*         0x000000000000de78        0x8 
 .text.ipcCloseObjectById
                0x000000000000de80       0x34 C:/devkitPro/libnx/lib\libnx.a(fs.o)
 *fill*         0x000000000000deb4        0xc 
 .text.fsInitialize
                0x000000000000dec0      0x200 C:/devkitPro/libnx/lib\libnx.a(fs.o)
                0x000000000000dec0                fsInitialize
 .text.fsExit   0x000000000000e0c0       0x9c C:/devkitPro/libnx/lib\libnx.a(fs.o)
                0x000000000000e0c0                fsExit
 *fill*         0x000000000000e15c        0x4 
 .text.fsMountSdcard
                0x000000000000e160      0x134 C:/devkitPro/libnx/lib\libnx.a(fs.o)
                0x000000000000e160                fsMountSdcard
 *fill*         0x000000000000e294        0xc 
 .text.fsFsCreateFile
                0x000000000000e2a0      0x120 C:/devkitPro/libnx/lib\libnx.a(fs.o)
                0x000000000000e2a0                fsFsCreateFile
 .text.fsFsDeleteFile
                0x000000000000e3c0      0x19c C:/devkitPro/libnx/lib\libnx.a(fs.o)
                0x000000000000e3c0                fsFsDeleteFile
 *fill*         0x000000000000e55c        0x4 
 .text.fsFsCreateDirectory
                0x000000000000e560      0x1a4 C:/devkitPro/libnx/lib\libnx.a(fs.o)
                0x000000000000e560                fsFsCreateDirectory
 *fill*         0x000000000000e704        0xc 
 .text.fsFsDeleteDirectory
                0x000000000000e710      0x1a4 C:/devkitPro/libnx/lib\libnx.a(fs.o)
                0x000000000000e710                fsFsDeleteDirectory
 *fill*         0x000000000000e8b4        0xc 
 .text.fsFsRenameFile
                0x000000000000e8c0      0x190 C:/devkitPro/libnx/lib\libnx.a(fs.o)
                0x000000000000e8c0                fsFsRenameFile
 .text.fsFsRenameDirectory
                0x000000000000ea50      0x190 C:/devkitPro/libnx/lib\libnx.a(fs.o)
                0x000000000000ea50                fsFsRenameDirectory
 .text.fsFsGetEntryType
                0x000000000000ebe0      0x12c C:/devkitPro/libnx/lib\libnx.a(fs.o)
                0x000000000000ebe0                fsFsGetEntryType
 *fill*         0x000000000000ed0c        0x4 
 .text.fsFsOpenFile
                0x000000000000ed10      0x150 C:/devkitPro/libnx/lib\libnx.a(fs.o)
                0x000000000000ed10                fsFsOpenFile
 .text.fsFsOpenDirectory
                0x000000000000ee60      0x150 C:/devkitPro/libnx/lib\libnx.a(fs.o)
                0x000000000000ee60                fsFsOpenDirectory
 .text.fsFsGetFreeSpace
                0x000000000000efb0      0x12c C:/devkitPro/libnx/lib\libnx.a(fs.o)
                0x000000000000efb0                fsFsGetFreeSpace
 *fill*         0x000000000000f0dc        0x4 
 .text.fsFsGetTotalSpace
                0x000000000000f0e0      0x12c C:/devkitPro/libnx/lib\libnx.a(fs.o)
                0x000000000000f0e0                fsFsGetTotalSpace
 *fill*         0x000000000000f20c        0x4 
 .text.fsFsClose
                0x000000000000f210       0x6c C:/devkitPro/libnx/lib\libnx.a(fs.o)
                0x000000000000f210                fsFsClose
 *fill*         0x000000000000f27c        0x4 
 .text.fsFileRead
                0x000000000000f280      0x138 C:/devkitPro/libnx/lib\libnx.a(fs.o)
                0x000000000000f280                fsFileRead
 *fill*         0x000000000000f3b8        0x8 
 .text.fsFileWrite
                0x000000000000f3c0      0x10c C:/devkitPro/libnx/lib\libnx.a(fs.o)
                0x000000000000f3c0                fsFileWrite
 *fill*         0x000000000000f4cc        0x4 
 .text.fsFileFlush
                0x000000000000f4d0      0x174 C:/devkitPro/libnx/lib\libnx.a(fs.o)
                0x000000000000f4d0                fsFileFlush
 *fill*         0x000000000000f644        0xc 
 .text.fsFileSetSize
                0x000000000000f650      0x17c C:/devkitPro/libnx/lib\libnx.a(fs.o)
                0x000000000000f650                fsFileSetSize
 *fill*         0x000000000000f7cc        0x4 
 .text.fsFileGetSize
                0x000000000000f7d0      0x100 C:/devkitPro/libnx/lib\libnx.a(fs.o)
                0x000000000000f7d0                fsFileGetSize
 .text.fsFileClose
                0x000000000000f8d0       0x6c C:/devkitPro/libnx/lib\libnx.a(fs.o)
                0x000000000000f8d0                fsFileClose
 *fill*         0x000000000000f93c        0x4 
 .text.fsDirClose
                0x000000000000f940       0x6c C:/devkitPro/libnx/lib\libnx.a(fs.o)
                0x000000000000f940                fsDirClose
 *fill*         0x000000000000f9ac        0x4 
 .text.fsDirRead
                0x000000000000f9b0      0x13c C:/devkitPro/libnx/lib\libnx.a(fs.o)
                0x000000000000f9b0                fsDirRead
 *fill*         0x000000000000faec        0x4 
 .text._nvFenceEventWaitCommon
                0x000000000000faf0       0x60 C:/devkitPro/libnx/lib\libnx.a(fence.o)
 .text.nvFenceInit
                0x000000000000fb50       0x5c C:/devkitPro/libnx/lib\libnx.a(fence.o)
                0x000000000000fb50                nvFenceInit
 *fill*         0x000000000000fbac        0x4 
 .text.nvFenceExit
                0x000000000000fbb0       0x98 C:/devkitPro/libnx/lib\libnx.a(fence.o)
                0x000000000000fbb0                nvFenceExit
 *fill*         0x000000000000fc48        0x8 
 .text.nvFenceWait
                0x000000000000fc50      0x1e0 C:/devkitPro/libnx/lib\libnx.a(fence.o)
                0x000000000000fc50                nvFenceWait
 .text.nvMultiFenceWait
                0x000000000000fe30       0x7c C:/devkitPro/libnx/lib\libnx.a(fence.o)
                0x000000000000fe30                nvMultiFenceWait
 *fill*         0x000000000000feac        0x4 
 .text.nvioctlNvhostCtrl_EventSignal
                0x000000000000feb0       0x24 C:/devkitPro/libnx/lib\libnx.a(nvhost-ctrl.o)
                0x000000000000feb0                nvioctlNvhostCtrl_EventSignal
 *fill*         0x000000000000fed4        0xc 
 .text.nvioctlNvhostCtrl_EventWait
                0x000000000000fee0       0x3c C:/devkitPro/libnx/lib\libnx.a(nvhost-ctrl.o)
                0x000000000000fee0                nvioctlNvhostCtrl_EventWait
 *fill*         0x000000000000ff1c        0x4 
 .text.nvioctlNvhostCtrl_EventWaitAsync
                0x000000000000ff20       0x28 C:/devkitPro/libnx/lib\libnx.a(nvhost-ctrl.o)
                0x000000000000ff20                nvioctlNvhostCtrl_EventWaitAsync
 *fill*         0x000000000000ff48        0x8 
 .text.nvioctlNvhostCtrl_EventRegister
                0x000000000000ff50       0x24 C:/devkitPro/libnx/lib\libnx.a(nvhost-ctrl.o)
                0x000000000000ff50                nvioctlNvhostCtrl_EventRegister
 *fill*         0x000000000000ff74        0xc 
 .text.nvioctlNvhostCtrl_EventUnregister
                0x000000000000ff80       0x24 C:/devkitPro/libnx/lib\libnx.a(nvhost-ctrl.o)
                0x000000000000ff80                nvioctlNvhostCtrl_EventUnregister
 *fill*         0x000000000000ffa4        0xc 
 .text.nvioctlNvmap_Create
                0x000000000000ffb0       0x3c C:/devkitPro/libnx/lib\libnx.a(nvmap.o)
                0x000000000000ffb0                nvioctlNvmap_Create
 *fill*         0x000000000000ffec        0x4 
 .text.nvioctlNvmap_Alloc
                0x000000000000fff0       0x30 C:/devkitPro/libnx/lib\libnx.a(nvmap.o)
                0x000000000000fff0                nvioctlNvmap_Alloc
 .text.nvioctlNvmap_GetId
                0x0000000000010020       0x3c C:/devkitPro/libnx/lib\libnx.a(nvmap.o)
                0x0000000000010020                nvioctlNvmap_GetId
 *fill*         0x000000000001005c        0x4 
 .text.bqRequestBuffer
                0x0000000000010060       0xf0 C:/devkitPro/libnx/lib\libnx.a(buffer_producer.o)
                0x0000000000010060                bqRequestBuffer
 .text.bqDequeueBuffer
                0x0000000000010150      0x154 C:/devkitPro/libnx/lib\libnx.a(buffer_producer.o)
                0x0000000000010150                bqDequeueBuffer
 *fill*         0x00000000000102a4        0xc 
 .text.bqDetachBuffer
                0x00000000000102b0       0x9c C:/devkitPro/libnx/lib\libnx.a(buffer_producer.o)
                0x00000000000102b0                bqDetachBuffer
 *fill*         0x000000000001034c        0x4 
 .text.bqQueueBuffer
                0x0000000000010350       0xe0 C:/devkitPro/libnx/lib\libnx.a(buffer_producer.o)
                0x0000000000010350                bqQueueBuffer
 .text.bqCancelBuffer
                0x0000000000010430       0x90 C:/devkitPro/libnx/lib\libnx.a(buffer_producer.o)
                0x0000000000010430                bqCancelBuffer
 .text.bqConnect
                0x00000000000104c0       0xe4 C:/devkitPro/libnx/lib\libnx.a(buffer_producer.o)
                0x00000000000104c0                bqConnect
 *fill*         0x00000000000105a4        0xc 
 .text.bqDisconnect
                0x00000000000105b0       0x9c C:/devkitPro/libnx/lib\libnx.a(buffer_producer.o)
                0x00000000000105b0                bqDisconnect
 *fill*         0x000000000001064c        0x4 
 .text.bqSetPreallocatedBuffer
                0x0000000000010650       0xb4 C:/devkitPro/libnx/lib\libnx.a(buffer_producer.o)
                0x0000000000010650                bqSetPreallocatedBuffer
 *fill*         0x0000000000010704        0xc 
 .text._binderTransactParcelAuto
                0x0000000000010710      0x248 C:/devkitPro/libnx/lib\libnx.a(binder.o)
 *fill*         0x0000000000010958        0x8 
 .text.ipcQueryPointerBufferSize
                0x0000000000010960       0xc8 C:/devkitPro/libnx/lib\libnx.a(binder.o)
 *fill*         0x0000000000010a28        0x8 
 .text._binderTransactParcel
                0x0000000000010a30      0x138 C:/devkitPro/libnx/lib\libnx.a(binder.o)
 *fill*         0x0000000000010b68        0x8 
 .text.binderCreate
                0x0000000000010b70       0x14 C:/devkitPro/libnx/lib\libnx.a(binder.o)
                0x0000000000010b70                binderCreate
 *fill*         0x0000000000010b84        0xc 
 .text.binderTransactParcel
                0x0000000000010b90       0x10 C:/devkitPro/libnx/lib\libnx.a(binder.o)
                0x0000000000010b90                binderTransactParcel
 .text.binderConvertErrorCode
                0x0000000000010ba0      0x124 C:/devkitPro/libnx/lib\libnx.a(binder.o)
                0x0000000000010ba0                binderConvertErrorCode
 *fill*         0x0000000000010cc4        0xc 
 .text.binderAdjustRefcount
                0x0000000000010cd0       0xe8 C:/devkitPro/libnx/lib\libnx.a(binder.o)
                0x0000000000010cd0                binderAdjustRefcount
 *fill*         0x0000000000010db8        0x8 
 .text.binderClose
                0x0000000000010dc0       0x74 C:/devkitPro/libnx/lib\libnx.a(binder.o)
                0x0000000000010dc0                binderClose
 *fill*         0x0000000000010e34        0xc 
 .text.binderInitSession
                0x0000000000010e40       0xc4 C:/devkitPro/libnx/lib\libnx.a(binder.o)
                0x0000000000010e40                binderInitSession
 *fill*         0x0000000000010f04        0xc 
 .text.binderGetNativeHandle
                0x0000000000010f10      0x144 C:/devkitPro/libnx/lib\libnx.a(binder.o)
                0x0000000000010f10                binderGetNativeHandle
 *fill*         0x0000000000011054        0xc 
 .text.parcelCreate
                0x0000000000011060       0x28 C:/devkitPro/libnx/lib\libnx.a(parcel.o)
                0x0000000000011060                parcelCreate
 *fill*         0x0000000000011088        0x8 
 .text.parcelTransact
                0x0000000000011090      0x19c C:/devkitPro/libnx/lib\libnx.a(parcel.o)
                0x0000000000011090                parcelTransact
 *fill*         0x000000000001122c        0x4 
 .text.parcelWriteData
                0x0000000000011230       0x88 C:/devkitPro/libnx/lib\libnx.a(parcel.o)
                0x0000000000011230                parcelWriteData
 *fill*         0x00000000000112b8        0x8 
 .text.parcelReadData
                0x00000000000112c0       0x98 C:/devkitPro/libnx/lib\libnx.a(parcel.o)
                0x00000000000112c0                parcelReadData
 *fill*         0x0000000000011358        0x8 
 .text.parcelWriteInt32
                0x0000000000011360       0x20 C:/devkitPro/libnx/lib\libnx.a(parcel.o)
                0x0000000000011360                parcelWriteInt32
 .text.parcelWriteUInt32
                0x0000000000011380       0x20 C:/devkitPro/libnx/lib\libnx.a(parcel.o)
                0x0000000000011380                parcelWriteUInt32
 .text.parcelWriteString16
                0x00000000000113a0       0x80 C:/devkitPro/libnx/lib\libnx.a(parcel.o)
                0x00000000000113a0                parcelWriteString16
 .text.parcelWriteInterfaceToken
                0x0000000000011420       0x30 C:/devkitPro/libnx/lib\libnx.a(parcel.o)
                0x0000000000011420                parcelWriteInterfaceToken
 .text.parcelReadInt32
                0x0000000000011450       0x24 C:/devkitPro/libnx/lib\libnx.a(parcel.o)
                0x0000000000011450                parcelReadInt32
 *fill*         0x0000000000011474        0xc 
 .text.parcelReadFlattenedObject
                0x0000000000011480       0x68 C:/devkitPro/libnx/lib\libnx.a(parcel.o)
                0x0000000000011480                parcelReadFlattenedObject
 *fill*         0x00000000000114e8        0x8 
 .text.parcelWriteFlattenedObject
                0x00000000000114f0       0x44 C:/devkitPro/libnx/lib\libnx.a(parcel.o)
                0x00000000000114f0                parcelWriteFlattenedObject
 *fill*         0x0000000000011534        0xc 
 .text.nxlinkSetup
                0x0000000000011540       0xc4 C:/devkitPro/libnx/lib\libnx.a(nxlink.o)
                0x0000000000011540                nxlinkSetup
 *fill*         0x0000000000011604        0x4 
 .text.bsearch  0x0000000000011608       0xb8 c:/devkitpro/devkita64/bin/../lib/gcc/aarch64-none-elf/8.2.0/../../../../aarch64-none-elf/lib/pic\libg.a(lib_a-bsearch.o)
                0x0000000000011608                bsearch
 .text.__errno  0x00000000000116c0       0x14 c:/devkitpro/devkita64/bin/../lib/gcc/aarch64-none-elf/8.2.0/../../../../aarch64-none-elf/lib/pic\libg.a(lib_a-errno.o)
                0x00000000000116c0                __errno
 *fill*         0x00000000000116d4        0x4 
 .text.__libc_fini_array
                0x00000000000116d8       0x44 c:/devkitpro/devkita64/bin/../lib/gcc/aarch64-none-elf/8.2.0/../../../../aarch64-none-elf/lib/pic\libg.a(lib_a-fini.o)
                0x00000000000116d8                __libc_fini_array
 *fill*         0x000000000001171c        0x4 
 .text._fwrite_r
                0x0000000000011720       0xe0 c:/devkitpro/devkita64/bin/../lib/gcc/aarch64-none-elf/8.2.0/../../../../aarch64-none-elf/lib/pic\libg.a(lib_a-fwrite.o)
                0x0000000000011720                _fwrite_r
 .text.fwrite   0x0000000000011800       0x40 c:/devkitpro/devkita64/bin/../lib/gcc/aarch64-none-elf/8.2.0/../../../../aarch64-none-elf/lib/pic\libg.a(lib_a-fwrite.o)
                0x0000000000011800                fwrite
 .text.__libc_init_array
                0x0000000000011840       0x8c c:/devkitpro/devkita64/bin/../lib/gcc/aarch64-none-elf/8.2.0/../../../../aarch64-none-elf/lib/pic\libg.a(lib_a-init.o)
                0x0000000000011840                __libc_init_array
 *fill*         0x00000000000118cc        0x4 
 .text.__locale_mb_cur_max
                0x00000000000118d0       0x2c c:/devkitpro/devkita64/bin/../lib/gcc/aarch64-none-elf/8.2.0/../../../../aarch64-none-elf/lib/pic\libg.a(lib_a-locale.o)
                0x00000000000118d0                __locale_mb_cur_max
 *fill*         0x00000000000118fc        0x4 
 .text.__locale_ctype_ptr_l
                0x0000000000011900        0x8 c:/devkitpro/devkita64/bin/../lib/gcc/aarch64-none-elf/8.2.0/../../../../aarch64-none-elf/lib/pic\libg.a(lib_a-locale.o)
                0x0000000000011900                __locale_ctype_ptr_l
 .text.__locale_ctype_ptr
                0x0000000000011908       0x2c c:/devkitpro/devkita64/bin/../lib/gcc/aarch64-none-elf/8.2.0/../../../../aarch64-none-elf/lib/pic\libg.a(lib_a-locale.o)
                0x0000000000011908                __locale_ctype_ptr
 *fill*         0x0000000000011934        0x4 
 .text.memalign
                0x0000000000011938       0x30 c:/devkitpro/devkita64/bin/../lib/gcc/aarch64-none-elf/8.2.0/../../../../aarch64-none-elf/lib/pic\libg.a(lib_a-malign.o)
                0x0000000000011938                memalign
 .text._memalign_r
                0x0000000000011968      0x198 c:/devkitpro/devkita64/bin/../lib/gcc/aarch64-none-elf/8.2.0/../../../../aarch64-none-elf/lib/pic\libg.a(lib_a-malignr.o)
                0x0000000000011968                _memalign_r
 .text.malloc   0x0000000000011b00       0x1c c:/devkitpro/devkita64/bin/../lib/gcc/aarch64-none-elf/8.2.0/../../../../aarch64-none-elf/lib/pic\libg.a(lib_a-malloc.o)
                0x0000000000011b00                malloc
 *fill*         0x0000000000011b1c        0x4 
 .text.free     0x0000000000011b20       0x1c c:/devkitpro/devkita64/bin/../lib/gcc/aarch64-none-elf/8.2.0/../../../../aarch64-none-elf/lib/pic\libg.a(lib_a-malloc.o)
                0x0000000000011b20                free
 *fill*         0x0000000000011b3c        0x4 
 .text._malloc_r
                0x0000000000011b40      0x844 c:/devkitpro/devkita64/bin/../lib/gcc/aarch64-none-elf/8.2.0/../../../../aarch64-none-elf/lib/pic\libg.a(lib_a-mallocr.o)
                0x0000000000011b40                _malloc_r
 *fill*         0x0000000000012384        0x4 
 .text.__utf8_mbtowc
                0x0000000000012388      0x2c8 c:/devkitpro/devkita64/bin/../lib/gcc/aarch64-none-elf/8.2.0/../../../../aarch64-none-elf/lib/pic\libg.a(lib_a-mbtowc_r.o)
                0x0000000000012388                __utf8_mbtowc
 .text          0x0000000000012650       0xd8 c:/devkitpro/devkita64/bin/../lib/gcc/aarch64-none-elf/8.2.0/../../../../aarch64-none-elf/lib/pic\libg.a(lib_a-memchr.o)
                0x0000000000012650                memchr
 *fill*         0x0000000000012728       0x18 
 .text          0x0000000000012740      0x16c c:/devkitpro/devkita64/bin/../lib/gcc/aarch64-none-elf/8.2.0/../../../../aarch64-none-elf/lib/pic\libg.a(lib_a-memcpy.o)
                0x0000000000012740                memcpy
 *fill*         0x00000000000128ac       0x14 
 .text          0x00000000000128c0      0x1d8 c:/devkitpro/devkita64/bin/../lib/gcc/aarch64-none-elf/8.2.0/../../../../aarch64-none-elf/lib/pic\libg.a(lib_a-memset.o)
                0x00000000000128c0                memset
 .text.__malloc_lock
                0x0000000000012a98        0xc c:/devkitpro/devkita64/bin/../lib/gcc/aarch64-none-elf/8.2.0/../../../../aarch64-none-elf/lib/pic\libg.a(lib_a-mlock.o)
                0x0000000000012a98                __malloc_lock
 *fill*         0x0000000000012aa4        0x4 
 .text.__malloc_unlock
                0x0000000000012aa8        0xc c:/devkitpro/devkita64/bin/../lib/gcc/aarch64-none-elf/8.2.0/../../../../aarch64-none-elf/lib/pic\libg.a(lib_a-mlock.o)
                0x0000000000012aa8                __malloc_unlock
 *fill*         0x0000000000012ab4        0x4 
 .text.printf   0x0000000000012ab8       0x8c c:/devkitpro/devkita64/bin/../lib/gcc/aarch64-none-elf/8.2.0/../../../../aarch64-none-elf/lib/pic\libg.a(lib_a-printf.o)
                0x0000000000012ab8                printf
 *fill*         0x0000000000012b44        0x4 
 .text._puts_r  0x0000000000012b48       0xd4 c:/devkitpro/devkita64/bin/../lib/gcc/aarch64-none-elf/8.2.0/../../../../aarch64-none-elf/lib/pic\libg.a(lib_a-puts.o)
                0x0000000000012b48                _puts_r
 *fill*         0x0000000000012c1c        0x4 
 .text.puts     0x0000000000012c20       0x1c c:/devkitpro/devkita64/bin/../lib/gcc/aarch64-none-elf/8.2.0/../../../../aarch64-none-elf/lib/pic\libg.a(lib_a-puts.o)
                0x0000000000012c20                puts
 *fill*         0x0000000000012c3c        0x4 
 .text.setenv   0x0000000000012c40       0x3c c:/devkitpro/devkita64/bin/../lib/gcc/aarch64-none-elf/8.2.0/../../../../aarch64-none-elf/lib/pic\libg.a(lib_a-setenv.o)
                0x0000000000012c40                setenv
 *fill*         0x0000000000012c7c        0x4 
 .text._setenv_r
                0x0000000000012c80      0x264 c:/devkitpro/devkita64/bin/../lib/gcc/aarch64-none-elf/8.2.0/../../../../aarch64-none-elf/lib/pic\libg.a(lib_a-setenv_r.o)
                0x0000000000012c80                _setenv_r
 *fill*         0x0000000000012ee4        0x4 
 .text.setvbuf  0x0000000000012ee8      0x25c c:/devkitpro/devkita64/bin/../lib/gcc/aarch64-none-elf/8.2.0/../../../../aarch64-none-elf/lib/pic\libg.a(lib_a-setvbuf.o)
                0x0000000000012ee8                setvbuf
 *fill*         0x0000000000013144        0x4 
 .text.sscanf   0x0000000000013148       0xbc c:/devkitpro/devkita64/bin/../lib/gcc/aarch64-none-elf/8.2.0/../../../../aarch64-none-elf/lib/pic\libg.a(lib_a-sscanf.o)
                0x0000000000013148                sscanf
 *fill*         0x0000000000013204        0x4 
 .text.__sread  0x0000000000013208       0x50 c:/devkitpro/devkita64/bin/../lib/gcc/aarch64-none-elf/8.2.0/../../../../aarch64-none-elf/lib/pic\libg.a(lib_a-stdio.o)
                0x0000000000013208                __sread
 .text.__seofread
                0x0000000000013258        0x8 c:/devkitpro/devkita64/bin/../lib/gcc/aarch64-none-elf/8.2.0/../../../../aarch64-none-elf/lib/pic\libg.a(lib_a-stdio.o)
                0x0000000000013258                __seofread
 .text.__swrite
                0x0000000000013260       0x6c c:/devkitpro/devkita64/bin/../lib/gcc/aarch64-none-elf/8.2.0/../../../../aarch64-none-elf/lib/pic\libg.a(lib_a-stdio.o)
                0x0000000000013260                __swrite
 *fill*         0x00000000000132cc        0x4 
 .text.__sseek  0x00000000000132d0       0x50 c:/devkitpro/devkita64/bin/../lib/gcc/aarch64-none-elf/8.2.0/../../../../aarch64-none-elf/lib/pic\libg.a(lib_a-stdio.o)
                0x00000000000132d0                __sseek
 .text.__sclose
                0x0000000000013320        0x8 c:/devkitpro/devkita64/bin/../lib/gcc/aarch64-none-elf/8.2.0/../../../../aarch64-none-elf/lib/pic\libg.a(lib_a-stdio.o)
                0x0000000000013320                __sclose
 .text          0x0000000000013328       0xdc c:/devkitpro/devkita64/bin/../lib/gcc/aarch64-none-elf/8.2.0/../../../../aarch64-none-elf/lib/pic\libg.a(lib_a-strchr.o)
                0x0000000000013328                strchr
 *fill*         0x0000000000013404       0x3c 
 .text          0x0000000000013440       0xa4 c:/devkitpro/devkita64/bin/../lib/gcc/aarch64-none-elf/8.2.0/../../../../aarch64-none-elf/lib/pic\libg.a(lib_a-strcmp.o)
                0x0000000000013440                strcmp
 *fill*         0x00000000000134e4       0x1c 
 .text          0x0000000000013500      0x140 c:/devkitpro/devkita64/bin/../lib/gcc/aarch64-none-elf/8.2.0/../../../../aarch64-none-elf/lib/pic\libg.a(lib_a-strlen.o)
                0x0000000000013500                strlen
 .text.strncat  0x0000000000013640       0x84 c:/devkitpro/devkita64/bin/../lib/gcc/aarch64-none-elf/8.2.0/../../../../aarch64-none-elf/lib/pic\libg.a(lib_a-strncat.o)
                0x0000000000013640                strncat
 *fill*         0x00000000000136c4       0x3c 
 .text          0x0000000000013700      0x124 c:/devkitpro/devkita64/bin/../lib/gcc/aarch64-none-elf/8.2.0/../../../../aarch64-none-elf/lib/pic\libg.a(lib_a-strncmp.o)
                0x000000000001371c                strncmp
 *fill*         0x0000000000013824        0x4 
 .text.strncpy  0x0000000000013828       0xa8 c:/devkitpro/devkita64/bin/../lib/gcc/aarch64-none-elf/8.2.0/../../../../aarch64-none-elf/lib/pic\libg.a(lib_a-strncpy.o)
                0x0000000000013828                strncpy
 *fill*         0x00000000000138d0       0x30 
 .text          0x0000000000013900       0xe0 c:/devkitpro/devkita64/bin/../lib/gcc/aarch64-none-elf/8.2.0/../../../../aarch64-none-elf/lib/pic\libg.a(lib_a-strnlen.o)
                0x0000000000013924                strnlen
 .text._strtol_l.isra.0
                0x00000000000139e0      0x1d0 c:/devkitpro/devkita64/bin/../lib/gcc/aarch64-none-elf/8.2.0/../../../../aarch64-none-elf/lib/pic\libg.a(lib_a-strtol.o)
 .text._strtol_r
                0x0000000000013bb0       0x48 c:/devkitpro/devkita64/bin/../lib/gcc/aarch64-none-elf/8.2.0/../../../../aarch64-none-elf/lib/pic\libg.a(lib_a-strtol.o)
                0x0000000000013bb0                _strtol_r
 .text._strtoul_l.isra.0
                0x0000000000013bf8      0x1e0 c:/devkitpro/devkita64/bin/../lib/gcc/aarch64-none-elf/8.2.0/../../../../aarch64-none-elf/lib/pic\libg.a(lib_a-strtoul.o)
 .text._strtoul_r
                0x0000000000013dd8       0x48 c:/devkitpro/devkita64/bin/../lib/gcc/aarch64-none-elf/8.2.0/../../../../aarch64-none-elf/lib/pic\libg.a(lib_a-strtoul.o)
                0x0000000000013dd8                _strtoul_r
 .text.strtoul  0x0000000000013e20       0x5c c:/devkitpro/devkita64/bin/../lib/gcc/aarch64-none-elf/8.2.0/../../../../aarch64-none-elf/lib/pic\libg.a(lib_a-strtoul.o)
                0x0000000000013e20                strtoul
 .text.get_arg  0x0000000000013e7c       0x5c c:/devkitpro/devkita64/bin/../lib/gcc/aarch64-none-elf/8.2.0/../../../../aarch64-none-elf/lib/pic\libg.a(lib_a-svfscanf.o)
 .text.__ssvfscanf_r
                0x0000000000013ed8     0x2f48 c:/devkitpro/devkita64/bin/../lib/gcc/aarch64-none-elf/8.2.0/../../../../aarch64-none-elf/lib/pic\libg.a(lib_a-svfscanf.o)
                0x0000000000013ed8                __ssvfscanf_r
 .text.get_arg  0x0000000000016e20      0x76c c:/devkitpro/devkita64/bin/../lib/gcc/aarch64-none-elf/8.2.0/../../../../aarch64-none-elf/lib/pic\libg.a(lib_a-vfprintf.o)
 .text._vfprintf_r
                0x000000000001758c     0x3bfc c:/devkitpro/devkita64/bin/../lib/gcc/aarch64-none-elf/8.2.0/../../../../aarch64-none-elf/lib/pic\libg.a(lib_a-vfprintf.o)
                0x000000000001758c                _vfprintf_r
 .text.__sbprintf
                0x000000000001b188       0xec c:/devkitpro/devkita64/bin/../lib/gcc/aarch64-none-elf/8.2.0/../../../../aarch64-none-elf/lib/pic\libg.a(lib_a-vfprintf.o)
 *fill*         0x000000000001b274        0x4 
 .text._wcrtomb_r
                0x000000000001b278       0xd0 c:/devkitpro/devkita64/bin/../lib/gcc/aarch64-none-elf/8.2.0/../../../../aarch64-none-elf/lib/pic\libg.a(lib_a-wcrtomb.o)
                0x000000000001b278                _wcrtomb_r
 .text._wcsrtombs_r
                0x000000000001b348       0x10 c:/devkitpro/devkita64/bin/../lib/gcc/aarch64-none-elf/8.2.0/../../../../aarch64-none-elf/lib/pic\libg.a(lib_a-wcsrtombs.o)
                0x000000000001b348                _wcsrtombs_r
 .text.__utf8_wctomb
                0x000000000001b358       0xe4 c:/devkitpro/devkita64/bin/../lib/gcc/aarch64-none-elf/8.2.0/../../../../aarch64-none-elf/lib/pic\libg.a(lib_a-wctomb_r.o)
                0x000000000001b358                __utf8_wctomb
 *fill*         0x000000000001b43c        0x4 
 .text.__swsetup_r
                0x000000000001b440      0x140 c:/devkitpro/devkita64/bin/../lib/gcc/aarch64-none-elf/8.2.0/../../../../aarch64-none-elf/lib/pic\libg.a(lib_a-wsetup.o)
                0x000000000001b440                __swsetup_r
 .text.__call_exitprocs
                0x000000000001b580      0x17c c:/devkitpro/devkita64/bin/../lib/gcc/aarch64-none-elf/8.2.0/../../../../aarch64-none-elf/lib/pic\libg.a(lib_a-__call_atexit.o)
                0x000000000001b580                __call_exitprocs
 *fill*         0x000000000001b6fc        0x4 
 .text.quorem   0x000000000001b700      0x1a8 c:/devkitpro/devkita64/bin/../lib/gcc/aarch64-none-elf/8.2.0/../../../../aarch64-none-elf/lib/pic\libg.a(lib_a-dtoa.o)
 .text._dtoa_r  0x000000000001b8a8     0x10dc c:/devkitpro/devkita64/bin/../lib/gcc/aarch64-none-elf/8.2.0/../../../../aarch64-none-elf/lib/pic\libg.a(lib_a-dtoa.o)
                0x000000000001b8a8                _dtoa_r
 *fill*         0x000000000001c984        0x4 
 .text.__env_lock
                0x000000000001c988        0xc c:/devkitpro/devkita64/bin/../lib/gcc/aarch64-none-elf/8.2.0/../../../../aarch64-none-elf/lib/pic\libg.a(lib_a-envlock.o)
                0x000000000001c988                __env_lock
 *fill*         0x000000000001c994        0x4 
 .text.__env_unlock
                0x000000000001c998        0xc c:/devkitpro/devkita64/bin/../lib/gcc/aarch64-none-elf/8.2.0/../../../../aarch64-none-elf/lib/pic\libg.a(lib_a-envlock.o)
                0x000000000001c998                __env_unlock
 *fill*         0x000000000001c9a4        0x4 
 .text.__sflush_r
                0x000000000001c9a8      0x214 c:/devkitpro/devkita64/bin/../lib/gcc/aarch64-none-elf/8.2.0/../../../../aarch64-none-elf/lib/pic\libg.a(lib_a-fflush.o)
                0x000000000001c9a8                __sflush_r
 *fill*         0x000000000001cbbc        0x4 
 .text._fflush_r
                0x000000000001cbc0       0xb8 c:/devkitpro/devkita64/bin/../lib/gcc/aarch64-none-elf/8.2.0/../../../../aarch64-none-elf/lib/pic\libg.a(lib_a-fflush.o)
                0x000000000001cbc0                _fflush_r
 .text.std      0x000000000001cc78       0x78 c:/devkitpro/devkita64/bin/../lib/gcc/aarch64-none-elf/8.2.0/../../../../aarch64-none-elf/lib/pic\libg.a(lib_a-findfp.o)
 .text._cleanup_r
                0x000000000001ccf0        0xc c:/devkitpro/devkita64/bin/../lib/gcc/aarch64-none-elf/8.2.0/../../../../aarch64-none-elf/lib/pic\libg.a(lib_a-findfp.o)
                0x000000000001ccf0                _cleanup_r
 *fill*         0x000000000001ccfc        0x4 
 .text.__sfp_lock_acquire
                0x000000000001cd00        0xc c:/devkitpro/devkita64/bin/../lib/gcc/aarch64-none-elf/8.2.0/../../../../aarch64-none-elf/lib/pic\libg.a(lib_a-findfp.o)
                0x000000000001cd00                __sfp_lock_acquire
 *fill*         0x000000000001cd0c        0x4 
 .text.__sfp_lock_release
                0x000000000001cd10        0xc c:/devkitpro/devkita64/bin/../lib/gcc/aarch64-none-elf/8.2.0/../../../../aarch64-none-elf/lib/pic\libg.a(lib_a-findfp.o)
                0x000000000001cd10                __sfp_lock_release
 *fill*         0x000000000001cd1c        0x4 
 .text.__sinit_lock_acquire
                0x000000000001cd20        0xc c:/devkitpro/devkita64/bin/../lib/gcc/aarch64-none-elf/8.2.0/../../../../aarch64-none-elf/lib/pic\libg.a(lib_a-findfp.o)
                0x000000000001cd20                __sinit_lock_acquire
 *fill*         0x000000000001cd2c        0x4 
 .text.__sinit_lock_release
                0x000000000001cd30        0xc c:/devkitpro/devkita64/bin/../lib/gcc/aarch64-none-elf/8.2.0/../../../../aarch64-none-elf/lib/pic\libg.a(lib_a-findfp.o)
                0x000000000001cd30                __sinit_lock_release
 *fill*         0x000000000001cd3c        0x4 
 .text.__sinit  0x000000000001cd40       0x80 c:/devkitpro/devkita64/bin/../lib/gcc/aarch64-none-elf/8.2.0/../../../../aarch64-none-elf/lib/pic\libg.a(lib_a-findfp.o)
                0x000000000001cd40                __sinit
 .text._malloc_trim_r
                0x000000000001cdc0      0x118 c:/devkitpro/devkita64/bin/../lib/gcc/aarch64-none-elf/8.2.0/../../../../aarch64-none-elf/lib/pic\libg.a(lib_a-freer.o)
                0x000000000001cdc0                _malloc_trim_r
 .text._free_r  0x000000000001ced8      0x2f4 c:/devkitpro/devkita64/bin/../lib/gcc/aarch64-none-elf/8.2.0/../../../../aarch64-none-elf/lib/pic\libg.a(lib_a-freer.o)
                0x000000000001ced8                _free_r
 *fill*         0x000000000001d1cc        0x4 
 .text.__sfvwrite_r
                0x000000000001d1d0      0x4b8 c:/devkitpro/devkita64/bin/../lib/gcc/aarch64-none-elf/8.2.0/../../../../aarch64-none-elf/lib/pic\libg.a(lib_a-fvwrite.o)
                0x000000000001d1d0                __sfvwrite_r
 .text._fwalk_reent
                0x000000000001d688       0xbc c:/devkitpro/devkita64/bin/../lib/gcc/aarch64-none-elf/8.2.0/../../../../aarch64-none-elf/lib/pic\libg.a(lib_a-fwalk.o)
                0x000000000001d688                _fwalk_reent
 *fill*         0x000000000001d744        0x4 
 .text._findenv_r
                0x000000000001d748      0x100 c:/devkitpro/devkita64/bin/../lib/gcc/aarch64-none-elf/8.2.0/../../../../aarch64-none-elf/lib/pic\libg.a(lib_a-getenv_r.o)
                0x000000000001d748                _findenv_r
 .text.iswspace
                0x000000000001d848       0x84 c:/devkitpro/devkita64/bin/../lib/gcc/aarch64-none-elf/8.2.0/../../../../aarch64-none-elf/lib/pic\libg.a(lib_a-iswspace.o)
                0x000000000001d848                iswspace
 *fill*         0x000000000001d8cc        0x4 
 .text.__jp2uc  0x000000000001d8d0      0x244 c:/devkitpro/devkita64/bin/../lib/gcc/aarch64-none-elf/8.2.0/../../../../aarch64-none-elf/lib/pic\libg.a(lib_a-jp2uc.o)
 *fill*         0x000000000001db14        0x4 
 .text._jp2uc   0x000000000001db18       0xd0 c:/devkitpro/devkita64/bin/../lib/gcc/aarch64-none-elf/8.2.0/../../../../aarch64-none-elf/lib/pic\libg.a(lib_a-jp2uc.o)
                0x000000000001db18                _jp2uc
 .text.__localeconv_l
                0x000000000001dbe8        0x8 c:/devkitpro/devkita64/bin/../lib/gcc/aarch64-none-elf/8.2.0/../../../../aarch64-none-elf/lib/pic\libg.a(lib_a-localeconv.o)
                0x000000000001dbe8                __localeconv_l
 .text._localeconv_r
                0x000000000001dbf0       0x28 c:/devkitpro/devkita64/bin/../lib/gcc/aarch64-none-elf/8.2.0/../../../../aarch64-none-elf/lib/pic\libg.a(lib_a-localeconv.o)
                0x000000000001dbf0                _localeconv_r
 .text.__swhatbuf_r
                0x000000000001dc18       0xa4 c:/devkitpro/devkita64/bin/../lib/gcc/aarch64-none-elf/8.2.0/../../../../aarch64-none-elf/lib/pic\libg.a(lib_a-makebuf.o)
                0x000000000001dc18                __swhatbuf_r
 *fill*         0x000000000001dcbc        0x4 
 .text.__smakebuf_r
                0x000000000001dcc0      0x10c c:/devkitpro/devkita64/bin/../lib/gcc/aarch64-none-elf/8.2.0/../../../../aarch64-none-elf/lib/pic\libg.a(lib_a-makebuf.o)
                0x000000000001dcc0                __smakebuf_r
 *fill*         0x000000000001ddcc        0x4 
 .text._mbrtowc_r
                0x000000000001ddd0       0xd8 c:/devkitpro/devkita64/bin/../lib/gcc/aarch64-none-elf/8.2.0/../../../../aarch64-none-elf/lib/pic\libg.a(lib_a-mbrtowc.o)
                0x000000000001ddd0                _mbrtowc_r
 *fill*         0x000000000001dea8       0x18 
 .text          0x000000000001dec0       0xac c:/devkitpro/devkita64/bin/../lib/gcc/aarch64-none-elf/8.2.0/../../../../aarch64-none-elf/lib/pic\libg.a(lib_a-memmove.o)
                0x000000000001dec0                memmove
 *fill*         0x000000000001df6c        0x4 
 .text._Balloc  0x000000000001df70       0x90 c:/devkitpro/devkita64/bin/../lib/gcc/aarch64-none-elf/8.2.0/../../../../aarch64-none-elf/lib/pic\libg.a(lib_a-mprec.o)
                0x000000000001df70                _Balloc
 .text._Bfree   0x000000000001e000       0x1c c:/devkitpro/devkita64/bin/../lib/gcc/aarch64-none-elf/8.2.0/../../../../aarch64-none-elf/lib/pic\libg.a(lib_a-mprec.o)
                0x000000000001e000                _Bfree
 *fill*         0x000000000001e01c        0x4 
 .text.__multadd
                0x000000000001e020       0xe8 c:/devkitpro/devkita64/bin/../lib/gcc/aarch64-none-elf/8.2.0/../../../../aarch64-none-elf/lib/pic\libg.a(lib_a-mprec.o)
                0x000000000001e020                __multadd
 .text.__s2b    0x000000000001e108      0x120 c:/devkitpro/devkita64/bin/../lib/gcc/aarch64-none-elf/8.2.0/../../../../aarch64-none-elf/lib/pic\libg.a(lib_a-mprec.o)
                0x000000000001e108                __s2b
 .text.__hi0bits
                0x000000000001e228       0x5c c:/devkitpro/devkita64/bin/../lib/gcc/aarch64-none-elf/8.2.0/../../../../aarch64-none-elf/lib/pic\libg.a(lib_a-mprec.o)
                0x000000000001e228                __hi0bits
 *fill*         0x000000000001e284        0x4 
 .text.__lo0bits
                0x000000000001e288       0xa0 c:/devkitpro/devkita64/bin/../lib/gcc/aarch64-none-elf/8.2.0/../../../../aarch64-none-elf/lib/pic\libg.a(lib_a-mprec.o)
                0x000000000001e288                __lo0bits
 .text.__i2b    0x000000000001e328       0x2c c:/devkitpro/devkita64/bin/../lib/gcc/aarch64-none-elf/8.2.0/../../../../aarch64-none-elf/lib/pic\libg.a(lib_a-mprec.o)
                0x000000000001e328                __i2b
 *fill*         0x000000000001e354        0x4 
 .text.__multiply
                0x000000000001e358      0x1c8 c:/devkitpro/devkita64/bin/../lib/gcc/aarch64-none-elf/8.2.0/../../../../aarch64-none-elf/lib/pic\libg.a(lib_a-mprec.o)
                0x000000000001e358                __multiply
 .text.__pow5mult
                0x000000000001e520      0x104 c:/devkitpro/devkita64/bin/../lib/gcc/aarch64-none-elf/8.2.0/../../../../aarch64-none-elf/lib/pic\libg.a(lib_a-mprec.o)
                0x000000000001e520                __pow5mult
 *fill*         0x000000000001e624        0x4 
 .text.__lshift
                0x000000000001e628      0x134 c:/devkitpro/devkita64/bin/../lib/gcc/aarch64-none-elf/8.2.0/../../../../aarch64-none-elf/lib/pic\libg.a(lib_a-mprec.o)
                0x000000000001e628                __lshift
 *fill*         0x000000000001e75c        0x4 
 .text.__mcmp   0x000000000001e760       0x50 c:/devkitpro/devkita64/bin/../lib/gcc/aarch64-none-elf/8.2.0/../../../../aarch64-none-elf/lib/pic\libg.a(lib_a-mprec.o)
                0x000000000001e760                __mcmp
 .text.__mdiff  0x000000000001e7b0      0x14c c:/devkitpro/devkita64/bin/../lib/gcc/aarch64-none-elf/8.2.0/../../../../aarch64-none-elf/lib/pic\libg.a(lib_a-mprec.o)
                0x000000000001e7b0                __mdiff
 *fill*         0x000000000001e8fc        0x4 
 .text.__ulp    0x000000000001e900       0x68 c:/devkitpro/devkita64/bin/../lib/gcc/aarch64-none-elf/8.2.0/../../../../aarch64-none-elf/lib/pic\libg.a(lib_a-mprec.o)
                0x000000000001e900                __ulp
 .text.__b2d    0x000000000001e968      0x150 c:/devkitpro/devkita64/bin/../lib/gcc/aarch64-none-elf/8.2.0/../../../../aarch64-none-elf/lib/pic\libg.a(lib_a-mprec.o)
                0x000000000001e968                __b2d
 .text.__d2b    0x000000000001eab8      0x138 c:/devkitpro/devkita64/bin/../lib/gcc/aarch64-none-elf/8.2.0/../../../../aarch64-none-elf/lib/pic\libg.a(lib_a-mprec.o)
                0x000000000001eab8                __d2b
 .text.__ratio  0x000000000001ebf0       0xa0 c:/devkitpro/devkita64/bin/../lib/gcc/aarch64-none-elf/8.2.0/../../../../aarch64-none-elf/lib/pic\libg.a(lib_a-mprec.o)
                0x000000000001ebf0                __ratio
 .text.__copybits
                0x000000000001ec90       0x68 c:/devkitpro/devkita64/bin/../lib/gcc/aarch64-none-elf/8.2.0/../../../../aarch64-none-elf/lib/pic\libg.a(lib_a-mprec.o)
                0x000000000001ec90                __copybits
 .text.__any_on
                0x000000000001ecf8       0x84 c:/devkitpro/devkita64/bin/../lib/gcc/aarch64-none-elf/8.2.0/../../../../aarch64-none-elf/lib/pic\libg.a(lib_a-mprec.o)
                0x000000000001ecf8                __any_on
 *fill*         0x000000000001ed7c        0x4 
 .text.realloc  0x000000000001ed80       0x30 c:/devkitpro/devkita64/bin/../lib/gcc/aarch64-none-elf/8.2.0/../../../../aarch64-none-elf/lib/pic\libg.a(lib_a-realloc.o)
                0x000000000001ed80                realloc
 .text._realloc_r
                0x000000000001edb0      0x56c c:/devkitpro/devkita64/bin/../lib/gcc/aarch64-none-elf/8.2.0/../../../../aarch64-none-elf/lib/pic\libg.a(lib_a-reallocr.o)
                0x000000000001edb0                _realloc_r
 *fill*         0x000000000001f31c        0x4 
 .text.__sccl   0x000000000001f320       0xbc c:/devkitpro/devkita64/bin/../lib/gcc/aarch64-none-elf/8.2.0/../../../../aarch64-none-elf/lib/pic\libg.a(lib_a-sccl.o)
                0x000000000001f320                __sccl
 *fill*         0x000000000001f3dc        0x4 
 .text.nanf     0x000000000001f3e0        0xc c:/devkitpro/devkita64/bin/../lib/gcc/aarch64-none-elf/8.2.0/../../../../aarch64-none-elf/lib/pic\libg.a(lib_a-sf_nan.o)
                0x000000000001f3e0                nanf
 *fill*         0x000000000001f3ec        0x4 
 .text.frexp    0x000000000001f3f0       0x7c c:/devkitpro/devkita64/bin/../lib/gcc/aarch64-none-elf/8.2.0/../../../../aarch64-none-elf/lib/pic\libg.a(lib_a-s_frexp.o)
                0x000000000001f3f0                frexp
 *fill*         0x000000000001f46c        0x4 
 .text.sprintf  0x000000000001f470       0xa8 c:/devkitpro/devkita64/bin/../lib/gcc/aarch64-none-elf/8.2.0/../../../../aarch64-none-elf/lib/pic\libg.a(lib_a-sprintf.o)
                0x000000000001f470                sprintf
 .text.stpncpy  0x000000000001f518       0xc8 c:/devkitpro/devkita64/bin/../lib/gcc/aarch64-none-elf/8.2.0/../../../../aarch64-none-elf/lib/pic\libg.a(lib_a-stpncpy.o)
                0x000000000001f518                stpncpy
 .text.sulp     0x000000000001f5e0       0x54 c:/devkitpro/devkita64/bin/../lib/gcc/aarch64-none-elf/8.2.0/../../../../aarch64-none-elf/lib/pic\libg.a(lib_a-strtod.o)
 *fill*         0x000000000001f634        0x4 
 .text._strtod_l
                0x000000000001f638     0x10f0 c:/devkitpro/devkita64/bin/../lib/gcc/aarch64-none-elf/8.2.0/../../../../aarch64-none-elf/lib/pic\libg.a(lib_a-strtod.o)
                0x000000000001f638                _strtod_l
 .text._strtod_r
                0x0000000000020728       0x40 c:/devkitpro/devkita64/bin/../lib/gcc/aarch64-none-elf/8.2.0/../../../../aarch64-none-elf/lib/pic\libg.a(lib_a-strtod.o)
                0x0000000000020728                _strtod_r
 .text._strtoll_l.isra.0
                0x0000000000020768      0x1d0 c:/devkitpro/devkita64/bin/../lib/gcc/aarch64-none-elf/8.2.0/../../../../aarch64-none-elf/lib/pic\libg.a(lib_a-strtoll.o)
 .text._strtoll_r
                0x0000000000020938       0x48 c:/devkitpro/devkita64/bin/../lib/gcc/aarch64-none-elf/8.2.0/../../../../aarch64-none-elf/lib/pic\libg.a(lib_a-strtoll.o)
                0x0000000000020938                _strtoll_r
 .text._strtoull_l.isra.0
                0x0000000000020980      0x1e0 c:/devkitpro/devkita64/bin/../lib/gcc/aarch64-none-elf/8.2.0/../../../../aarch64-none-elf/lib/pic\libg.a(lib_a-strtoull.o)
 .text._strtoull_r
                0x0000000000020b60       0x48 c:/devkitpro/devkita64/bin/../lib/gcc/aarch64-none-elf/8.2.0/../../../../aarch64-none-elf/lib/pic\libg.a(lib_a-strtoull.o)
                0x0000000000020b60                _strtoull_r
 .text.__ssprint_r
                0x0000000000020ba8      0x1c0 c:/devkitpro/devkita64/bin/../lib/gcc/aarch64-none-elf/8.2.0/../../../../aarch64-none-elf/lib/pic\libg.a(lib_a-svfiprintf.o)
                0x0000000000020ba8                __ssprint_r
 .text._sungetc_r
                0x0000000000020d68       0xf4 c:/devkitpro/devkita64/bin/../lib/gcc/aarch64-none-elf/8.2.0/../../../../aarch64-none-elf/lib/pic\libg.a(lib_a-svfiscanf.o)
                0x0000000000020d68                _sungetc_r
 .text.__ssrefill_r
                0x0000000000020e5c       0x70 c:/devkitpro/devkita64/bin/../lib/gcc/aarch64-none-elf/8.2.0/../../../../aarch64-none-elf/lib/pic\libg.a(lib_a-svfiscanf.o)
                0x0000000000020e5c                __ssrefill_r
 .text._sfread_r
                0x0000000000020ecc       0xe0 c:/devkitpro/devkita64/bin/../lib/gcc/aarch64-none-elf/8.2.0/../../../../aarch64-none-elf/lib/pic\libg.a(lib_a-svfiscanf.o)
                0x0000000000020ecc                _sfread_r
 .text.get_arg  0x0000000000020fac      0x76c c:/devkitpro/devkita64/bin/../lib/gcc/aarch64-none-elf/8.2.0/../../../../aarch64-none-elf/lib/pic\libg.a(lib_a-svfprintf.o)
 .text._svfprintf_r
                0x0000000000021718     0x3b44 c:/devkitpro/devkita64/bin/../lib/gcc/aarch64-none-elf/8.2.0/../../../../aarch64-none-elf/lib/pic\libg.a(lib_a-svfprintf.o)
                0x0000000000021718                _svfprintf_r