Archive member included to satisfy reference by file (symbol)

C:/devkitPro/libnx/lib\libnx.a(applet.o)
                              main.o (appletMainLoop)
C:/devkitPro/libnx/lib\libnx.a(hid.o)
                              main.o (hidKeysHeld)
C:/devkitPro/libnx/lib\libnx.a(apm.o)
                              C:/devkitPro/libnx/lib\libnx.a(applet.o) (apmExit)
C:/devkitPro/libnx/lib\libnx.a(sm.o)
                              C:/devkitPro/libnx/lib\libnx.a(applet.o) (smGetService)
C:/devkitPro/libnx/lib\libnx.a(fatal.o)
                              C:/devkitPro/libnx/lib\libnx.a(applet.o) (fatalSimple)
C:/devkitPro/libnx/lib\libnx.a(env.o)
                              C:/devkitPro/libnx/lib\libnx.a(applet.o) (envIsNso)
C:/devkitPro/libnx/lib\libnx.a(socket.o)
                              main.o (socketGetDefaultInitConfig)
C:/devkitPro/libnx/lib\libnx.a(console.o)
                              main.o (consoleInit)
C:/devkitPro/libnx/lib\libnx.a(console_sw.o)
                              C:/devkitPro/libnx/lib\libnx.a(console.o) (getDefaultConsoleRenderer)
C:/devkitPro/libnx/lib\libnx.a(convert_errno.o)
                              C:/devkitPro/libnx/lib\libnx.a(socket.o) (_convert_errno)
C:/devkitPro/libnx/lib\libnx.a(svc.o)
                              C:/devkitPro/libnx/lib\libnx.a(applet.o) (svcExitProcess)
C:/devkitPro/libnx/lib\libnx.a(readtp.o)
                              C:/devkitPro/libnx/lib\libnx.a(socket.o) (__aarch64_read_tp)
C:/devkitPro/libnx/lib\libnx.a(switch_crt0.o)
                              (_start)
C:/devkitPro/libnx/lib\libnx.a(default_font.bin.o)
                              C:/devkitPro/libnx/lib\libnx.a(console.o) (default_font_bin)
C:/devkitPro/libnx/lib\libnx.a(detect.o)
                              C:/devkitPro/libnx/lib\libnx.a(applet.o) (kernelAbove200)
C:/devkitPro/libnx/lib\libnx.a(shmem.o)
                              C:/devkitPro/libnx/lib\libnx.a(hid.o) (shmemLoadRemote)
C:/devkitPro/libnx/lib\libnx.a(rwlock.o)
                              C:/devkitPro/libnx/lib\libnx.a(hid.o) (rwlockReadLock)
C:/devkitPro/libnx/lib\libnx.a(tmem.o)
                              C:/devkitPro/libnx/lib\libnx.a(applet.o) (tmemCreate)
C:/devkitPro/libnx/lib\libnx.a(mutex.o)
                              C:/devkitPro/libnx/lib\libnx.a(detect.o) (mutexLock)
C:/devkitPro/libnx/lib\libnx.a(virtmem.o)
                              C:/devkitPro/libnx/lib\libnx.a(shmem.o) (virtmemReserve)
C:/devkitPro/libnx/lib\libnx.a(event.o)
                              C:/devkitPro/libnx/lib\libnx.a(applet.o) (eventLoadRemote)
C:/devkitPro/libnx/lib\libnx.a(sfdnsres.o)
                              C:/devkitPro/libnx/lib\libnx.a(socket.o) (sfdnsresGetHostByName)
C:/devkitPro/libnx/lib\libnx.a(bsd.o)
                              C:/devkitPro/libnx/lib\libnx.a(socket.o) (g_bsdResult)
C:/devkitPro/libnx/lib\libnx.a(nifm.o)
                              C:/devkitPro/libnx/lib\libnx.a(socket.o) (nifmExit)
C:/devkitPro/libnx/lib\libnx.a(gfx.o)
                              C:/devkitPro/libnx/lib\libnx.a(console_sw.o) (gfxInitDefault)
C:/devkitPro/libnx/lib\libnx.a(nvgfx.o)
                              C:/devkitPro/libnx/lib\libnx.a(gfx.o) (nvgfxInitialize)
C:/devkitPro/libnx/lib\libnx.a(dynamic.o)
                              C:/devkitPro/libnx/lib\libnx.a(switch_crt0.o) (__nx_dynamic)
C:/devkitPro/libnx/lib\libnx.a(init.o)
                              C:/devkitPro/libnx/lib\libnx.a(switch_crt0.o) (__libnx_init)
C:/devkitPro/libnx/lib\libnx.a(newlib.o)
                              C:/devkitPro/libnx/lib\libnx.a(init.o) (__libnx_init_time)
C:/devkitPro/libnx/lib\libnx.a(argv.o)
                              C:/devkitPro/libnx/lib\libnx.a(init.o) (argvSetup)
C:/devkitPro/libnx/lib\libnx.a(fs_dev.o)
                              C:/devkitPro/libnx/lib\libnx.a(init.o) (fsdevMountSdmc)
C:/devkitPro/libnx/lib\libnx.a(decode_utf8.o)
                              C:/devkitPro/libnx/lib\libnx.a(fs_dev.o) (decode_utf8)
C:/devkitPro/libnx/lib\libnx.a(cache.o)
                              C:/devkitPro/libnx/lib\libnx.a(gfx.o) (armDCacheFlush)
C:/devkitPro/libnx/lib\libnx.a(nv.o)
                              C:/devkitPro/libnx/lib\libnx.a(gfx.o) (nvExit)
C:/devkitPro/libnx/lib\libnx.a(time.o)
                              C:/devkitPro/libnx/lib\libnx.a(init.o) (timeExit)
C:/devkitPro/libnx/lib\libnx.a(vi.o)
                              C:/devkitPro/libnx/lib\libnx.a(gfx.o) (viExit)
C:/devkitPro/libnx/lib\libnx.a(fs.o)
                              C:/devkitPro/libnx/lib\libnx.a(init.o) (fsInitialize)
C:/devkitPro/libnx/lib\libnx.a(fence.o)
                              C:/devkitPro/libnx/lib\libnx.a(gfx.o) (nvFenceInit)
C:/devkitPro/libnx/lib\libnx.a(nvhost-ctrl.o)
                              C:/devkitPro/libnx/lib\libnx.a(fence.o) (nvioctlNvhostCtrl_EventSignal)
C:/devkitPro/libnx/lib\libnx.a(nvmap.o)
                              C:/devkitPro/libnx/lib\libnx.a(nvgfx.o) (nvioctlNvmap_Create)
[...]
Memory Configuration

Name             Origin             Length             Attributes
*default*        0x0000000000000000 0xffffffffffffffff

Linker script and memory map

                0x0000000000000000                PROVIDE (__start__ = 0x0)
                0x0000000000000000                . = __start__

.crt0           0x0000000000000000      0x130
 *(.crt0)
 .crt0          0x0000000000000000      0x130 C:/devkitPro/libnx/lib\libnx.a(switch_crt0.o)
                0x0000000000000000                _start
                0x0000000000000104                __nx_exit
                0x0000000000000114                __nx_mod0
                0x0000000000000130                . = ALIGN (0x8)

.init           0x0000000000000130       0x38
 *(.init)
 .init          0x0000000000000130       0x18 c:/devkitpro/devkita64/bin/../lib/gcc/aarch64-none-elf/8.2.0/pic/crti.o
                0x0000000000000130                _init
 .init          0x0000000000000148       0x1c c:/devkitpro/devkita64/bin/../lib/gcc/aarch64-none-elf/8.2.0/pic/crtn.o
                0x0000000000000168                . = ALIGN (0x8)
 *fill*         0x0000000000000164        0x4 

.plt            0x0000000000000168        0x0
 *(.plt)
 .plt           0x0000000000000168        0x0 c:/devkitpro/devkita64/bin/../lib/gcc/aarch64-none-elf/8.2.0/pic/crti.o
 *(.iplt)
                0x0000000000000168                . = ALIGN (0x8)

.text           0x0000000000000180    0x28a20
 *(.text.unlikely .text.*_unlikely .text.unlikely.*)
 *(.text.exit .text.exit.*)
 .text.exit     0x0000000000000180       0x38 c:/devkitpro/devkita64/bin/../lib/gcc/aarch64-none-elf/8.2.0/../../../../aarch64-none-elf/lib/pic\libg.a(lib_a-exit.o)
                0x0000000000000180                exit
 *(.text.startup .text.startup.*)
 *fill*         0x00000000000001b8        0x8 
 .text.startup.main
                0x00000000000001c0      0x68c main.o
                0x00000000000001c0                main
 *(.text.hot .text.hot.*)
 *(.text .stub .text.* .gnu.linkonce.t.*)
 *fill*         0x000000000000084c        0x4 
 .text.deregister_tm_clones
                0x0000000000000850       0x2c c:/devkitpro/devkita64/bin/../lib/gcc/aarch64-none-elf/8.2.0/pic/crtbegin.o
 *fill*         0x000000000000087c        0x4 
 .text.register_tm_clones
                0x0000000000000880       0x38 c:/devkitpro/devkita64/bin/../lib/gcc/aarch64-none-elf/8.2.0/pic/crtbegin.o
 .text.__do_global_dtors_aux
                0x00000000000008b8       0x48 c:/devkitpro/devkita64/bin/../lib/gcc/aarch64-none-elf/8.2.0/pic/crtbegin.o
 .text.frame_dummy
                0x0000000000000900       0x34 c:/devkitpro/devkita64/bin/../lib/gcc/aarch64-none-elf/8.2.0/pic/crtbegin.o
 *fill*         0x0000000000000934        0xc 
 .text.broadcast
                0x0000000000000940      0x1d0 main.o
                0x0000000000000940                broadcast
 .text.ipcCloseObjectById
                0x0000000000000b10       0x34 C:/devkitPro/libnx/lib\libnx.a(applet.o)
 *fill*         0x0000000000000b44        0xc 
 .text._appletCmdNoIO
                0x0000000000000b50       0xc4 C:/devkitPro/libnx/lib\libnx.a(applet.o)
 *fill*         0x0000000000000c14        0xc 
 .text._appletGetHandle
                0x0000000000000c20      0x124 C:/devkitPro/libnx/lib\libnx.a(applet.o)
 *fill*         0x0000000000000d44        0xc 
 .text._appletReceiveMessage
                0x0000000000000d50       0xec C:/devkitPro/libnx/lib\libnx.a(applet.o)
 *fill*         0x0000000000000e3c        0x4 
 .text._appletGetOperationMode.constprop.17
                0x0000000000000e40       0xe0 C:/devkitPro/libnx/lib\libnx.a(applet.o)
 .text._appletGetPerformanceMode.constprop.18
                0x0000000000000f20       0xe0 C:/devkitPro/libnx/lib\libnx.a(applet.o)
 .text._appletGetCurrentFocusState.constprop.19
                0x0000000000001000       0xe0 C:/devkitPro/libnx/lib\libnx.a(applet.o)
 .text._appletAcquireForegroundRights
                0x00000000000010e0       0xcc C:/devkitPro/libnx/lib\libnx.a(applet.o)
 *fill*         0x00000000000011ac        0x4 
 .text._appletSetPerformanceModeChangedNotification.constprop.21
                0x00000000000011b0       0xd4 C:/devkitPro/libnx/lib\libnx.a(applet.o)
 *fill*         0x0000000000001284        0xc 
 .text._appletSetOutOfFocusSuspendingEnabled
                0x0000000000001290       0xd0 C:/devkitPro/libnx/lib\libnx.a(applet.o)
 .text._appletSetOperationModeChangedNotification.constprop.20
                0x0000000000001360       0xd4 C:/devkitPro/libnx/lib\libnx.a(applet.o)
 *fill*         0x0000000000001434        0xc 
 .text._appletSetFocusHandlingMode
                0x0000000000001440       0xd8 C:/devkitPro/libnx/lib\libnx.a(applet.o)
 *fill*         0x0000000000001518        0x8 
 .text._appletGetAppletResourceUserId.constprop.15
                0x0000000000001520       0xe0 C:/devkitPro/libnx/lib\libnx.a(applet.o)
 .text._appletGetSessionProxy.constprop.14
                0x0000000000001600      0x13c C:/devkitPro/libnx/lib\libnx.a(applet.o)
 *fill*         0x000000000000173c        0x4 
 .text.appletGetAppletType
                0x0000000000001740       0x10 C:/devkitPro/libnx/lib\libnx.a(applet.o)
                0x0000000000001740                appletGetAppletType
 .text.appletHook
                0x0000000000001750       0x28 C:/devkitPro/libnx/lib\libnx.a(applet.o)
                0x0000000000001750                appletHook
 *fill*         0x0000000000001778        0x8 
 .text.appletUnhook
                0x0000000000001780       0x34 C:/devkitPro/libnx/lib\libnx.a(applet.o)
                0x0000000000001780                appletUnhook
 *fill*         0x00000000000017b4        0xc 
 .text.appletGetAppletResourceUserId
                0x00000000000017c0       0x28 C:/devkitPro/libnx/lib\libnx.a(applet.o)
                0x00000000000017c0                appletGetAppletResourceUserId
 *fill*         0x00000000000017e8        0x8 
 .text.appletNotifyRunning
                0x00000000000017f0      0x120 C:/devkitPro/libnx/lib\libnx.a(applet.o)
                0x00000000000017f0                appletNotifyRunning
 .text.appletSetGamePlayRecordingState
                0x0000000000001910      0x124 C:/devkitPro/libnx/lib\libnx.a(applet.o)
                0x0000000000001910                appletSetGamePlayRecordingState
 *fill*         0x0000000000001a34        0xc 
 .text.appletExit
                0x0000000000001a40      0x6c0 C:/devkitPro/libnx/lib\libnx.a(applet.o)
                0x0000000000001a40                appletExit
 .text.appletInitialize
                0x0000000000002100      0x594 C:/devkitPro/libnx/lib\libnx.a(applet.o)
                0x0000000000002100                appletInitialize
 *fill*         0x0000000000002694        0xc 
 .text._appletExitProcess
                0x00000000000026a0       0x10 C:/devkitPro/libnx/lib\libnx.a(applet.o)
 .text.appletCreateManagedDisplayLayer
                0x00000000000026b0       0xec C:/devkitPro/libnx/lib\libnx.a(applet.o)
                0x00000000000026b0                appletCreateManagedDisplayLayer
 *fill*         0x000000000000279c        0x4 
 .text.appletGetOperationMode
                0x00000000000027a0        0xc C:/devkitPro/libnx/lib\libnx.a(applet.o)
                0x00000000000027a0                appletGetOperationMode
 *fill*         0x00000000000027ac        0x4 
 .text.appletMainLoop
                0x00000000000027b0      0x17c C:/devkitPro/libnx/lib\libnx.a(applet.o)
                0x00000000000027b0                appletMainLoop
 *fill*         0x000000000000292c        0x4 
 .text.ipcCloseObjectById
                0x0000000000002930       0x34 C:/devkitPro/libnx/lib\libnx.a(hid.o)
 *fill*         0x0000000000002964        0xc 
 .text._hidGetSharedMemoryHandle.constprop.11
                0x0000000000002970      0x124 C:/devkitPro/libnx/lib\libnx.a(hid.o)
 *fill*         0x0000000000002a94        0xc 
 .text._hidCreateAppletResource.constprop.10
                0x0000000000002aa0      0x134 C:/devkitPro/libnx/lib\libnx.a(hid.o)
 *fill*         0x0000000000002bd4        0xc 
 .text._hidCmdWithNoInput
                0x0000000000002be0      0x100 C:/devkitPro/libnx/lib\libnx.a(hid.o)
 .text._hidCmdWithInputU32
                0x0000000000002ce0      0x10c C:/devkitPro/libnx/lib\libnx.a(hid.o)
 *fill*         0x0000000000002dec        0x4 
 .text.hidReset
                0x0000000000002df0      0x1d0 C:/devkitPro/libnx/lib\libnx.a(hid.o)
                0x0000000000002df0                hidReset
 .text.hidGetSharedmemAddr
                0x0000000000002fc0        0xc C:/devkitPro/libnx/lib\libnx.a(hid.o)
                0x0000000000002fc0                hidGetSharedmemAddr
 *fill*         0x0000000000002fcc        0x4 
 .text.hidKeysHeld
                0x0000000000002fd0       0x6c C:/devkitPro/libnx/lib\libnx.a(hid.o)
                0x0000000000002fd0                hidKeysHeld
 *fill*         0x000000000000303c        0x4 
 .text.hidTouchCount
                0x0000000000003040        0xc C:/devkitPro/libnx/lib\libnx.a(hid.o)
                0x0000000000003040                hidTouchCount
 *fill*         0x000000000000304c        0x4 
 .text.hidScanInput
                0x0000000000003050      0x560 C:/devkitPro/libnx/lib\libnx.a(hid.o)
                0x0000000000003050                hidScanInput
 .text.hidJoystickRead
                0x00000000000035b0       0xac C:/devkitPro/libnx/lib\libnx.a(hid.o)
                0x00000000000035b0                hidJoystickRead
 *fill*         0x000000000000365c        0x4 
 .text.hidSetSupportedNpadIdType
                0x0000000000003660      0x198 C:/devkitPro/libnx/lib\libnx.a(hid.o)
                0x0000000000003660                hidSetSupportedNpadIdType
 *fill*         0x00000000000037f8        0x8 
 .text.hidSetSupportedNpadStyleSet
                0x0000000000003800        0xc C:/devkitPro/libnx/lib\libnx.a(hid.o)
                0x0000000000003800                hidSetSupportedNpadStyleSet
 *fill*         0x000000000000380c        0x4 
 .text.hidSetNpadJoyAssignmentModeDual
                0x0000000000003810        0xc C:/devkitPro/libnx/lib\libnx.a(hid.o)
                0x0000000000003810                hidSetNpadJoyAssignmentModeDual
 *fill*         0x000000000000381c        0x4 
 .text.hidExit  0x0000000000003820      0x130 C:/devkitPro/libnx/lib\libnx.a(hid.o)
                0x0000000000003820                hidExit
 .text.hidInitialize
                0x0000000000003950      0x15c C:/devkitPro/libnx/lib\libnx.a(hid.o)
                0x0000000000003950                hidInitialize
 *fill*         0x0000000000003aac        0x4 
 .text.ipcCloseObjectById
                0x0000000000003ab0       0x34 C:/devkitPro/libnx/lib\libnx.a(apm.o)
 *fill*         0x0000000000003ae4        0xc 
 .text._apmGetSession.constprop.4
                0x0000000000003af0      0x124 C:/devkitPro/libnx/lib\libnx.a(apm.o)
 *fill*         0x0000000000003c14        0xc 
 .text.apmExit  0x0000000000003c20       0xf0 C:/devkitPro/libnx/lib\libnx.a(apm.o)
                0x0000000000003c20                apmExit
 .text.apmInitialize
                0x0000000000003d10       0x8c C:/devkitPro/libnx/lib\libnx.a(apm.o)
                0x0000000000003d10                apmInitialize
 *fill*         0x0000000000003d9c        0x4 
 .text.apmSetPerformanceConfiguration
                0x0000000000003da0       0xcc C:/devkitPro/libnx/lib\libnx.a(apm.o)
                0x0000000000003da0                apmSetPerformanceConfiguration
 *fill*         0x0000000000003e6c        0x4 
 .text.smAddOverrideHandle
                0x0000000000003e70       0x44 C:/devkitPro/libnx/lib\libnx.a(sm.o)
                0x0000000000003e70                smAddOverrideHandle
 *fill*         0x0000000000003eb4        0xc 
 .text.smGetServiceOverride
                0x0000000000003ec0       0x60 C:/devkitPro/libnx/lib\libnx.a(sm.o)
                0x0000000000003ec0                smGetServiceOverride
 .text.smHasInitialized
                0x0000000000003f20       0x14 C:/devkitPro/libnx/lib\libnx.a(sm.o)
                0x0000000000003f20                smHasInitialized
 *fill*         0x0000000000003f34        0xc 
 .text.smExit   0x0000000000003f40       0x5c C:/devkitPro/libnx/lib\libnx.a(sm.o)
                0x0000000000003f40                smExit
 *fill*         0x0000000000003f9c        0x4 
 .text.smEncodeName
                0x0000000000003fa0       0x38 C:/devkitPro/libnx/lib\libnx.a(sm.o)
                0x0000000000003fa0                smEncodeName
 *fill*         0x0000000000003fd8        0x8 
 .text.smGetServiceOriginal
                0x0000000000003fe0      0x12c C:/devkitPro/libnx/lib\libnx.a(sm.o)
                0x0000000000003fe0                smGetServiceOriginal
 *fill*         0x000000000000410c        0x4 
 .text.smInitialize
                0x0000000000004110      0x158 C:/devkitPro/libnx/lib\libnx.a(sm.o)
                0x0000000000004110                smInitialize
 *fill*         0x0000000000004268        0x8 
 .text.smGetService
                0x0000000000004270       0x74 C:/devkitPro/libnx/lib\libnx.a(sm.o)
                0x0000000000004270                smGetService
 *fill*         0x00000000000042e4        0xc 
 .text.fatalWithType
                0x00000000000042f0      0x104 C:/devkitPro/libnx/lib\libnx.a(fatal.o)
                0x00000000000042f0                fatalWithType
 *fill*         0x00000000000043f4        0xc 
 .text.fatalSimple
                0x0000000000004400       0x14 C:/devkitPro/libnx/lib\libnx.a(fatal.o)
                0x0000000000004400                fatalSimple
 *fill*         0x0000000000004414        0xc 
 .text.envSetup
                0x0000000000004420      0x208 C:/devkitPro/libnx/lib\libnx.a(env.o)
                0x0000000000004420                envSetup
 *fill*         0x0000000000004628        0x8 
 .text.envGetMainThreadHandle
                0x0000000000004630       0x20 C:/devkitPro/libnx/lib\libnx.a(env.o)
                0x0000000000004630                envGetMainThreadHandle
 .text.envIsNso
                0x0000000000004650        0xc C:/devkitPro/libnx/lib\libnx.a(env.o)
                0x0000000000004650                envIsNso
 *fill*         0x000000000000465c        0x4 
 .text.envHasHeapOverride
                0x0000000000004660       0x14 C:/devkitPro/libnx/lib\libnx.a(env.o)
                0x0000000000004660                envHasHeapOverride
 *fill*         0x0000000000004674        0xc 
 .text.envGetHeapOverrideAddr
                0x0000000000004680        0xc C:/devkitPro/libnx/lib\libnx.a(env.o)
                0x0000000000004680                envGetHeapOverrideAddr
 *fill*         0x000000000000468c        0x4 
 .text.envGetHeapOverrideSize
                0x0000000000004690        0xc C:/devkitPro/libnx/lib\libnx.a(env.o)
                0x0000000000004690                envGetHeapOverrideSize
 *fill*         0x000000000000469c        0x4 
 .text.envHasArgv
                0x00000000000046a0       0x14 C:/devkitPro/libnx/lib\libnx.a(env.o)
                0x00000000000046a0                envHasArgv
 *fill*         0x00000000000046b4        0xc 
 .text.envGetArgv
                0x00000000000046c0        0xc C:/devkitPro/libnx/lib\libnx.a(env.o)
                0x00000000000046c0                envGetArgv
 *fill*         0x00000000000046cc        0x4 
 .text.envGetExitFuncPtr
                0x00000000000046d0        0xc C:/devkitPro/libnx/lib\libnx.a(env.o)
                0x00000000000046d0                envGetExitFuncPtr
 *fill*         0x00000000000046dc        0x4 
 .text.envSetExitFuncPtr
                0x00000000000046e0        0xc C:/devkitPro/libnx/lib\libnx.a(env.o)
                0x00000000000046e0                envSetExitFuncPtr
 *fill*         0x00000000000046ec        0x4 
 .text._socketInetAtonDetail
                0x00000000000046f0      0x240 C:/devkitPro/libnx/lib\libnx.a(socket.o)
 .text._socketParseBsdResult.part.0
                0x0000000000004930       0xa8 C:/devkitPro/libnx/lib\libnx.a(socket.o)
 *fill*         0x00000000000049d8        0x8 
 .text._socketRead
                0x00000000000049e0       0x48 C:/devkitPro/libnx/lib\libnx.a(socket.o)
 *fill*         0x0000000000004a28        0x8 
 .text._socketWrite
                0x0000000000004a30       0x48 C:/devkitPro/libnx/lib\libnx.a(socket.o)
 *fill*         0x0000000000004a78        0x8 
 .text._socketClose
                0x0000000000004a80       0x3c C:/devkitPro/libnx/lib\libnx.a(socket.o)
 *fill*         0x0000000000004abc        0x4 
 .text._socketOpen
                0x0000000000004ac0       0x7c C:/devkitPro/libnx/lib\libnx.a(socket.o)
 *fill*         0x0000000000004b3c        0x4 
 .text.inet_ntop4
                0x0000000000004b40      0x110 C:/devkitPro/libnx/lib\libnx.a(socket.o)
 .text._socketGetFd
                0x0000000000004c50       0x80 C:/devkitPro/libnx/lib\libnx.a(socket.o)
 .text._socketDeserializeHostent.constprop.8
                0x0000000000004cd0      0x250 C:/devkitPro/libnx/lib\libnx.a(socket.o)
 .text.socketGetDefaultInitConfig
                0x0000000000004f20        0xc C:/devkitPro/libnx/lib\libnx.a(socket.o)
                0x0000000000004f20                socketGetDefaultInitConfig
 *fill*         0x0000000000004f2c        0x4 
 .text.socketExit
                0x0000000000004f30       0x20 C:/devkitPro/libnx/lib\libnx.a(socket.o)
                0x0000000000004f30                socketExit
 .text.socketInitialize
                0x0000000000004f50      0x108 C:/devkitPro/libnx/lib\libnx.a(socket.o)
                0x0000000000004f50                socketInitialize
 *fill*         0x0000000000005058        0x8 
 .text.socket   0x0000000000005060       0xa4 C:/devkitPro/libnx/lib\libnx.a(socket.o)
                0x0000000000005060                socket
 *fill*         0x0000000000005104        0xc 
 .text.recvfrom
                0x0000000000005110       0x58 C:/devkitPro/libnx/lib\libnx.a(socket.o)
                0x0000000000005110                recvfrom
 *fill*         0x0000000000005168        0x8 
 .text.sendto   0x0000000000005170       0x58 C:/devkitPro/libnx/lib\libnx.a(socket.o)
                0x0000000000005170                sendto
 *fill*         0x00000000000051c8        0x8 
 .text.setsockopt
                0x00000000000051d0       0x5c C:/devkitPro/libnx/lib\libnx.a(socket.o)
                0x00000000000051d0                setsockopt
 *fill*         0x000000000000522c        0x4 
 .text.inet_ntop
                0x0000000000005230      0x378 C:/devkitPro/libnx/lib\libnx.a(socket.o)
                0x0000000000005230                inet_ntop
 *fill*         0x00000000000055a8        0x8 
 .text.inet_aton
                0x00000000000055b0       0x24 C:/devkitPro/libnx/lib\libnx.a(socket.o)
                0x00000000000055b0                inet_aton
 *fill*         0x00000000000055d4        0xc 
 .text.gethostbyname
                0x00000000000055e0      0x190 C:/devkitPro/libnx/lib\libnx.a(socket.o)
                0x00000000000055e0                gethostbyname
 .text.consoleDrawChar
                0x0000000000005770       0x44 C:/devkitPro/libnx/lib\libnx.a(console.o)
 *fill*         0x00000000000057b4        0xc 
 .text.consoleClearLine
                0x00000000000057c0      0x140 C:/devkitPro/libnx/lib\libnx.a(console.o)
 .text.consoleNewRow
                0x0000000000005900       0x4c C:/devkitPro/libnx/lib\libnx.a(console.o)
 *fill*         0x000000000000594c        0x4 
 .text.consolePrintChar
                0x0000000000005950      0x118 C:/devkitPro/libnx/lib\libnx.a(console.o)
 *fill*         0x0000000000005a68        0x8 
 .text.consoleCls
                0x0000000000005a70      0x15c C:/devkitPro/libnx/lib\libnx.a(console.o)
 *fill*         0x0000000000005bcc        0x4 
 .text.con_write
                0x0000000000005bd0      0x7e0 C:/devkitPro/libnx/lib\libnx.a(console.o)
 .text.consoleInit
                0x00000000000063b0      0x114 C:/devkitPro/libnx/lib\libnx.a(console.o)
                0x00000000000063b0                consoleInit
 *fill*         0x00000000000064c4        0xc 
 .text.consoleExit
                0x00000000000064d0       0x48 C:/devkitPro/libnx/lib\libnx.a(console.o)
                0x00000000000064d0                consoleExit
 *fill*         0x0000000000006518        0x8 
 .text.consoleUpdate
                0x0000000000006520       0x28 C:/devkitPro/libnx/lib\libnx.a(console.o)
                0x0000000000006520                consoleUpdate
 *fill*         0x0000000000006548        0x8 
 .text.ConsoleSwRenderer_flushAndSwap
                0x0000000000006550       0x14 C:/devkitPro/libnx/lib\libnx.a(console_sw.o)
 *fill*         0x0000000000006564        0xc 
 .text.ConsoleSwRenderer_deinit
                0x0000000000006570        0x4 C:/devkitPro/libnx/lib\libnx.a(console_sw.o)
 *fill*         0x0000000000006574        0xc 
 .text.ConsoleSwRenderer_init
                0x0000000000006580       0xac C:/devkitPro/libnx/lib\libnx.a(console_sw.o)
 *fill*         0x000000000000662c        0x4 
 .text.ConsoleSwRenderer_drawChar
                0x0000000000006630      0x224 C:/devkitPro/libnx/lib\libnx.a(console_sw.o)
 *fill*         0x0000000000006854        0xc 
 .text.ConsoleSwRenderer_scrollWindow
                0x0000000000006860      0x158 C:/devkitPro/libnx/lib\libnx.a(console_sw.o)
 *fill*         0x00000000000069b8        0x8 
 .text.getDefaultConsoleRenderer
                0x00000000000069c0        0xc C:/devkitPro/libnx/lib\libnx.a(console_sw.o)
                0x00000000000069c0                getDefaultConsoleRenderer
 *fill*         0x00000000000069cc        0x4 
 .text._convert_errno
                0x00000000000069d0       0x30 C:/devkitPro/libnx/lib\libnx.a(convert_errno.o)
                0x00000000000069d0                _convert_errno
 .text.svcSetHeapSize
                0x0000000000006a00       0x14 C:/devkitPro/libnx/lib\libnx.a(svc.o)
                0x0000000000006a00                svcSetHeapSize
 .text.svcUnmapMemory
                0x0000000000006a14        0x8 C:/devkitPro/libnx/lib\libnx.a(svc.o)
                0x0000000000006a14                svcUnmapMemory
 .text.svcQueryMemory
                0x0000000000006a1c       0x14 C:/devkitPro/libnx/lib\libnx.a(svc.o)
                0x0000000000006a1c                svcQueryMemory
 .text.svcExitProcess
                0x0000000000006a30        0x8 C:/devkitPro/libnx/lib\libnx.a(svc.o)
                0x0000000000006a30                svcExitProcess
 .text.svcSleepThread
                0x0000000000006a38        0x8 C:/devkitPro/libnx/lib\libnx.a(svc.o)
                0x0000000000006a38                svcSleepThread
 .text.svcMapSharedMemory
                0x0000000000006a40        0x8 C:/devkitPro/libnx/lib\libnx.a(svc.o)
                0x0000000000006a40                svcMapSharedMemory
 .text.svcUnmapSharedMemory
                0x0000000000006a48        0x8 C:/devkitPro/libnx/lib\libnx.a(svc.o)
                0x0000000000006a48                svcUnmapSharedMemory
 .text.svcCreateTransferMemory
                0x0000000000006a50       0x14 C:/devkitPro/libnx/lib\libnx.a(svc.o)
                0x0000000000006a50                svcCreateTransferMemory
 .text.svcCloseHandle
                0x0000000000006a64        0x8 C:/devkitPro/libnx/lib\libnx.a(svc.o)
                0x0000000000006a64                svcCloseHandle
 .text.svcResetSignal
                0x0000000000006a6c        0x8 C:/devkitPro/libnx/lib\libnx.a(svc.o)
                0x0000000000006a6c                svcResetSignal
 .text.svcWaitSynchronization
                0x0000000000006a74       0x14 C:/devkitPro/libnx/lib\libnx.a(svc.o)
                0x0000000000006a74                svcWaitSynchronization
 .text.svcArbitrateLock
                0x0000000000006a88        0x8 C:/devkitPro/libnx/lib\libnx.a(svc.o)
                0x0000000000006a88                svcArbitrateLock
 .text.svcArbitrateUnlock
                0x0000000000006a90        0x8 C:/devkitPro/libnx/lib\libnx.a(svc.o)
                0x0000000000006a90                svcArbitrateUnlock
 .text.svcConnectToNamedPort
                0x0000000000006a98       0x14 C:/devkitPro/libnx/lib\libnx.a(svc.o)
                0x0000000000006a98                svcConnectToNamedPort
 .text.svcSendSyncRequest
                0x0000000000006aac        0x8 C:/devkitPro/libnx/lib\libnx.a(svc.o)
                0x0000000000006aac                svcSendSyncRequest
 .text.svcBreak
                0x0000000000006ab4        0x8 C:/devkitPro/libnx/lib\libnx.a(svc.o)
                0x0000000000006ab4                svcBreak
 .text.svcGetInfo
                0x0000000000006abc       0x14 C:/devkitPro/libnx/lib\libnx.a(svc.o)
                0x0000000000006abc                svcGetInfo
 .text.svcUnmapTransferMemory
                0x0000000000006ad0        0x8 C:/devkitPro/libnx/lib\libnx.a(svc.o)
                0x0000000000006ad0                svcUnmapTransferMemory
 .text.__aarch64_read_tp
                0x0000000000006ad8        0xc C:/devkitPro/libnx/lib\libnx.a(readtp.o)
                0x0000000000006ad8                __aarch64_read_tp
 *fill*         0x0000000000006ae4        0xc 
 .text._CacheValues
                0x0000000000006af0      0x180 C:/devkitPro/libnx/lib\libnx.a(detect.o)
 .text.kernelAbove200
                0x0000000000006c70       0x1c C:/devkitPro/libnx/lib\libnx.a(detect.o)
                0x0000000000006c70                kernelAbove200
 *fill*         0x0000000000006c8c        0x4 
 .text.kernelAbove300
                0x0000000000006c90       0x1c C:/devkitPro/libnx/lib\libnx.a(detect.o)
                0x0000000000006c90                kernelAbove300
 *fill*         0x0000000000006cac        0x4 
 .text.detectDebugger
                0x0000000000006cb0       0x30 C:/devkitPro/libnx/lib\libnx.a(detect.o)
                0x0000000000006cb0                detectDebugger
 .text.shmemLoadRemote
                0x0000000000006ce0       0x14 C:/devkitPro/libnx/lib\libnx.a(shmem.o)
                0x0000000000006ce0                shmemLoadRemote
 *fill*         0x0000000000006cf4        0xc 
 .text.shmemMap
                0x0000000000006d00       0x84 C:/devkitPro/libnx/lib\libnx.a(shmem.o)
                0x0000000000006d00                shmemMap
 *fill*         0x0000000000006d84        0xc 
 .text.shmemUnmap
                0x0000000000006d90       0x58 C:/devkitPro/libnx/lib\libnx.a(shmem.o)
                0x0000000000006d90                shmemUnmap
 *fill*         0x0000000000006de8        0x8 
 .text.shmemClose
                0x0000000000006df0       0x44 C:/devkitPro/libnx/lib\libnx.a(shmem.o)
                0x0000000000006df0                shmemClose
 *fill*         0x0000000000006e34        0xc 
 .text.rwlockReadLock
                0x0000000000006e40       0x4c C:/devkitPro/libnx/lib\libnx.a(rwlock.o)
                0x0000000000006e40                rwlockReadLock
 *fill*         0x0000000000006e8c        0x4 
 .text.rwlockReadUnlock
                0x0000000000006e90       0x4c C:/devkitPro/libnx/lib\libnx.a(rwlock.o)
                0x0000000000006e90                rwlockReadUnlock
 *fill*         0x0000000000006edc        0x4 
 .text.rwlockWriteLock
                0x0000000000006ee0        0x8 C:/devkitPro/libnx/lib\libnx.a(rwlock.o)
                0x0000000000006ee0                rwlockWriteLock
 *fill*         0x0000000000006ee8        0x8 
 .text.rwlockWriteUnlock
                0x0000000000006ef0        0x8 C:/devkitPro/libnx/lib\libnx.a(rwlock.o)
                0x0000000000006ef0                rwlockWriteUnlock
 *fill*         0x0000000000006ef8        0x8 
 .text.tmemCreate
                0x0000000000006f00       0xa8 C:/devkitPro/libnx/lib\libnx.a(tmem.o)
                0x0000000000006f00                tmemCreate
 *fill*         0x0000000000006fa8        0x8 
 .text.tmemUnmap
                0x0000000000006fb0       0x58 C:/devkitPro/libnx/lib\libnx.a(tmem.o)
                0x0000000000006fb0                tmemUnmap
 *fill*         0x0000000000007008        0x8 
 .text.tmemClose
                0x0000000000007010       0x68 C:/devkitPro/libnx/lib\libnx.a(tmem.o)
                0x0000000000007010                tmemClose
 *fill*         0x0000000000007078        0x8 
 .text.mutexLock
                0x0000000000007080       0x8c C:/devkitPro/libnx/lib\libnx.a(mutex.o)
                0x0000000000007080                mutexLock
 *fill*         0x000000000000710c        0x4 
 .text.mutexUnlock
                0x0000000000007110       0x30 C:/devkitPro/libnx/lib\libnx.a(mutex.o)
                0x0000000000007110                mutexUnlock
 .text.rmutexLock
                0x0000000000007140       0x4c C:/devkitPro/libnx/lib\libnx.a(mutex.o)
                0x0000000000007140                rmutexLock
 *fill*         0x000000000000718c        0x4 
 .text.rmutexUnlock
                0x0000000000007190       0x1c C:/devkitPro/libnx/lib\libnx.a(mutex.o)
                0x0000000000007190                rmutexUnlock
 *fill*         0x00000000000071ac        0x4 
 .text._GetRegionFromInfo.isra.1
                0x00000000000071b0       0x7c C:/devkitPro/libnx/lib\libnx.a(virtmem.o)
 *fill*         0x000000000000722c        0x4 
 .text.virtmemSetup
                0x0000000000007230      0x114 C:/devkitPro/libnx/lib\libnx.a(virtmem.o)
                0x0000000000007230                virtmemSetup
 *fill*         0x0000000000007344        0xc 
 .text.virtmemReserve
                0x0000000000007350      0x13c C:/devkitPro/libnx/lib\libnx.a(virtmem.o)
                0x0000000000007350                virtmemReserve
 *fill*         0x000000000000748c        0x4 
 .text.virtmemFree
                0x0000000000007490        0x4 C:/devkitPro/libnx/lib\libnx.a(virtmem.o)
                0x0000000000007490                virtmemFree
 *fill*         0x0000000000007494        0xc 
 .text.eventLoadRemote
                0x00000000000074a0        0xc C:/devkitPro/libnx/lib\libnx.a(event.o)
                0x00000000000074a0                eventLoadRemote
 *fill*         0x00000000000074ac        0x4 
 .text.eventWait
                0x00000000000074b0      0x11c C:/devkitPro/libnx/lib\libnx.a(event.o)
                0x00000000000074b0                eventWait
 *fill*         0x00000000000075cc        0x4 
 .text.eventClose
                0x00000000000075d0       0x50 C:/devkitPro/libnx/lib\libnx.a(event.o)
                0x00000000000075d0                eventClose
 .text.ipcCloseObjectById
                0x0000000000007620       0x34 C:/devkitPro/libnx/lib\libnx.a(sfdnsres.o)
 *fill*         0x0000000000007654        0xc 
 .text._sfdnsresDispatchCommand
                0x0000000000007660      0x50c C:/devkitPro/libnx/lib\libnx.a(sfdnsres.o)
 *fill*         0x0000000000007b6c        0x4 
 .text._sfdnsresDispatchDnsRequest.constprop.4
                0x0000000000007b70       0x6c C:/devkitPro/libnx/lib\libnx.a(sfdnsres.o)
 *fill*         0x0000000000007bdc        0x4 
 .text.sfdnsresGetHostByName
                0x0000000000007be0       0xbc C:/devkitPro/libnx/lib\libnx.a(sfdnsres.o)
                0x0000000000007be0                sfdnsresGetHostByName
 *fill*         0x0000000000007c9c        0x4 
 .text.ipcCloseObjectById
                0x0000000000007ca0       0x34 C:/devkitPro/libnx/lib\libnx.a(bsd.o)
 *fill*         0x0000000000007cd4        0xc 
 .text._bsdRegisterClient.isra.5.constprop.11
                0x0000000000007ce0      0x120 C:/devkitPro/libnx/lib\libnx.a(bsd.o)
 .text._bsdDispatchBasicCommand.isra.6
                0x0000000000007e00      0x308 C:/devkitPro/libnx/lib\libnx.a(bsd.o)
 *fill*         0x0000000000008108        0x8 
 .text._bsdSocketCreationCommand
                0x0000000000008110       0x44 C:/devkitPro/libnx/lib\libnx.a(bsd.o)
 *fill*         0x0000000000008154        0xc 
 .text._bsdDispatchCommandWithOutAddrlen.isra.7
                0x0000000000008160       0x44 C:/devkitPro/libnx/lib\libnx.a(bsd.o)
 *fill*         0x00000000000081a4        0xc 
 .text.ipcQueryPointerBufferSize.constprop.10
                0x00000000000081b0       0xc8 C:/devkitPro/libnx/lib\libnx.a(bsd.o)
 *fill*         0x0000000000008278        0x8 
 .text._bsdStartMonitor.constprop.9
                0x0000000000008280       0xf8 C:/devkitPro/libnx/lib\libnx.a(bsd.o)
 *fill*         0x0000000000008378        0x8 
 .text.bsdExit  0x0000000000008380       0xf0 C:/devkitPro/libnx/lib\libnx.a(bsd.o)
                0x0000000000008380                bsdExit
 .text.bsdInitialize
                0x0000000000008470      0x14c C:/devkitPro/libnx/lib\libnx.a(bsd.o)
                0x0000000000008470                bsdInitialize
 *fill*         0x00000000000085bc        0x4 
 .text.bsdSocket
                0x00000000000085c0       0x14 C:/devkitPro/libnx/lib\libnx.a(bsd.o)
                0x00000000000085c0                bsdSocket
 *fill*         0x00000000000085d4        0xc 
 .text.bsdOpen  0x00000000000085e0       0xc4 C:/devkitPro/libnx/lib\libnx.a(bsd.o)
                0x00000000000085e0                bsdOpen
 *fill*         0x00000000000086a4        0xc 
 .text.bsdRecvFrom
                0x00000000000086b0      0x198 C:/devkitPro/libnx/lib\libnx.a(bsd.o)
                0x00000000000086b0                bsdRecvFrom
 *fill*         0x0000000000008848        0x8 
 .text.bsdSendTo
                0x0000000000008850      0x1b0 C:/devkitPro/libnx/lib\libnx.a(bsd.o)
                0x0000000000008850                bsdSendTo
 .text.bsdSetSockOpt
                0x0000000000008a00       0xac C:/devkitPro/libnx/lib\libnx.a(bsd.o)
                0x0000000000008a00                bsdSetSockOpt
 *fill*         0x0000000000008aac        0x4 
 .text.bsdWrite
                0x0000000000008ab0       0xbc C:/devkitPro/libnx/lib\libnx.a(bsd.o)
                0x0000000000008ab0                bsdWrite
 *fill*         0x0000000000008b6c        0x4 
 .text.bsdRead  0x0000000000008b70       0xfc C:/devkitPro/libnx/lib\libnx.a(bsd.o)
                0x0000000000008b70                bsdRead
 *fill*         0x0000000000008c6c        0x4 
 .text.bsdClose
                0x0000000000008c70       0x40 C:/devkitPro/libnx/lib\libnx.a(bsd.o)
                0x0000000000008c70                bsdClose
 .text.ipcCloseObjectById
                0x0000000000008cb0       0x34 C:/devkitPro/libnx/lib\libnx.a(nifm.o)
 *fill*         0x0000000000008ce4        0xc 
 .text.ipcConvertSessionToDomain
                0x0000000000008cf0       0xc4 C:/devkitPro/libnx/lib\libnx.a(nifm.o)
 *fill*         0x0000000000008db4        0xc 
 .text.ipcCloneSession.constprop.14
                0x0000000000008dc0      0x10c C:/devkitPro/libnx/lib\libnx.a(nifm.o)
 *fill*         0x0000000000008ecc        0x4 
 .text._nifmCreateGeneralService.constprop.11
                0x0000000000008ed0      0x294 C:/devkitPro/libnx/lib\libnx.a(nifm.o)
 *fill*         0x0000000000009164        0xc 
 .text._nifmCreateGeneralServiceOld.constprop.12
                0x0000000000009170      0x294 C:/devkitPro/libnx/lib\libnx.a(nifm.o)
 *fill*         0x0000000000009404        0xc 
 .text.nifmExit
                0x0000000000009410       0xf0 C:/devkitPro/libnx/lib\libnx.a(nifm.o)
                0x0000000000009410                nifmExit
 .text.nifmInitialize
                0x0000000000009500       0xd4 C:/devkitPro/libnx/lib\libnx.a(nifm.o)
                0x0000000000009500                nifmInitialize
 *fill*         0x00000000000095d4        0xc 
 .text._gfxCancelBuffer
                0x00000000000095e0       0x4c C:/devkitPro/libnx/lib\libnx.a(gfx.o)
 *fill*         0x000000000000962c        0x4 
 .text._gfxDequeueBuffer.part.0
                0x0000000000009630      0x170 C:/devkitPro/libnx/lib\libnx.a(gfx.o)
 .text.gfxInitDefault
                0x00000000000097a0      0x4b4 C:/devkitPro/libnx/lib\libnx.a(gfx.o)
                0x00000000000097a0                gfxInitDefault
 *fill*         0x0000000000009c54        0xc 
 .text.gfxConfigureCrop
                0x0000000000009c60       0xe8 C:/devkitPro/libnx/lib\libnx.a(gfx.o)
                0x0000000000009c60                gfxConfigureCrop
 *fill*         0x0000000000009d48        0x8 
 .text.gfxConfigureResolution
                0x0000000000009d50       0x14 C:/devkitPro/libnx/lib\libnx.a(gfx.o)
                0x0000000000009d50                gfxConfigureResolution
 *fill*         0x0000000000009d64        0xc 
 .text._gfxAutoResolutionAppletHook
                0x0000000000009d70       0x60 C:/devkitPro/libnx/lib\libnx.a(gfx.o)
 .text.gfxConfigureAutoResolution
                0x0000000000009dd0      0x11c C:/devkitPro/libnx/lib\libnx.a(gfx.o)
                0x0000000000009dd0                gfxConfigureAutoResolution
 *fill*         0x0000000000009eec        0x4 
 .text.gfxExit  0x0000000000009ef0      0x174 C:/devkitPro/libnx/lib\libnx.a(gfx.o)
                0x0000000000009ef0                gfxExit
 *fill*         0x000000000000a064        0xc 
 .text._gfxGraphicBufferInit
                0x000000000000a070       0x3c C:/devkitPro/libnx/lib\libnx.a(gfx.o)
                0x000000000000a070                _gfxGraphicBufferInit
 *fill*         0x000000000000a0ac        0x4 
 .text.gfxSwapBuffers
                0x000000000000a0b0       0x6c C:/devkitPro/libnx/lib\libnx.a(gfx.o)
                0x000000000000a0b0                gfxSwapBuffers
 *fill*         0x000000000000a11c        0x4 
 .text.gfxGetFramebuffer
                0x000000000000a120       0x68 C:/devkitPro/libnx/lib\libnx.a(gfx.o)
                0x000000000000a120                gfxGetFramebuffer
 *fill*         0x000000000000a188        0x8 
 .text.gfxGetFramebufferResolution
                0x000000000000a190       0x2c C:/devkitPro/libnx/lib\libnx.a(gfx.o)
                0x000000000000a190                gfxGetFramebufferResolution
 *fill*         0x000000000000a1bc        0x4 
 .text.gfxSetMode
                0x000000000000a1c0        0xc C:/devkitPro/libnx/lib\libnx.a(gfx.o)
                0x000000000000a1c0                gfxSetMode
 *fill*         0x000000000000a1cc        0x4 
 .text.gfxFlushBuffers
                0x000000000000a1d0      0x12c C:/devkitPro/libnx/lib\libnx.a(gfx.o)
                0x000000000000a1d0                gfxFlushBuffers
 *fill*         0x000000000000a2fc        0x4 
 .text.nvmapobjClose.part.0.constprop.3
                0x000000000000a300       0x38 C:/devkitPro/libnx/lib\libnx.a(nvgfx.o)
 *fill*         0x000000000000a338        0x8 
 .text.nvgfxInitialize
                0x000000000000a340      0x1e8 C:/devkitPro/libnx/lib\libnx.a(nvgfx.o)
                0x000000000000a340                nvgfxInitialize
 *fill*         0x000000000000a528        0x8 
 .text.nvgfxExit
                0x000000000000a530       0x58 C:/devkitPro/libnx/lib\libnx.a(nvgfx.o)
                0x000000000000a530                nvgfxExit
 *fill*         0x000000000000a588        0x8 
 .text.nvgfxGetFramebuffer
                0x000000000000a590       0x4c C:/devkitPro/libnx/lib\libnx.a(nvgfx.o)
                0x000000000000a590                nvgfxGetFramebuffer
 *fill*         0x000000000000a5dc        0x4 
 .text.__nx_dynamic
                0x000000000000a5e0       0xa0 C:/devkitPro/libnx/lib\libnx.a(dynamic.o)
                0x000000000000a5e0                __nx_dynamic
 .text.__libnx_initheap
                0x000000000000a680       0xd8 C:/devkitPro/libnx/lib\libnx.a(init.o)
                0x000000000000a680                __libnx_initheap
 *fill*         0x000000000000a758        0x8 
 .text.__appInit
                0x000000000000a760       0x90 C:/devkitPro/libnx/lib\libnx.a(init.o)
                0x000000000000a760                __appInit
 .text.__appExit
                0x000000000000a7f0       0x34 C:/devkitPro/libnx/lib\libnx.a(init.o)
                0x000000000000a7f0                __appExit
 *fill*         0x000000000000a824        0xc 
 .text.__libnx_init
                0x000000000000a830       0x28 C:/devkitPro/libnx/lib\libnx.a(init.o)
                0x000000000000a830                __libnx_init
 *fill*         0x000000000000a858        0x8 
 .text.__libnx_exit
                0x000000000000a860       0x20 C:/devkitPro/libnx/lib\libnx.a(init.o)
                0x000000000000a860                __libnx_exit
 .text.mutexInit
                0x000000000000a880        0x8 C:/devkitPro/libnx/lib\libnx.a(newlib.o)
 *fill*         0x000000000000a888        0x8 
 .text.rmutexInit
                0x000000000000a890        0xc C:/devkitPro/libnx/lib\libnx.a(newlib.o)
 *fill*         0x000000000000a89c        0x4 
 .text.__libnx_gtod
                0x000000000000a8a0       0x8c C:/devkitPro/libnx/lib\libnx.a(newlib.o)
                0x000000000000a8a0                __libnx_gtod
 *fill*         0x000000000000a92c        0x4 
 .text.__libnx_clock_settime
                0x000000000000a930       0x20 C:/devkitPro/libnx/lib\libnx.a(newlib.o)
                0x000000000000a930                __libnx_clock_settime
 .text.__libnx_nanosleep
                0x000000000000a950       0x28 C:/devkitPro/libnx/lib\libnx.a(newlib.o)
                0x000000000000a950                __libnx_nanosleep
 *fill*         0x000000000000a978        0x8 
 .text.__libnx_get_reent
                0x000000000000a980       0x34 C:/devkitPro/libnx/lib\libnx.a(newlib.o)
 *fill*         0x000000000000a9b4        0xc 
 .text.__libnx_clock_gettime
                0x000000000000a9c0       0xf8 C:/devkitPro/libnx/lib\libnx.a(newlib.o)
                0x000000000000a9c0                __libnx_clock_gettime
 *fill*         0x000000000000aab8        0x8 
 .text.__libnx_clock_getres
                0x000000000000aac0       0x58 C:/devkitPro/libnx/lib\libnx.a(newlib.o)
                0x000000000000aac0                __libnx_clock_getres
 *fill*         0x000000000000ab18        0x8 
 .text.__libnx_init_time
                0x000000000000ab20      0x27c C:/devkitPro/libnx/lib\libnx.a(newlib.o)
                0x000000000000ab20                __libnx_init_time
 *fill*         0x000000000000ad9c        0x4 
 .text.newlibSetup
                0x000000000000ada0      0x118 C:/devkitPro/libnx/lib\libnx.a(newlib.o)
                0x000000000000ada0                newlibSetup
 *fill*         0x000000000000aeb8        0x8 
 .text.argvSetup
                0x000000000000aec0      0x368 C:/devkitPro/libnx/lib\libnx.a(argv.o)
                0x000000000000aec0                argvSetup
 *fill*         0x000000000000b228        0x8 
 .text.fsdev_link
                0x000000000000b230       0x10 C:/devkitPro/libnx/lib\libnx.a(fs_dev.o)
 .text.fsdev_dirreset
                0x000000000000b240       0x10 C:/devkitPro/libnx/lib\libnx.a(fs_dev.o)
 .text.fsdev_chmod
                0x000000000000b250       0x10 C:/devkitPro/libnx/lib\libnx.a(fs_dev.o)
 .text.error_cmp
                0x000000000000b260       0x1c C:/devkitPro/libnx/lib\libnx.a(fs_dev.o)
 *fill*         0x000000000000b27c        0x4 
 .text.fsdev_translate_error
                0x000000000000b280       0x58 C:/devkitPro/libnx/lib\libnx.a(fs_dev.o)
 *fill*         0x000000000000b2d8        0x8 
 .text.fsdev_fsync
                0x000000000000b2e0       0x40 C:/devkitPro/libnx/lib\libnx.a(fs_dev.o)
 .text.fsdev_ftruncate
                0x000000000000b320       0x60 C:/devkitPro/libnx/lib\libnx.a(fs_dev.o)
 .text.fsdev_dirclose
                0x000000000000b380       0x20 C:/devkitPro/libnx/lib\libnx.a(fs_dev.o)
 .text.fsdev_dirnext
                0x000000000000b3a0      0x16c C:/devkitPro/libnx/lib\libnx.a(fs_dev.o)
 *fill*         0x000000000000b50c        0x4 
 .text.fsdev_close
                0x000000000000b510       0x1c C:/devkitPro/libnx/lib\libnx.a(fs_dev.o)
 *fill*         0x000000000000b52c        0x4 
 .text.fsdev_fstat
                0x000000000000b530       0x80 C:/devkitPro/libnx/lib\libnx.a(fs_dev.o)
 .text.fsdev_seek
                0x000000000000b5b0       0xb0 C:/devkitPro/libnx/lib\libnx.a(fs_dev.o)
 .text.fsdev_read
                0x000000000000b660      0x198 C:/devkitPro/libnx/lib\libnx.a(fs_dev.o)
 *fill*         0x000000000000b7f8        0x8 
 .text.fsdev_write
                0x000000000000b800      0x1a0 C:/devkitPro/libnx/lib\libnx.a(fs_dev.o)
 .text.fsdevFindDevice
                0x000000000000b9a0      0x120 C:/devkitPro/libnx/lib\libnx.a(fs_dev.o)
 .text._fsdevMountDevice
                0x000000000000bac0      0x168 C:/devkitPro/libnx/lib\libnx.a(fs_dev.o)
 *fill*         0x000000000000bc28        0x8 
 .text.fsdev_getfspath
                0x000000000000bc30      0x1fc C:/devkitPro/libnx/lib\libnx.a(fs_dev.o)
 *fill*         0x000000000000be2c        0x4 
 .text.fsdev_rmdir
                0x000000000000be30       0x70 C:/devkitPro/libnx/lib\libnx.a(fs_dev.o)
 .text.fsdev_statvfs
                0x000000000000bea0       0xd4 C:/devkitPro/libnx/lib\libnx.a(fs_dev.o)
 *fill*         0x000000000000bf74        0xc 
 .text.fsdev_diropen
                0x000000000000bf80       0xec C:/devkitPro/libnx/lib\libnx.a(fs_dev.o)
 *fill*         0x000000000000c06c        0x4 
 .text.fsdev_mkdir
                0x000000000000c070       0x70 C:/devkitPro/libnx/lib\libnx.a(fs_dev.o)
 .text.fsdev_rename
                0x000000000000c0e0      0x114 C:/devkitPro/libnx/lib\libnx.a(fs_dev.o)
 *fill*         0x000000000000c1f4        0xc 
 .text.fsdev_chdir
                0x000000000000c200       0xe8 C:/devkitPro/libnx/lib\libnx.a(fs_dev.o)
 *fill*         0x000000000000c2e8        0x8 
 .text.fsdev_unlink
                0x000000000000c2f0       0x70 C:/devkitPro/libnx/lib\libnx.a(fs_dev.o)
 .text.fsdev_stat
                0x000000000000c360      0x168 C:/devkitPro/libnx/lib\libnx.a(fs_dev.o)
 *fill*         0x000000000000c4c8        0x8 
 .text.fsdev_open
                0x000000000000c4d0      0x180 C:/devkitPro/libnx/lib\libnx.a(fs_dev.o)
 .text._fsdevUnmountDeviceStruct.part.4
                0x000000000000c650       0xb8 C:/devkitPro/libnx/lib\libnx.a(fs_dev.o)
 *fill*         0x000000000000c708        0x8 
 .text.fsdev_fchmod
                0x000000000000c710       0x10 C:/devkitPro/libnx/lib\libnx.a(fs_dev.o)
 .text.fsdevMountSdmc
                0x000000000000c720      0x158 C:/devkitPro/libnx/lib\libnx.a(fs_dev.o)
                0x000000000000c720                fsdevMountSdmc
 *fill*         0x000000000000c878        0x8 
 .text.fsdevUnmountAll
                0x000000000000c880       0x64 C:/devkitPro/libnx/lib\libnx.a(fs_dev.o)
                0x000000000000c880                fsdevUnmountAll
 *fill*         0x000000000000c8e4        0xc 
 .text.decode_utf8
                0x000000000000c8f0      0x12c C:/devkitPro/libnx/lib\libnx.a(decode_utf8.o)
                0x000000000000c8f0                decode_utf8
 .text.armDCacheFlush
                0x000000000000ca1c       0x3c C:/devkitPro/libnx/lib\libnx.a(cache.o)
                0x000000000000ca1c                armDCacheFlush
 *fill*         0x000000000000ca58        0x8 
 .text.ipcCloseObjectById
                0x000000000000ca60       0x34 C:/devkitPro/libnx/lib\libnx.a(nv.o)
 *fill*         0x000000000000ca94        0xc 
 .text.ipcQueryPointerBufferSize.constprop.10
                0x000000000000caa0       0xc8 C:/devkitPro/libnx/lib\libnx.a(nv.o)
 *fill*         0x000000000000cb68        0x8 
 .text.ipcCloneSession.constprop.9
                0x000000000000cb70      0x10c C:/devkitPro/libnx/lib\libnx.a(nv.o)
 *fill*         0x000000000000cc7c        0x4 
 .text._nvSetClientPID
                0x000000000000cc80       0xd8 C:/devkitPro/libnx/lib\libnx.a(nv.o)
 *fill*         0x000000000000cd58        0x8 
 .text._nvInitialize.constprop.8
                0x000000000000cd60       0xf0 C:/devkitPro/libnx/lib\libnx.a(nv.o)
 .text.nvExit   0x000000000000ce50      0x108 C:/devkitPro/libnx/lib\libnx.a(nv.o)
                0x000000000000ce50                nvExit
 *fill*         0x000000000000cf58        0x8 
 .text.nvInitialize
                0x000000000000cf60      0x178 C:/devkitPro/libnx/lib\libnx.a(nv.o)
                0x000000000000cf60                nvInitialize
 *fill*         0x000000000000d0d8        0x8 
 .text.nvConvertError
                0x000000000000d0e0      0x12c C:/devkitPro/libnx/lib\libnx.a(nv.o)
                0x000000000000d0e0                nvConvertError
 *fill*         0x000000000000d20c        0x4 
 .text.nvOpen   0x000000000000d210      0x12c C:/devkitPro/libnx/lib\libnx.a(nv.o)
                0x000000000000d210                nvOpen
 *fill*         0x000000000000d33c        0x4 
 .text.nvIoctl  0x000000000000d340      0x270 C:/devkitPro/libnx/lib\libnx.a(nv.o)
                0x000000000000d340                nvIoctl
 .text.nvClose  0x000000000000d5b0       0xdc C:/devkitPro/libnx/lib\libnx.a(nv.o)
                0x000000000000d5b0                nvClose
 *fill*         0x000000000000d68c        0x4 
 .text.nvQueryEvent
                0x000000000000d690      0x15c C:/devkitPro/libnx/lib\libnx.a(nv.o)
                0x000000000000d690                nvQueryEvent
 *fill*         0x000000000000d7ec        0x4 
 .text.ipcCloseObjectById
                0x000000000000d7f0       0x34 C:/devkitPro/libnx/lib\libnx.a(time.o)
 *fill*         0x000000000000d824        0xc 
 .text._timeGetSession
                0x000000000000d830      0x12c C:/devkitPro/libnx/lib\libnx.a(time.o)
 *fill*         0x000000000000d95c        0x4 
 .text.timeExit
                0x000000000000d960      0x1ec C:/devkitPro/libnx/lib\libnx.a(time.o)
                0x000000000000d960                timeExit
 *fill*         0x000000000000db4c        0x4 
 .text.timeInitialize
                0x000000000000db50       0xd8 C:/devkitPro/libnx/lib\libnx.a(time.o)
                0x000000000000db50                timeInitialize
 *fill*         0x000000000000dc28        0x8 
 .text.timeGetCurrentTime
                0x000000000000dc30      0x124 C:/devkitPro/libnx/lib\libnx.a(time.o)
                0x000000000000dc30                timeGetCurrentTime
 *fill*         0x000000000000dd54        0xc 
 .text.timeToCalendarTimeWithMyRule
                0x000000000000dd60      0x118 C:/devkitPro/libnx/lib\libnx.a(time.o)
                0x000000000000dd60                timeToCalendarTimeWithMyRule
 *fill*         0x000000000000de78        0x8 
 .text.ipcCloseObjectById
                0x000000000000de80       0x34 C:/devkitPro/libnx/lib\libnx.a(vi.o)
 *fill*         0x000000000000deb4        0xc 
 .text._viGetSession.constprop.7
                0x000000000000dec0      0x134 C:/devkitPro/libnx/lib\libnx.a(vi.o)
 *fill*         0x000000000000dff4        0xc 
 .text.viExit   0x000000000000e000      0x1e4 C:/devkitPro/libnx/lib\libnx.a(vi.o)
                0x000000000000e000                viExit
 *fill*         0x000000000000e1e4        0xc 
 .text.viInitialize
                0x000000000000e1f0      0x304 C:/devkitPro/libnx/lib\libnx.a(vi.o)
                0x000000000000e1f0                viInitialize
 *fill*         0x000000000000e4f4        0xc 
 .text.viGetSession_IHOSBinderDriverRelay
                0x000000000000e500        0xc C:/devkitPro/libnx/lib\libnx.a(vi.o)
                0x000000000000e500                viGetSession_IHOSBinderDriverRelay
 *fill*         0x000000000000e50c        0x4 
 .text.viOpenDisplay
                0x000000000000e510      0x140 C:/devkitPro/libnx/lib\libnx.a(vi.o)
                0x000000000000e510                viOpenDisplay
 .text.viCloseDisplay
                0x000000000000e650      0x104 C:/devkitPro/libnx/lib\libnx.a(vi.o)
                0x000000000000e650                viCloseDisplay
 *fill*         0x000000000000e754        0xc 
 .text.viGetDisplayVsyncEvent
                0x000000000000e760      0x13c C:/devkitPro/libnx/lib\libnx.a(vi.o)
                0x000000000000e760                viGetDisplayVsyncEvent
 *fill*         0x000000000000e89c        0x4 
 .text.viCloseLayer
                0x000000000000e8a0      0x104 C:/devkitPro/libnx/lib\libnx.a(vi.o)
                0x000000000000e8a0                viCloseLayer
 *fill*         0x000000000000e9a4        0xc 
 .text.viCreateLayer
                0x000000000000e9b0      0x320 C:/devkitPro/libnx/lib\libnx.a(vi.o)
                0x000000000000e9b0                viCreateLayer
 .text.viSetLayerScalingMode
                0x000000000000ecd0       0xe8 C:/devkitPro/libnx/lib\libnx.a(vi.o)
                0x000000000000ecd0                viSetLayerScalingMode
 *fill*         0x000000000000edb8        0x8 
 .text.ipcPrepareHeader
                0x000000000000edc0      0x220 C:/devkitPro/libnx/lib\libnx.a(fs.o)
 .text.ipcParse
                0x000000000000efe0      0x22c C:/devkitPro/libnx/lib\libnx.a(fs.o)
 *fill*         0x000000000000f20c        0x4 
 .text.serviceIpcParse
                0x000000000000f210       0xb8 C:/devkitPro/libnx/lib\libnx.a(fs.o)
 *fill*         0x000000000000f2c8        0x8 
 .text.ipcCloseObjectById
                0x000000000000f2d0       0x34 C:/devkitPro/libnx/lib\libnx.a(fs.o)
 *fill*         0x000000000000f304        0xc 
 .text.fsInitialize
                0x000000000000f310      0x200 C:/devkitPro/libnx/lib\libnx.a(fs.o)
                0x000000000000f310                fsInitialize
 .text.fsExit   0x000000000000f510       0x9c C:/devkitPro/libnx/lib\libnx.a(fs.o)
                0x000000000000f510                fsExit
 *fill*         0x000000000000f5ac        0x4 
 .text.fsMountSdcard
                0x000000000000f5b0      0x134 C:/devkitPro/libnx/lib\libnx.a(fs.o)
                0x000000000000f5b0                fsMountSdcard
 *fill*         0x000000000000f6e4        0xc 
 .text.fsFsCreateFile
                0x000000000000f6f0      0x120 C:/devkitPro/libnx/lib\libnx.a(fs.o)
                0x000000000000f6f0                fsFsCreateFile
 .text.fsFsDeleteFile
                0x000000000000f810      0x19c C:/devkitPro/libnx/lib\libnx.a(fs.o)
                0x000000000000f810                fsFsDeleteFile
 *fill*         0x000000000000f9ac        0x4 
 .text.fsFsCreateDirectory
                0x000000000000f9b0      0x1a4 C:/devkitPro/libnx/lib\libnx.a(fs.o)
                0x000000000000f9b0                fsFsCreateDirectory
 *fill*         0x000000000000fb54        0xc 
 .text.fsFsDeleteDirectory
                0x000000000000fb60      0x1a4 C:/devkitPro/libnx/lib\libnx.a(fs.o)
                0x000000000000fb60                fsFsDeleteDirectory
 *fill*         0x000000000000fd04        0xc 
 .text.fsFsRenameFile
                0x000000000000fd10      0x190 C:/devkitPro/libnx/lib\libnx.a(fs.o)
                0x000000000000fd10                fsFsRenameFile
 .text.fsFsRenameDirectory
                0x000000000000fea0      0x190 C:/devkitPro/libnx/lib\libnx.a(fs.o)
                0x000000000000fea0                fsFsRenameDirectory
 .text.fsFsGetEntryType
                0x0000000000010030      0x12c C:/devkitPro/libnx/lib\libnx.a(fs.o)
                0x0000000000010030                fsFsGetEntryType
 *fill*         0x000000000001015c        0x4 
 .text.fsFsOpenFile
                0x0000000000010160      0x150 C:/devkitPro/libnx/lib\libnx.a(fs.o)
                0x0000000000010160                fsFsOpenFile
 .text.fsFsOpenDirectory
                0x00000000000102b0      0x150 C:/devkitPro/libnx/lib\libnx.a(fs.o)
                0x00000000000102b0                fsFsOpenDirectory
 .text.fsFsGetFreeSpace
                0x0000000000010400      0x12c C:/devkitPro/libnx/lib\libnx.a(fs.o)
                0x0000000000010400                fsFsGetFreeSpace
 *fill*         0x000000000001052c        0x4 
 .text.fsFsGetTotalSpace
                0x0000000000010530      0x12c C:/devkitPro/libnx/lib\libnx.a(fs.o)
                0x0000000000010530                fsFsGetTotalSpace
 *fill*         0x000000000001065c        0x4 
 .text.fsFsClose
                0x0000000000010660       0x6c C:/devkitPro/libnx/lib\libnx.a(fs.o)
                0x0000000000010660                fsFsClose
 *fill*         0x00000000000106cc        0x4 
 .text.fsFileRead
                0x00000000000106d0      0x138 C:/devkitPro/libnx/lib\libnx.a(fs.o)
                0x00000000000106d0                fsFileRead
 *fill*         0x0000000000010808        0x8 
 .text.fsFileWrite
                0x0000000000010810      0x10c C:/devkitPro/libnx/lib\libnx.a(fs.o)
                0x0000000000010810                fsFileWrite
 *fill*         0x000000000001091c        0x4 
 .text.fsFileFlush
                0x0000000000010920      0x174 C:/devkitPro/libnx/lib\libnx.a(fs.o)
                0x0000000000010920                fsFileFlush
 *fill*         0x0000000000010a94        0xc 
 .text.fsFileSetSize
                0x0000000000010aa0      0x17c C:/devkitPro/libnx/lib\libnx.a(fs.o)
                0x0000000000010aa0                fsFileSetSize
 *fill*         0x0000000000010c1c        0x4 
 .text.fsFileGetSize
                0x0000000000010c20      0x100 C:/devkitPro/libnx/lib\libnx.a(fs.o)
                0x0000000000010c20                fsFileGetSize
 .text.fsFileClose
                0x0000000000010d20       0x6c C:/devkitPro/libnx/lib\libnx.a(fs.o)
                0x0000000000010d20                fsFileClose
 *fill*         0x0000000000010d8c        0x4 
 .text.fsDirClose
                0x0000000000010d90       0x6c C:/devkitPro/libnx/lib\libnx.a(fs.o)
                0x0000000000010d90                fsDirClose
 *fill*         0x0000000000010dfc        0x4 
 .text.fsDirRead
                0x0000000000010e00      0x13c C:/devkitPro/libnx/lib\libnx.a(fs.o)
                0x0000000000010e00                fsDirRead
 *fill*         0x0000000000010f3c        0x4 
 .text._nvFenceEventWaitCommon
                0x0000000000010f40       0x60 C:/devkitPro/libnx/lib\libnx.a(fence.o)
 .text.nvFenceInit
                0x0000000000010fa0       0x5c C:/devkitPro/libnx/lib\libnx.a(fence.o)
                0x0000000000010fa0                nvFenceInit
 *fill*         0x0000000000010ffc        0x4 
 .text.nvFenceExit
                0x0000000000011000       0x98 C:/devkitPro/libnx/lib\libnx.a(fence.o)
                0x0000000000011000                nvFenceExit
 *fill*         0x0000000000011098        0x8 
 .text.nvFenceWait
                0x00000000000110a0      0x1e0 C:/devkitPro/libnx/lib\libnx.a(fence.o)
                0x00000000000110a0                nvFenceWait
 .text.nvMultiFenceWait
                0x0000000000011280       0x7c C:/devkitPro/libnx/lib\libnx.a(fence.o)
                0x0000000000011280                nvMultiFenceWait
 *fill*         0x00000000000112fc        0x4 
 .text.nvioctlNvhostCtrl_EventSignal
                0x0000000000011300       0x24 C:/devkitPro/libnx/lib\libnx.a(nvhost-ctrl.o)
                0x0000000000011300                nvioctlNvhostCtrl_EventSignal
 *fill*         0x0000000000011324        0xc 
 .text.nvioctlNvhostCtrl_EventWait
                0x0000000000011330       0x3c C:/devkitPro/libnx/lib\libnx.a(nvhost-ctrl.o)
                0x0000000000011330                nvioctlNvhostCtrl_EventWait
 *fill*         0x000000000001136c        0x4 
 .text.nvioctlNvhostCtrl_EventWaitAsync
                0x0000000000011370       0x28 C:/devkitPro/libnx/lib\libnx.a(nvhost-ctrl.o)
                0x0000000000011370                nvioctlNvhostCtrl_EventWaitAsync
 *fill*         0x0000000000011398        0x8 
 .text.nvioctlNvhostCtrl_EventRegister
                0x00000000000113a0       0x24 C:/devkitPro/libnx/lib\libnx.a(nvhost-ctrl.o)
                0x00000000000113a0                nvioctlNvhostCtrl_EventRegister
 *fill*         0x00000000000113c4        0xc 
 .text.nvioctlNvhostCtrl_EventUnregister
                0x00000000000113d0       0x24 C:/devkitPro/libnx/lib\libnx.a(nvhost-ctrl.o)
                0x00000000000113d0                nvioctlNvhostCtrl_EventUnregister
 *fill*         0x00000000000113f4        0xc 
 .text.nvioctlNvmap_Create
                0x0000000000011400       0x3c C:/devkitPro/libnx/lib\libnx.a(nvmap.o)
                0x0000000000011400                nvioctlNvmap_Create
 *fill*         0x000000000001143c        0x4 
 .text.nvioctlNvmap_Alloc
                0x0000000000011440       0x30 C:/devkitPro/libnx/lib\libnx.a(nvmap.o)
                0x0000000000011440                nvioctlNvmap_Alloc
 .text.nvioctlNvmap_GetId
                0x0000000000011470       0x3c C:/devkitPro/libnx/lib\libnx.a(nvmap.o)
                0x0000000000011470                nvioctlNvmap_GetId
 *fill*         0x00000000000114ac        0x4 
 .text.bqRequestBuffer
                0x00000000000114b0       0xf0 C:/devkitPro/libnx/lib\libnx.a(buffer_producer.o)
                0x00000000000114b0                bqRequestBuffer
 .text.bqDequeueBuffer
                0x00000000000115a0      0x154 C:/devkitPro/libnx/lib\libnx.a(buffer_producer.o)
                0x00000000000115a0                bqDequeueBuffer
 *fill*         0x00000000000116f4        0xc 
 .text.bqDetachBuffer
                0x0000000000011700       0x9c C:/devkitPro/libnx/lib\libnx.a(buffer_producer.o)
                0x0000000000011700                bqDetachBuffer
 *fill*         0x000000000001179c        0x4 
 .text.bqQueueBuffer
                0x00000000000117a0       0xe0 C:/devkitPro/libnx/lib\libnx.a(buffer_producer.o)
                0x00000000000117a0                bqQueueBuffer
 .text.bqCancelBuffer
                0x0000000000011880       0x90 C:/devkitPro/libnx/lib\libnx.a(buffer_producer.o)
                0x0000000000011880                bqCancelBuffer
 .text.bqConnect
                0x0000000000011910       0xe4 C:/devkitPro/libnx/lib\libnx.a(buffer_producer.o)
                0x0000000000011910                bqConnect
 *fill*         0x00000000000119f4        0xc 
 .text.bqDisconnect
                0x0000000000011a00       0x9c C:/devkitPro/libnx/lib\libnx.a(buffer_producer.o)
                0x0000000000011a00                bqDisconnect
 *fill*         0x0000000000011a9c        0x4 
 .text.bqSetPreallocatedBuffer
                0x0000000000011aa0       0xb4 C:/devkitPro/libnx/lib\libnx.a(buffer_producer.o)
                0x0000000000011aa0                bqSetPreallocatedBuffer
 *fill*         0x0000000000011b54        0xc 
 .text._binderTransactParcelAuto
                0x0000000000011b60      0x248 C:/devkitPro/libnx/lib\libnx.a(binder.o)
 *fill*         0x0000000000011da8        0x8 
 .text.ipcQueryPointerBufferSize
                0x0000000000011db0       0xc8 C:/devkitPro/libnx/lib\libnx.a(binder.o)
 *fill*         0x0000000000011e78        0x8 
 .text._binderTransactParcel
                0x0000000000011e80      0x138 C:/devkitPro/libnx/lib\libnx.a(binder.o)
 *fill*         0x0000000000011fb8        0x8 
 .text.binderCreate
                0x0000000000011fc0       0x14 C:/devkitPro/libnx/lib\libnx.a(binder.o)
                0x0000000000011fc0                binderCreate
 *fill*         0x0000000000011fd4        0xc 
 .text.binderTransactParcel
                0x0000000000011fe0       0x10 C:/devkitPro/libnx/lib\libnx.a(binder.o)
                0x0000000000011fe0                binderTransactParcel
 .text.binderConvertErrorCode
                0x0000000000011ff0      0x124 C:/devkitPro/libnx/lib\libnx.a(binder.o)
                0x0000000000011ff0                binderConvertErrorCode
 *fill*         0x0000000000012114        0xc 
 .text.binderAdjustRefcount
                0x0000000000012120       0xe8 C:/devkitPro/libnx/lib\libnx.a(binder.o)
                0x0000000000012120                binderAdjustRefcount
 *fill*         0x0000000000012208        0x8 
 .text.binderClose
                0x0000000000012210       0x74 C:/devkitPro/libnx/lib\libnx.a(binder.o)
                0x0000000000012210                binderClose
 *fill*         0x0000000000012284        0xc 
 .text.binderInitSession
                0x0000000000012290       0xc4 C:/devkitPro/libnx/lib\libnx.a(binder.o)
                0x0000000000012290                binderInitSession
 *fill*         0x0000000000012354        0xc 
 .text.binderGetNativeHandle
                0x0000000000012360      0x144 C:/devkitPro/libnx/lib\libnx.a(binder.o)
                0x0000000000012360                binderGetNativeHandle
 *fill*         0x00000000000124a4        0xc 
 .text.parcelCreate
                0x00000000000124b0       0x28 C:/devkitPro/libnx/lib\libnx.a(parcel.o)
                0x00000000000124b0                parcelCreate
 *fill*         0x00000000000124d8        0x8 
 .text.parcelTransact
                0x00000000000124e0      0x19c C:/devkitPro/libnx/lib\libnx.a(parcel.o)
                0x00000000000124e0                parcelTransact
 *fill*         0x000000000001267c        0x4 
 .text.parcelWriteData
                0x0000000000012680       0x88 C:/devkitPro/libnx/lib\libnx.a(parcel.o)
                0x0000000000012680                parcelWriteData
 *fill*         0x0000000000012708        0x8 
 .text.parcelReadData
                0x0000000000012710       0x98 C:/devkitPro/libnx/lib\libnx.a(parcel.o)
                0x0000000000012710                parcelReadData
 *fill*         0x00000000000127a8        0x8 
 .text.parcelWriteInt32
                0x00000000000127b0       0x20 C:/devkitPro/libnx/lib\libnx.a(parcel.o)
                0x00000000000127b0                parcelWriteInt32
 .text.parcelWriteUInt32
                0x00000000000127d0       0x20 C:/devkitPro/libnx/lib\libnx.a(parcel.o)
                0x00000000000127d0                parcelWriteUInt32
 .text.parcelWriteString16
                0x00000000000127f0       0x80 C:/devkitPro/libnx/lib\libnx.a(parcel.o)
                0x00000000000127f0                parcelWriteString16
 .text.parcelWriteInterfaceToken
                0x0000000000012870       0x30 C:/devkitPro/libnx/lib\libnx.a(parcel.o)
                0x0000000000012870                parcelWriteInterfaceToken
 .text.parcelReadInt32
                0x00000000000128a0       0x24 C:/devkitPro/libnx/lib\libnx.a(parcel.o)
                0x00000000000128a0                parcelReadInt32
 *fill*         0x00000000000128c4        0xc 
 .text.parcelReadFlattenedObject
                0x00000000000128d0       0x68 C:/devkitPro/libnx/lib\libnx.a(parcel.o)
                0x00000000000128d0                parcelReadFlattenedObject
 *fill*         0x0000000000012938        0x8 
 .text.parcelWriteFlattenedObject
                0x0000000000012940       0x44 C:/devkitPro/libnx/lib\libnx.a(parcel.o)
                0x0000000000012940                parcelWriteFlattenedObject
 *fill*         0x0000000000012984        0xc 
 .text.nxlinkSetup
                0x0000000000012990       0xc4 C:/devkitPro/libnx/lib\libnx.a(nxlink.o)
                0x0000000000012990                nxlinkSetup
 *fill*         0x0000000000012a54        0x4 
 .text.atoi     0x0000000000012a58       0x1c c:/devkitpro/devkita64/bin/../lib/gcc/aarch64-none-elf/8.2.0/../../../../aarch64-none-elf/lib/pic\libg.a(lib_a-atoi.o)
                0x0000000000012a58                atoi
 *fill*         0x0000000000012a74        0x4 
 .text.bsearch  0x0000000000012a78       0xb8 c:/devkitpro/devkita64/bin/../lib/gcc/aarch64-none-elf/8.2.0/../../../../aarch64-none-elf/lib/pic\libg.a(lib_a-bsearch.o)
                0x0000000000012a78                bsearch
 .text.__errno  0x0000000000012b30       0x14 c:/devkitpro/devkita64/bin/../lib/gcc/aarch64-none-elf/8.2.0/../../../../aarch64-none-elf/lib/pic\libg.a(lib_a-errno.o)
                0x0000000000012b30                __errno
 *fill*         0x0000000000012b44        0x4 
 .text.__libc_fini_array
                0x0000000000012b48       0x44 c:/devkitpro/devkita64/bin/../lib/gcc/aarch64-none-elf/8.2.0/../../../../aarch64-none-elf/lib/pic\libg.a(lib_a-fini.o)
                0x0000000000012b48                __libc_fini_array
 *fill*         0x0000000000012b8c        0x4 
 .text._fwrite_r
                0x0000000000012b90       0xe0 c:/devkitpro/devkita64/bin/../lib/gcc/aarch64-none-elf/8.2.0/../../../../aarch64-none-elf/lib/pic\libg.a(lib_a-fwrite.o)
                0x0000000000012b90                _fwrite_r
 .text.fwrite   0x0000000000012c70       0x40 c:/devkitpro/devkita64/bin/../lib/gcc/aarch64-none-elf/8.2.0/../../../../aarch64-none-elf/lib/pic\libg.a(lib_a-fwrite.o)
                0x0000000000012c70                fwrite
 .text.__libc_init_array
                0x0000000000012cb0       0x8c c:/devkitpro/devkita64/bin/../lib/gcc/aarch64-none-elf/8.2.0/../../../../aarch64-none-elf/lib/pic\libg.a(lib_a-init.o)
                0x0000000000012cb0                __libc_init_array
 *fill*         0x0000000000012d3c        0x4 
 .text.__locale_mb_cur_max
                0x0000000000012d40       0x2c c:/devkitpro/devkita64/bin/../lib/gcc/aarch64-none-elf/8.2.0/../../../../aarch64-none-elf/lib/pic\libg.a(lib_a-locale.o)
                0x0000000000012d40                __locale_mb_cur_max
 *fill*         0x0000000000012d6c        0x4 
 .text.__locale_ctype_ptr_l
                0x0000000000012d70        0x8 c:/devkitpro/devkita64/bin/../lib/gcc/aarch64-none-elf/8.2.0/../../../../aarch64-none-elf/lib/pic\libg.a(lib_a-locale.o)
                0x0000000000012d70                __locale_ctype_ptr_l
 .text.__locale_ctype_ptr
                0x0000000000012d78       0x2c c:/devkitpro/devkita64/bin/../lib/gcc/aarch64-none-elf/8.2.0/../../../../aarch64-none-elf/lib/pic\libg.a(lib_a-locale.o)
                0x0000000000012d78                __locale_ctype_ptr
 *fill*         0x0000000000012da4        0x4 
 .text.memalign
                0x0000000000012da8       0x30 c:/devkitpro/devkita64/bin/../lib/gcc/aarch64-none-elf/8.2.0/../../../../aarch64-none-elf/lib/pic\libg.a(lib_a-malign.o)
                0x0000000000012da8                memalign
 .text._memalign_r
                0x0000000000012dd8      0x198 c:/devkitpro/devkita64/bin/../lib/gcc/aarch64-none-elf/8.2.0/../../../../aarch64-none-elf/lib/pic\libg.a(lib_a-malignr.o)
                0x0000000000012dd8                _memalign_r
 .text.malloc   0x0000000000012f70       0x1c c:/devkitpro/devkita64/bin/../lib/gcc/aarch64-none-elf/8.2.0/../../../../aarch64-none-elf/lib/pic\libg.a(lib_a-malloc.o)
                0x0000000000012f70                malloc
 *fill*         0x0000000000012f8c        0x4 
 .text.free     0x0000000000012f90       0x1c c:/devkitpro/devkita64/bin/../lib/gcc/aarch64-none-elf/8.2.0/../../../../aarch64-none-elf/lib/pic\libg.a(lib_a-malloc.o)
                0x0000000000012f90                free
 *fill*         0x0000000000012fac        0x4 
 .text._malloc_r
                0x0000000000012fb0      0x844 c:/devkitpro/devkita64/bin/../lib/gcc/aarch64-none-elf/8.2.0/../../../../aarch64-none-elf/lib/pic\libg.a(lib_a-mallocr.o)
                0x0000000000012fb0                _malloc_r
 *fill*         0x00000000000137f4        0x4 
 .text.__utf8_mbtowc
                0x00000000000137f8      0x2c8 c:/devkitpro/devkita64/bin/../lib/gcc/aarch64-none-elf/8.2.0/../../../../aarch64-none-elf/lib/pic\libg.a(lib_a-mbtowc_r.o)
                0x00000000000137f8                __utf8_mbtowc
 .text          0x0000000000013ac0       0xd8 c:/devkitpro/devkita64/bin/../lib/gcc/aarch64-none-elf/8.2.0/../../../../aarch64-none-elf/lib/pic\libg.a(lib_a-memchr.o)
                0x0000000000013ac0                memchr
 *fill*         0x0000000000013b98       0x28 
 .text          0x0000000000013bc0      0x16c c:/devkitpro/devkita64/bin/../lib/gcc/aarch64-none-elf/8.2.0/../../../../aarch64-none-elf/lib/pic\libg.a(lib_a-memcpy.o)
                0x0000000000013bc0                memcpy
 *fill*         0x0000000000013d2c       0x14 
 .text          0x0000000000013d40      0x1d8 c:/devkitpro/devkita64/bin/../lib/gcc/aarch64-none-elf/8.2.0/../../../../aarch64-none-elf/lib/pic\libg.a(lib_a-memset.o)
                0x0000000000013d40                memset
 .text.__malloc_lock
                0x0000000000013f18        0xc c:/devkitpro/devkita64/bin/../lib/gcc/aarch64-none-elf/8.2.0/../../../../aarch64-none-elf/lib/pic\libg.a(lib_a-mlock.o)
                0x0000000000013f18                __malloc_lock
 *fill*         0x0000000000013f24        0x4 
 .text.__malloc_unlock
                0x0000000000013f28        0xc c:/devkitpro/devkita64/bin/../lib/gcc/aarch64-none-elf/8.2.0/../../../../aarch64-none-elf/lib/pic\libg.a(lib_a-mlock.o)
                0x0000000000013f28                __malloc_unlock
 *fill*         0x0000000000013f34        0x4 
 .text.printf   0x0000000000013f38       0x8c c:/devkitpro/devkita64/bin/../lib/gcc/aarch64-none-elf/8.2.0/../../../../aarch64-none-elf/lib/pic\libg.a(lib_a-printf.o)
                0x0000000000013f38                printf
 *fill*         0x0000000000013fc4        0x4 
 .text._puts_r  0x0000000000013fc8       0xd4 c:/devkitpro/devkita64/bin/../lib/gcc/aarch64-none-elf/8.2.0/../../../../aarch64-none-elf/lib/pic\libg.a(lib_a-puts.o)
                0x0000000000013fc8                _puts_r
 *fill*         0x000000000001409c        0x4 
 .text.puts     0x00000000000140a0       0x1c c:/devkitpro/devkita64/bin/../lib/gcc/aarch64-none-elf/8.2.0/../../../../aarch64-none-elf/lib/pic\libg.a(lib_a-puts.o)
                0x00000000000140a0                puts
 *fill*         0x00000000000140bc        0x4 
 .text.setenv   0x00000000000140c0       0x3c c:/devkitpro/devkita64/bin/../lib/gcc/aarch64-none-elf/8.2.0/../../../../aarch64-none-elf/lib/pic\libg.a(lib_a-setenv.o)
                0x00000000000140c0                setenv
 *fill*         0x00000000000140fc        0x4 
 .text._setenv_r
                0x0000000000014100      0x264 c:/devkitpro/devkita64/bin/../lib/gcc/aarch64-none-elf/8.2.0/../../../../aarch64-none-elf/lib/pic\libg.a(lib_a-setenv_r.o)
                0x0000000000014100                _setenv_r
 *fill*         0x0000000000014364        0x4 
 .text.setvbuf  0x0000000000014368      0x25c c:/devkitpro/devkita64/bin/../lib/gcc/aarch64-none-elf/8.2.0/../../../../aarch64-none-elf/lib/pic\libg.a(lib_a-setvbuf.o)
                0x0000000000014368                setvbuf
 *fill*         0x00000000000145c4        0x4 
 .text.sscanf   0x00000000000145c8       0xbc c:/devkitpro/devkita64/bin/../lib/gcc/aarch64-none-elf/8.2.0/../../../../aarch64-none-elf/lib/pic\libg.a(lib_a-sscanf.o)
                0x00000000000145c8                sscanf
 *fill*         0x0000000000014684        0x4 
 .text.__sread  0x0000000000014688       0x50 c:/devkitpro/devkita64/bin/../lib/gcc/aarch64-none-elf/8.2.0/../../../../aarch64-none-elf/lib/pic\libg.a(lib_a-stdio.o)
                0x0000000000014688                __sread
 .text.__seofread
                0x00000000000146d8        0x8 c:/devkitpro/devkita64/bin/../lib/gcc/aarch64-none-elf/8.2.0/../../../../aarch64-none-elf/lib/pic\libg.a(lib_a-stdio.o)
                0x00000000000146d8                __seofread
 .text.__swrite
                0x00000000000146e0       0x6c c:/devkitpro/devkita64/bin/../lib/gcc/aarch64-none-elf/8.2.0/../../../../aarch64-none-elf/lib/pic\libg.a(lib_a-stdio.o)
                0x00000000000146e0                __swrite
 *fill*         0x000000000001474c        0x4 
 .text.__sseek  0x0000000000014750       0x50 c:/devkitpro/devkita64/bin/../lib/gcc/aarch64-none-elf/8.2.0/../../../../aarch64-none-elf/lib/pic\libg.a(lib_a-stdio.o)
                0x0000000000014750                __sseek
 .text.__sclose
                0x00000000000147a0        0x8 c:/devkitpro/devkita64/bin/../lib/gcc/aarch64-none-elf/8.2.0/../../../../aarch64-none-elf/lib/pic\libg.a(lib_a-stdio.o)
                0x00000000000147a0                __sclose
 .text          0x00000000000147a8       0xdc c:/devkitpro/devkita64/bin/../lib/gcc/aarch64-none-elf/8.2.0/../../../../aarch64-none-elf/lib/pic\libg.a(lib_a-strchr.o)
                0x00000000000147a8                strchr
 *fill*         0x0000000000014884       0x3c 
 .text          0x00000000000148c0       0xa4 c:/devkitpro/devkita64/bin/../lib/gcc/aarch64-none-elf/8.2.0/../../../../aarch64-none-elf/lib/pic\libg.a(lib_a-strcmp.o)
                0x00000000000148c0                strcmp
 *fill*         0x0000000000014964       0x1c 
 .text          0x0000000000014980      0x1b8 c:/devkitpro/devkita64/bin/../lib/gcc/aarch64-none-elf/8.2.0/../../../../aarch64-none-elf/lib/pic\libg.a(lib_a-strcpy.o)
                0x0000000000014980                strcpy
 *fill*         0x0000000000014b38        0x8 
 .text          0x0000000000014b40      0x140 c:/devkitpro/devkita64/bin/../lib/gcc/aarch64-none-elf/8.2.0/../../../../aarch64-none-elf/lib/pic\libg.a(lib_a-strlen.o)
                0x0000000000014b40                strlen
 .text.strncat  0x0000000000014c80       0x84 c:/devkitpro/devkita64/bin/../lib/gcc/aarch64-none-elf/8.2.0/../../../../aarch64-none-elf/lib/pic\libg.a(lib_a-strncat.o)
                0x0000000000014c80                strncat
 *fill*         0x0000000000014d04       0x3c 
 .text          0x0000000000014d40      0x124 c:/devkitpro/devkita64/bin/../lib/gcc/aarch64-none-elf/8.2.0/../../../../aarch64-none-elf/lib/pic\libg.a(lib_a-strncmp.o)
                0x0000000000014d5c                strncmp
 *fill*         0x0000000000014e64        0x4 
 .text.strncpy  0x0000000000014e68       0xa8 c:/devkitpro/devkita64/bin/../lib/gcc/aarch64-none-elf/8.2.0/../../../../aarch64-none-elf/lib/pic\libg.a(lib_a-strncpy.o)
                0x0000000000014e68                strncpy
 *fill*         0x0000000000014f10       0x30 
 .text          0x0000000000014f40       0xe0 c:/devkitpro/devkita64/bin/../lib/gcc/aarch64-none-elf/8.2.0/../../../../aarch64-none-elf/lib/pic\libg.a(lib_a-strnlen.o)
                0x0000000000014f64                strnlen
 .text._strtol_l.isra.0
                0x0000000000015020      0x1d0 c:/devkitpro/devkita64/bin/../lib/gcc/aarch64-none-elf/8.2.0/../../../../aarch64-none-elf/lib/pic\libg.a(lib_a-strtol.o)
 .text._strtol_r
                0x00000000000151f0       0x48 c:/devkitpro/devkita64/bin/../lib/gcc/aarch64-none-elf/8.2.0/../../../../aarch64-none-elf/lib/pic\libg.a(lib_a-strtol.o)
                0x00000000000151f0                _strtol_r
 .text.strtol   0x0000000000015238       0x5c c:/devkitpro/devkita64/bin/../lib/gcc/aarch64-none-elf/8.2.0/../../../../aarch64-none-elf/lib/pic\libg.a(lib_a-strtol.o)
                0x0000000000015238                strtol
 *fill*         0x0000000000015294        0x4 
 .text._strtoul_l.isra.0
                0x0000000000015298      0x1e0 c:/devkitpro/devkita64/bin/../lib/gcc/aarch64-none-elf/8.2.0/../../../../aarch64-none-elf/lib/pic\libg.a(lib_a-strtoul.o)
 .text._strtoul_r
                0x0000000000015478       0x48 c:/devkitpro/devkita64/bin/../lib/gcc/aarch64-none-elf/8.2.0/../../../../aarch64-none-elf/lib/pic\libg.a(lib_a-strtoul.o)
                0x0000000000015478                _strtoul_r
 .text.strtoul  0x00000000000154c0       0x5c c:/devkitpro/devkita64/bin/../lib/gcc/aarch64-none-elf/8.2.0/../../../../aarch64-none-elf/lib/pic\libg.a(lib_a-strtoul.o)
                0x00000000000154c0                strtoul
 .text.get_arg  0x000000000001551c       0x5c c:/devkitpro/devkita64/bin/../lib/gcc/aarch64-none-elf/8.2.0/../../../../aarch64-none-elf/lib/pic\libg.a(lib_a-svfscanf.o)
 .text.__ssvfscanf_r
                0x0000000000015578     0x2f48 c:/devkitpro/devkita64/bin/../lib/gcc/aarch64-none-elf/8.2.0/../../../../aarch64-none-elf/lib/pic\libg.a(lib_a-svfscanf.o)
                0x0000000000015578                __ssvfscanf_r
 .text.get_arg  0x00000000000184c0      0x76c c:/devkitpro/devkita64/bin/../lib/gcc/aarch64-none-elf/8.2.0/../../../../aarch64-none-elf/lib/pic\libg.a(lib_a-vfprintf.o)
 .text._vfprintf_r
                0x0000000000018c2c     0x3bfc c:/devkitpro/devkita64/bin/../lib/gcc/aarch64-none-elf/8.2.0/../../../../aarch64-none-elf/lib/pic\libg.a(lib_a-vfprintf.o)
                0x0000000000018c2c                _vfprintf_r
 .text.__sbprintf
                0x000000000001c828       0xec c:/devkitpro/devkita64/bin/../lib/gcc/aarch64-none-elf/8.2.0/../../../../aarch64-none-elf/lib/pic\libg.a(lib_a-vfprintf.o)
 *fill*         0x000000000001c914        0x4 
 .text._wcrtomb_r
                0x000000000001c918       0xd0 c:/devkitpro/devkita64/bin/../lib/gcc/aarch64-none-elf/8.2.0/../../../../aarch64-none-elf/lib/pic\libg.a(lib_a-wcrtomb.o)
                0x000000000001c918                _wcrtomb_r
 .text._wcsrtombs_r
                0x000000000001c9e8       0x10 c:/devkitpro/devkita64/bin/../lib/gcc/aarch64-none-elf/8.2.0/../../../../aarch64-none-elf/lib/pic\libg.a(lib_a-wcsrtombs.o)
                0x000000000001c9e8                _wcsrtombs_r
 .text.__utf8_wctomb
                0x000000000001c9f8       0xe4 c:/devkitpro/devkita64/bin/../lib/gcc/aarch64-none-elf/8.2.0/../../../../aarch64-none-elf/lib/pic\libg.a(lib_a-wctomb_r.o)
                0x000000000001c9f8                __utf8_wctomb
 *fill*         0x000000000001cadc        0x4 
 .text.__swsetup_r
                0x000000000001cae0      0x140 c:/devkitpro/devkita64/bin/../lib/gcc/aarch64-none-elf/8.2.0/../../../../aarch64-none-elf/lib/pic\libg.a(lib_a-wsetup.o)
                0x000000000001cae0                __swsetup_r
 .text.__call_exitprocs
                0x000000000001cc20      0x17c c:/devkitpro/devkita64/bin/../lib/gcc/aarch64-none-elf/8.2.0/../../../../aarch64-none-elf/lib/pic\libg.a(lib_a-__call_atexit.o)
                0x000000000001cc20                __call_exitprocs
 *fill*         0x000000000001cd9c        0x4 
 .text.quorem   0x000000000001cda0      0x1a8 c:/devkitpro/devkita64/bin/../lib/gcc/aarch64-none-elf/8.2.0/../../../../aarch64-none-elf/lib/pic\libg.a(lib_a-dtoa.o)
 .text._dtoa_r  0x000000000001cf48     0x10dc c:/devkitpro/devkita64/bin/../lib/gcc/aarch64-none-elf/8.2.0/../../../../aarch64-none-elf/lib/pic\libg.a(lib_a-dtoa.o)
                0x000000000001cf48                _dtoa_r
 *fill*         0x000000000001e024        0x4 
 .text.__env_lock
                0x000000000001e028        0xc c:/devkitpro/devkita64/bin/../lib/gcc/aarch64-none-elf/8.2.0/../../../../aarch64-none-elf/lib/pic\libg.a(lib_a-envlock.o)
                0x000000000001e028                __env_lock
 *fill*         0x000000000001e034        0x4 
 .text.__env_unlock
                0x000000000001e038        0xc c:/devkitpro/devkita64/bin/../lib/gcc/aarch64-none-elf/8.2.0/../../../../aarch64-none-elf/lib/pic\libg.a(lib_a-envlock.o)
                0x000000000001e038                __env_unlock
 *fill*         0x000000000001e044        0x4 
 .text.__sflush_r
                0x000000000001e048      0x214 c:/devkitpro/devkita64/bin/../lib/gcc/aarch64-none-elf/8.2.0/../../../../aarch64-none-elf/lib/pic\libg.a(lib_a-fflush.o)
                0x000000000001e048                __sflush_r
 *fill*         0x000000000001e25c        0x4 
 .text._fflush_r
                0x000000000001e260       0xb8 c:/devkitpro/devkita64/bin/../lib/gcc/aarch64-none-elf/8.2.0/../../../../aarch64-none-elf/lib/pic\libg.a(lib_a-fflush.o)
                0x000000000001e260                _fflush_r
 .text.std      0x000000000001e318       0x78 c:/devkitpro/devkita64/bin/../lib/gcc/aarch64-none-elf/8.2.0/../../../../aarch64-none-elf/lib/pic\libg.a(lib_a-findfp.o)
 .text._cleanup_r
                0x000000000001e390        0xc c:/devkitpro/devkita64/bin/../lib/gcc/aarch64-none-elf/8.2.0/../../../../aarch64-none-elf/lib/pic\libg.a(lib_a-findfp.o)
                0x000000000001e390                _cleanup_r
 *fill*         0x000000000001e39c        0x4 
 .text.__sfp_lock_acquire
                0x000000000001e3a0        0xc c:/devkitpro/devkita64/bin/../lib/gcc/aarch64-none-elf/8.2.0/../../../../aarch64-none-elf/lib/pic\libg.a(lib_a-findfp.o)
                0x000000000001e3a0                __sfp_lock_acquire
 *fill*         0x000000000001e3ac        0x4 
 .text.__sfp_lock_release
                0x000000000001e3b0        0xc c:/devkitpro/devkita64/bin/../lib/gcc/aarch64-none-elf/8.2.0/../../../../aarch64-none-elf/lib/pic\libg.a(lib_a-findfp.o)
                0x000000000001e3b0                __sfp_lock_release
 *fill*         0x000000000001e3bc        0x4 
 .text.__sinit_lock_acquire
                0x000000000001e3c0        0xc c:/devkitpro/devkita64/bin/../lib/gcc/aarch64-none-elf/8.2.0/../../../../aarch64-none-elf/lib/pic\libg.a(lib_a-findfp.o)
                0x000000000001e3c0                __sinit_lock_acquire
 *fill*         0x000000000001e3cc        0x4 
 .text.__sinit_lock_release
                0x000000000001e3d0        0xc c:/devkitpro/devkita64/bin/../lib/gcc/aarch64-none-elf/8.2.0/../../../../aarch64-none-elf/lib/pic\libg.a(lib_a-findfp.o)
                0x000000000001e3d0                __sinit_lock_release
 *fill*         0x000000000001e3dc        0x4 
 .text.__sinit  0x000000000001e3e0       0x80 c:/devkitpro/devkita64/bin/../lib/gcc/aarch64-none-elf/8.2.0/../../../../aarch64-none-elf/lib/pic\libg.a(lib_a-findfp.o)
                0x000000000001e3e0                __sinit
 .text._malloc_trim_r
                0x000000000001e460      0x118 c:/devkitpro/devkita64/bin/../lib/gcc/aarch64-none-elf/8.2.0/../../../../aarch64-none-elf/lib/pic\libg.a(lib_a-freer.o)
                0x000000000001e460                _malloc_trim_r
 .text._free_r  0x000000000001e578      0x2f4 c:/devkitpro/devkita64/bin/../lib/gcc/aarch64-none-elf/8.2.0/../../../../aarch64-none-elf/lib/pic\libg.a(lib_a-freer.o)
                0x000000000001e578                _free_r
 *fill*         0x000000000001e86c        0x4 
 .text.__sfvwrite_r
                0x000000000001e870      0x4b8 c:/devkitpro/devkita64/bin/../lib/gcc/aarch64-none-elf/8.2.0/../../../../aarch64-none-elf/lib/pic\libg.a(lib_a-fvwrite.o)
                0x000000000001e870                __sfvwrite_r
 .text._fwalk_reent
                0x000000000001ed28       0xbc c:/devkitpro/devkita64/bin/../lib/gcc/aarch64-none-elf/8.2.0/../../../../aarch64-none-elf/lib/pic\libg.a(lib_a-fwalk.o)
                0x000000000001ed28                _fwalk_reent
 *fill*         0x000000000001ede4        0x4 
 .text._findenv_r
                0x000000000001ede8      0x100 c:/devkitpro/devkita64/bin/../lib/gcc/aarch64-none-elf/8.2.0/../../../../aarch64-none-elf/lib/pic\libg.a(lib_a-getenv_r.o)
                0x000000000001ede8                _findenv_r
 .text.iswspace
                0x000000000001eee8       0x84 c:/devkitpro/devkita64/bin/../lib/gcc/aarch64-none-elf/8.2.0/../../../../aarch64-none-elf/lib/pic\libg.a(lib_a-iswspace.o)
                0x000000000001eee8                iswspace
 *fill*         0x000000000001ef6c        0x4 
 .text.__jp2uc  0x000000000001ef70      0x244 c:/devkitpro/devkita64/bin/../lib/gcc/aarch64-none-elf/8.2.0/../../../../aarch64-none-elf/lib/pic\libg.a(lib_a-jp2uc.o)
 *fill*         0x000000000001f1b4        0x4 
 .text._jp2uc   0x000000000001f1b8       0xd0 c:/devkitpro/devkita64/bin/../lib/gcc/aarch64-none-elf/8.2.0/../../../../aarch64-none-elf/lib/pic\libg.a(lib_a-jp2uc.o)
                0x000000000001f1b8                _jp2uc
 .text.__localeconv_l
                0x000000000001f288        0x8 c:/devkitpro/devkita64/bin/../lib/gcc/aarch64-none-elf/8.2.0/../../../../aarch64-none-elf/lib/pic\libg.a(lib_a-localeconv.o)
                0x000000000001f288                __localeconv_l
 .text._localeconv_r
                0x000000000001f290       0x28 c:/devkitpro/devkita64/bin/../lib/gcc/aarch64-none-elf/8.2.0/../../../../aarch64-none-elf/lib/pic\libg.a(lib_a-localeconv.o)
                0x000000000001f290                _localeconv_r
 .text.__swhatbuf_r
                0x000000000001f2b8       0xa4 c:/devkitpro/devkita64/bin/../lib/gcc/aarch64-none-elf/8.2.0/../../../../aarch64-none-elf/lib/pic\libg.a(lib_a-makebuf.o)
                0x000000000001f2b8                __swhatbuf_r
 *fill*         0x000000000001f35c        0x4 
 .text.__smakebuf_r
                0x000000000001f360      0x10c c:/devkitpro/devkita64/bin/../lib/gcc/aarch64-none-elf/8.2.0/../../../../aarch64-none-elf/lib/pic\libg.a(lib_a-makebuf.o)
                0x000000000001f360                __smakebuf_r
 *fill*         0x000000000001f46c        0x4 
 .text._mbrtowc_r
                0x000000000001f470       0xd8 c:/devkitpro/devkita64/bin/../lib/gcc/aarch64-none-elf/8.2.0/../../../../aarch64-none-elf/lib/pic\libg.a(lib_a-mbrtowc.o)
                0x000000000001f470                _mbrtowc_r
 *fill*         0x000000000001f548       0x38 
 .text          0x000000000001f580       0xac c:/devkitpro/devkita64/bin/../lib/gcc/aarch64-none-elf/8.2.0/../../../../aarch64-none-elf/lib/pic\libg.a(lib_a-memmove.o)
                0x000000000001f580                memmove
 *fill*         0x000000000001f62c        0x4 
 .text._Balloc  0x000000000001f630       0x90 c:/devkitpro/devkita64/bin/../lib/gcc/aarch64-none-elf/8.2.0/../../../../aarch64-none-elf/lib/pic\libg.a(lib_a-mprec.o)
                0x000000000001f630                _Balloc
 .text._Bfree   0x000000000001f6c0       0x1c c:/devkitpro/devkita64/bin/../lib/gcc/aarch64-none-elf/8.2.0/../../../../aarch64-none-elf/lib/pic\libg.a(lib_a-mprec.o)
                0x000000000001f6c0                _Bfree
 *fill*         0x000000000001f6dc        0x4 
 .text.__multadd
                0x000000000001f6e0       0xe8 c:/devkitpro/devkita64/bin/../lib/gcc/aarch64-none-elf/8.2.0/../../../../aarch64-none-elf/lib/pic\libg.a(lib_a-mprec.o)
                0x000000000001f6e0                __multadd
 .text.__s2b    0x000000000001f7c8      0x120 c:/devkitpro/devkita64/bin/../lib/gcc/aarch64-none-elf/8.2.0/../../../../aarch64-none-elf/lib/pic\libg.a(lib_a-mprec.o)
                0x000000000001f7c8                __s2b
 .text.__hi0bits
                0x000000000001f8e8       0x5c c:/devkitpro/devkita64/bin/../lib/gcc/aarch64-none-elf/8.2.0/../../../../aarch64-none-elf/lib/pic\libg.a(lib_a-mprec.o)
                0x000000000001f8e8                __hi0bits
 *fill*         0x000000000001f944        0x4 
 .text.__lo0bits
                0x000000000001f948       0xa0 c:/devkitpro/devkita64/bin/../lib/gcc/aarch64-none-elf/8.2.0/../../../../aarch64-none-elf/lib/pic\libg.a(lib_a-mprec.o)
                0x000000000001f948                __lo0bits
 .text.__i2b    0x000000000001f9e8       0x2c c:/devkitpro/devkita64/bin/../lib/gcc/aarch64-none-elf/8.2.0/../../../../aarch64-none-elf/lib/pic\libg.a(lib_a-mprec.o)
                0x000000000001f9e8                __i2b
 *fill*         0x000000000001fa14        0x4 
 .text.__multiply
                0x000000000001fa18      0x1c8 c:/devkitpro/devkita64/bin/../lib/gcc/aarch64-none-elf/8.2.0/../../../../aarch64-none-elf/lib/pic\libg.a(lib_a-mprec.o)
                0x000000000001fa18                __multiply
 .text.__pow5mult
                0x000000000001fbe0      0x104 c:/devkitpro/devkita64/bin/../lib/gcc/aarch64-none-elf/8.2.0/../../../../aarch64-none-elf/lib/pic\libg.a(lib_a-mprec.o)
                0x000000000001fbe0                __pow5mult
 *fill*         0x000000000001fce4        0x4 
 .text.__lshift
                0x000000000001fce8      0x134 c:/devkitpro/devkita64/bin/../lib/gcc/aarch64-none-elf/8.2.0/../../../../aarch64-none-elf/lib/pic\libg.a(lib_a-mprec.o)
                0x000000000001fce8                __lshift
 *fill*         0x000000000001fe1c        0x4 
 .text.__mcmp   0x000000000001fe20       0x50 c:/devkitpro/devkita64/bin/../lib/gcc/aarch64-none-elf/8.2.0/../../../../aarch64-none-elf/lib/pic\libg.a(lib_a-mprec.o)
                0x000000000001fe20                __mcmp
 .text.__mdiff  0x000000000001fe70      0x14c c:/devkitpro/devkita64/bin/../lib/gcc/aarch64-none-elf/8.2.0/../../../../aarch64-none-elf/lib/pic\libg.a(lib_a-mprec.o)
                0x000000000001fe70                __mdiff
 *fill*         0x000000000001ffbc        0x4 
 .text.__ulp    0x000000000001ffc0       0x68 c:/devkitpro/devkita64/bin/../lib/gcc/aarch64-none-elf/8.2.0/../../../../aarch64-none-elf/lib/pic\libg.a(lib_a-mprec.o)
                0x000000000001ffc0                __ulp
 .text.__b2d    0x0000000000020028      0x150 c:/devkitpro/devkita64/bin/../lib/gcc/aarch64-none-elf/8.2.0/../../../../aarch64-none-elf/lib/pic\libg.a(lib_a-mprec.o)
                0x0000000000020028                __b2d
 .text.__d2b    0x0000000000020178      0x138 c:/devkitpro/devkita64/bin/../lib/gcc/aarch64-none-elf/8.2.0/../../../../aarch64-none-elf/lib/pic\libg.a(lib_a-mprec.o)
                0x0000000000020178                __d2b
 .text.__ratio  0x00000000000202b0       0xa0 c:/devkitpro/devkita64/bin/../lib/gcc/aarch64-none-elf/8.2.0/../../../../aarch64-none-elf/lib/pic\libg.a(lib_a-mprec.o)
                0x00000000000202b0                __ratio
 .text.__copybits
                0x0000000000020350       0x68 c:/devkitpro/devkita64/bin/../lib/gcc/aarch64-none-elf/8.2.0/../../../../aarch64-none-elf/lib/pic\libg.a(lib_a-mprec.o)
                0x0000000000020350                __copybits
 .text.__any_on
                0x00000000000203b8       0x84 c:/devkitpro/devkita64/bin/../lib/gcc/aarch64-none-elf/8.2.0/../../../../aarch64-none-elf/lib/pic\libg.a(lib_a-mprec.o)
                0x00000000000203b8                __any_on
 *fill*         0x000000000002043c        0x4 
 .text.realloc  0x0000000000020440       0x30 c:/devkitpro/devkita64/bin/../lib/gcc/aarch64-none-elf/8.2.0/../../../../aarch64-none-elf/lib/pic\libg.a(lib_a-realloc.o)
                0x0000000000020440                realloc
 .text._realloc_r
                0x0000000000020470      0x56c c:/devkitpro/devkita64/bin/../lib/gcc/aarch64-none-elf/8.2.0/../../../../aarch64-none-elf/lib/pic\libg.a(lib_a-reallocr.o)
                0x0000000000020470                _realloc_r
 *fill*         0x00000000000209dc        0x4 
 .text.__sccl   0x00000000000209e0       0xbc c:/devkitpro/devkita64/bin/../lib/gcc/aarch64-none-elf/8.2.0/../../../../aarch64-none-elf/lib/pic\libg.a(lib_a-sccl.o)
                0x00000000000209e0                __sccl
 *fill*         0x0000000000020a9c        0x4 
 .text.nanf     0x0000000000020aa0        0xc c:/devkitpro/devkita64/bin/../lib/gcc/aarch64-none-elf/8.2.0/../../../../aarch64-none-elf/lib/pic\libg.a(lib_a-sf_nan.o)
                0x0000000000020aa0                nanf
 *fill*         0x0000000000020aac        0x4 
 .text.frexp    0x0000000000020ab0       0x7c c:/devkitpro/devkita64/bin/../lib/gcc/aarch64-none-elf/8.2.0/../../../../aarch64-none-elf/lib/pic\libg.a(lib_a-s_frexp.o)
                0x0000000000020ab0                frexp
 *fill*         0x0000000000020b2c        0x4 